11-23 01:53:39.605 10258 10258 D CrashReport-Native: Parsing line: 796c5fc000-796c60b000 r--p 008ba000 b3:0d 1747                           /system/framework/arm64/boot-framework.art
11-23 01:53:39.605 10258 10258 D CrashReport-Native: Parsing line: 796c60b000-796c62b000 r--s 00000000 00:10 5070                           /dev/__properties__/u:object_r:vold_prop:s0
11-23 01:53:39.605 10258 10258 D CrashReport-Native: Parsing line: 796c62b000-796c64b000 r--s 00000000 00:10 4902                           /dev/__properties__/u:object_r:config_prop:s0
11-23 01:53:39.605 10258 10258 D CrashReport-Native: Parsing line: 796c64b000-796c66b000 r--s 00000000 00:10 4933                           /dev/__properties__/u:object_r:dalvik_prop:s0
11-23 01:53:39.605 10258 10258 D CrashReport-Native: Parsing line: 796c66b000-796c68b000 r--s 00000000 00:10 4943                           /dev/__properties__/u:object_r:device_config_runtime_native_boot_prop:s0
11-23 01:53:39.605 10258 10258 D CrashReport-Native: Parsing line: 796c68b000-796c6ab000 r--s 00000000 00:10 4963                           /dev/__properties__/u:object_r:heapprofd_prop:s0
11-23 01:53:39.605 10258 10258 D CrashReport-Native: Parsing line: 796c6ab000-796c6cb000 r--s 00000000 00:10 4936                           /dev/__properties__/u:object_r:default_prop:s0
11-23 01:53:39.605 10258 10258 D CrashReport-Native: Parsing line: 796c6cb000-796c6eb000 r--s 00000000 00:10 4934                           /dev/__properties__/u:object_r:debug_prop:s0
11-23 01:53:39.605 10258 10258 D CrashReport-Native: Parsing line: 796c6eb000-796c70b000 r--s 00000000 00:10 5076                           /dev/__properties__/properties_serial
11-23 01:53:39.605 10258 10258 D CrashReport-Native: Parsing line: 796c70b000-796c713000 r--s 00000000 00:10 4887                           /dev/__properties__/property_info
11-23 01:53:39.605 10258 10258 D CrashReport-Native: Parsing line: 796c713000-796c913000 rw-p 00000000 00:00 0                              [anon:libc_malloc]
11-23 01:53:39.606 10258 10258 D CrashReport-Native: Parsing line: 796c913000-796c915000 rw-p 00000000 00:00 0                              [anon:dalvik-concurrent copying sweep array free buffer]
11-23 01:53:39.606 10258 10258 D CrashReport-Native: Parsing line: 796c915000-796c919000 rw-p 00000000 00:00 0                              [anon:dalvik-thread local mark stack]
11-23 01:53:39.606 10258 10258 D CrashReport-Native: Parsing line: 796c919000-796c91a000 r--p 00008000 b3:0d 1729                           /system/framework/arm64/boot-WfdCommon.art
11-23 01:53:39.606 10258 10258 D CrashReport-Native: Parsing line: 796c91a000-796c91b000 r--p 00004000 b3:0d 1759                           /system/framework/arm64/boot-telephony-ext.art
11-23 01:53:39.606 10258 10258 D CrashReport-Native: Parsing line: 796c91b000-796c91c000 r--p 00003000 b3:0d 1732                           /system/framework/arm64/boot-android.test.base.art
11-23 01:53:39.606 10258 10258 D CrashReport-Native: Parsing line: 796c91c000-796c91d000 r--p 00013000 b3:0d 1750                           /system/framework/arm64/boot-ims-common.art
11-23 01:53:39.606 10258 10258 D CrashReport-Native: Parsing line: 796c91d000-796c91e000 r--p 0000e000 b3:0d 1762                           /system/framework/arm64/boot-voip-common.art
11-23 01:53:39.606 10258 10258 D CrashReport-Native: Parsing line: 796c91e000-796c920000 r--p 000f6000 b3:0d 1756                           /system/framework/arm64/boot-telephony-common.art
11-23 01:53:39.606 10258 10258 D CrashReport-Native: Parsing line: 796c920000-796c921000 r--p 00034000 b3:0d 1744                           /system/framework/arm64/boot-ext.art
11-23 01:53:39.606 10258 10258 D CrashReport-Native: Parsing line: 796c921000-796c922000 r--p 00010000 b3:0d 1735                           /system/framework/arm64/boot-apache-xml.art
11-23 01:53:39.606 10258 10258 D CrashReport-Native: Parsing line: 796c922000-796c923000 r--p 00041000 b3:0d 1738                           /system/framework/arm64/boot-bouncycastle.art
11-23 01:53:39.606 10258 10258 D CrashReport-Native: Parsing line: 796c923000-796c924000 r--p 00036000 b3:0d 1753                           /system/framework/arm64/boot-okhttp.art
11-23 01:53:39.606 10258 10258 D CrashReport-Native: Parsing line: 796c924000-796c926000 r--p 000f0000 b3:0d 1741                           /system/framework/arm64/boot-core-libart.art
11-23 01:53:39.606 10258 10258 D CrashReport-Native: Parsing line: 796c926000-796c92b000 r--p 0027d000 b3:0d 1765                           /system/framework/arm64/boot.art
11-23 01:53:39.606 10258 10258 D CrashReport-Native: Parsing line: 796c92b000-796c92c000 r--p 00000000 00:00 0                              [anon:atexit handlers]
11-23 01:53:39.606 10258 10258 D CrashReport-Native: Parsing line: 796c92c000-796c92d000 rw-p 00000000 00:00 0                              [anon:bionic_alloc_small_objects]
11-23 01:53:39.606 10258 10258 D CrashReport-Native: Parsing line: 796c92d000-796c92f000 rw-p 00000000 00:00 0                              [anon:dalvik-indirect ref table]
11-23 01:53:39.606 10258 10258 D CrashReport-Native: Parsing line: 796c934000-796c954000 r--s 00000000 00:10 4971                           /dev/__properties__/u:object_r:log_tag_prop:s0
11-23 01:53:39.606 10258 10258 D CrashReport-Native: Parsing line: 796c954000-796c974000 r--s 00000000 00:10 4972                           /dev/__properties__/u:object_r:logd_prop:s0
11-23 01:53:39.606 10258 10258 D CrashReport-Native: Parsing line: 796c974000-796c977000 r--p 00000000 00:00 0                              [anon:atexit handlers]
11-23 01:53:39.606 10258 10258 D CrashReport-Native: Parsing line: 796c977000-796ca3f000 r--p 00000000 00:00 0                              [anon:linker_alloc]
11-23 01:53:39.606 10258 10258 D CrashReport-Native: Parsing line: 796ca3f000-796ca43000 rw-p 00000000 00:00 0                              [anon:bionic_alloc_small_objects]
11-23 01:53:39.606 10258 10258 D CrashReport-Native: Parsing line: 796ca43000-796ca44000 r--p 00000000 00:00 0                              [anon:atexit handlers]
11-23 01:53:39.606 10258 10258 D CrashReport-Native: Parsing line: 796ca44000-796ca47000 rw-p 00000000 00:00 0                              [anon:bionic_alloc_small_objects]
11-23 01:53:39.606 10258 10258 D CrashReport-Native: Parsing line: 796ca4c000-796ca53000 rw-p 00000000 00:00 0                              [anon:bionic_alloc_small_objects]
11-23 01:53:39.606 10258 10258 D CrashReport-Native: Parsing line: 796ca53000-796ca73000 r--s 00000000 00:10 4936                           /dev/__properties__/u:object_r:default_prop:s0
11-23 01:53:39.606 10258 10258 D CrashReport-Native: Parsing line: 796ca73000-796ca74000 rw-p 00000000 00:00 0                              [anon:bionic_alloc_small_objects]
11-23 01:53:39.606 10258 10258 D CrashReport-Native: Parsing line: 796ca74000-796cad8000 r--p 00000000 00:00 0                              [anon:linker_alloc]
11-23 01:53:39.606 10258 10258 D CrashReport-Native: Parsing line: 796cad8000-796cad9000 rw-p 00000000 00:00 0                              [anon:bionic_alloc_small_objects]
11-23 01:53:39.606 10258 10258 D CrashReport-Native: Parsing line: 796cad9000-796caf9000 r--s 00000000 00:10 4934                           /dev/__properties__/u:object_r:debug_prop:s0
11-23 01:53:39.606 10258 10258 D CrashReport-Native: Parsing line: 796cafc000-796cb1c000 r--s 00000000 00:10 5076                           /dev/__properties__/properties_serial
11-23 01:53:39.606 10258 10258 D CrashReport-Native: Parsing line: 796cb1c000-796cb1e000 rw-p 00000000 00:00 0                              [anon:System property context nodes]
11-23 01:53:39.606 10258 10258 D CrashReport-Native: Parsing line: 796cb1e000-796cb26000 r--s 00000000 00:10 4887                           /dev/__properties__/property_info
11-23 01:53:39.606 10258 10258 D CrashReport-Native: Parsing line: 796cb26000-796cb8a000 r--p 00000000 00:00 0                              [anon:linker_alloc]
11-23 01:53:39.606 10258 10258 D CrashReport-Native: Parsing line: 796cb8a000-796cb8c000 rw-p 00000000 00:00 0                              [anon:bionic_alloc_small_objects]
11-23 01:53:39.606 10258 10258 D CrashReport-Native: Parsing line: 796cb8c000-796cb8d000 r--p 00000000 00:00 0                              [anon:atexit handlers]
11-23 01:53:39.606 10258 10258 D CrashReport-Native: Parsing line: 796db8e000-796db96000 rw-p 00000000 00:00 0                              [anon:thread signal stack]
11-23 01:53:39.606 10258 10258 D CrashReport-Native: Parsing line: 796db96000-796db97000 rw-p 00000000 00:00 0                              [anon:arc4random data]
11-23 01:53:39.606 10258 10258 D CrashReport-Native: Parsing line: 796db97000-796db99000 rw-p 00000000 00:00 0                              [anon:System property context nodes]
11-23 01:53:39.606 10258 10258 D CrashReport-Native: Parsing line: 796db99000-796db9a000 rw-p 00000000 00:00 0                              [anon:arc4random data]
11-23 01:53:39.606 10258 10258 D CrashReport-Native: Parsing line: 796db9a000-796db9b000 r--p 00000000 00:00 0                              [vvar]
11-23 01:53:39.606 10258 10258 D CrashReport-Native: Parsing line: 796db9b000-796db9c000 r-xp 00000000 00:00 0                              [vdso]
11-23 01:53:39.606 10258 10258 D CrashReport-Native: Parsing line: 796db9c000-796dbd4000 r--p 00000000 b3:0d 237                            /apex/com.android.runtime/bin/linker64
11-23 01:53:39.606 10258 10258 I CrashReport-Native: Opened system log record file: /data/user/0/com.vmos.web/app_bugly/sys_log_1637607219606.txt
11-23 01:53:39.606 10258 10258 I CrashReport-Native: Opened JNI log record file: /data/user/0/com.vmos.web/app_bugly/jni_log_1637607219606.txt
11-23 01:53:39.606 10258 10258 I CrashReport-Native: NativeBuglyVersion:3.7.1
11-23 01:53:39.606 10258 10258 I CrashReport: [Native] Native Crash Report enable.
11-23 01:53:39.606 10258 10258 D CrashReport: [Native] Check extra jni for Bugly NDK v3.7.1
11-23 01:53:39.606 10258 10258 I CrashReport: [Native] Info setting jni can be accessed.
11-23 01:53:39.607 10258 10258 I CrashReport: [Native] Extra jni can be accessed.
11-23 01:53:39.607 10258 10258 I CrashReport: comInfo.sdkVersion 3.1.9-3.7.1
11-23 01:53:39.607 10258 10258 I CrashReport-Native: Set native info: app version(1.0.63)
11-23 01:53:39.607 10258 10258 I CrashReport-Native: Set native info: app package(com.vmos.web)
11-23 01:53:39.607 10258 10258 I CrashReport-Native: Set native info: user ID(unknown)
11-23 01:53:39.607 10258 10258 I CrashReport-Native: Set native info: isAppForeground(true)
11-23 01:53:39.608 10258 10258 D CrashReport: [AsyncTaskHandler] Post a delay(time: 0ms) task: com.tencent.bugly.crashreport.common.strategy.a$1
11-23 01:53:39.608 10258 10258 I CrashReportInfo: [init] Bugly initialization finished.
11-23 01:53:39.608 10258 10258 W Settings: Setting android_id has moved from android.provider.Settings.System to android.provider.Settings.Secure, returning read-only value.
11-23 01:53:39.610 10258 10258 I CrashReportInfo: [user] set userId : 696fb3ee4a0ab854
11-23 01:53:39.610 10258 10258 I CrashReport-Native: Set native info: user ID(696fb3ee4a0ab854)
11-23 01:53:39.610 10258 10258 D CrashReport: [AsyncTaskHandler] Post a delay(time: 0ms) task: com.tencent.bugly.crashreport.biz.a$a
11-23 01:53:39.610 10258 10258 I CrashReport-Native: Set native info: app channel(obb)
11-23 01:53:39.610 10258 10258 E 广播监听: registerHomeKeyReceiver
11-23 01:53:39.610 10258 10300 D CrashReport: [Util] Successfully locked file: native_record_lock (pid=10258 | tid=10300)
11-23 01:53:39.610 10258 10299 D CrashReport: [Util] Successfully locked file: local_crash_lock (pid=10258 | tid=10299)
11-23 01:53:39.611 10258 10300 D CrashReport: [Native] Number of record files overdue: 0, has deleted: 0
11-23 01:53:39.611 10258 10300 D CrashReport: [Util] Try to unlock file: native_record_lock (pid=10258 | tid=10300)
11-23 01:53:39.611 10258 10300 D CrashReport: [Util] Successfully unlocked file: native_record_lock (pid=10258 | tid=10300)
11-23 01:53:39.611 10258 10302 D CrashReport: [UserInfo] Record user info.
11-23 01:53:39.615 10258 10299 D CrashReport: Size of crash list loaded from DB: 0
11-23 01:53:39.615 10258 10299 D CrashReport: [Util] Try to unlock file: local_crash_lock (pid=10258 | tid=10299)
11-23 01:53:39.615 10258 10299 D CrashReport: [Util] Successfully unlocked file: local_crash_lock (pid=10258 | tid=10299)
11-23 01:53:39.615 10258 10299 D CrashReport: [UserInfo] Record user info.
11-23 01:53:39.616 10258 10258 E s_filter: ReceiverActionFilter  concurrentHashMap:0
11-23 01:53:39.620 10258 10258 E SocketServerManager: getInstance 2  SocketService:47417850
11-23 01:53:39.620 10258 10258 E SocketServerManager: SocketServerManager init
11-23 01:53:39.628 10258 10302 D CrashReport: [Database] insert t_ui success.
11-23 01:53:39.628 10258 10302 D CrashReport: [Database] insert t_ui success with ID: 34
11-23 01:53:39.630 10258 10300 D CrashReport: [Strategy] Notify com.tencent.bugly.crashreport.biz.b
11-23 01:53:39.630 10258 10300 D CrashReport: [AsyncTaskHandler] Post a normal task: com.tencent.bugly.crashreport.biz.a$2
11-23 01:53:39.630 10258 10300 D CrashReport: [Strategy] Notify com.tencent.bugly.CrashModule
11-23 01:53:39.631 10258 10299 I CrashReport: [UserInfo] There are too many user info in local: 21
11-23 01:53:39.636 10258 10258 I AppCompatDelegate: The Activity's LayoutInflater already has a Factory installed so we can not install AppCompat's
11-23 01:53:39.640 10258 10258 I BaseActivityLifecycle: onActivityCreated: com.vmos.activity.NewSurActivity@2655e52
11-23 01:53:39.640 10258 10258 D CrashReport: >>> com.vmos.activity.NewSurActivity onCreated <<<
11-23 01:53:39.643 10258 10258 E preferencesSaveCall: saveParam: startNums
11-23 01:53:39.647 10258 10300 D CrashReport: [Database] deleted t_ui data 1
11-23 01:53:39.647 10258 10300 D CrashReport: [UserInfo] Upload user info(size: 21)
11-23 01:53:39.648 10258 10300 D CrashReport: summary type 3 vm:8
11-23 01:53:39.648 10258 10300 D CrashReport: summary type 1 vm:8
11-23 01:53:39.648 10258 10300 D CrashReport: summary type 4 vm:8
11-23 01:53:39.648 10258 10300 D CrashReport: summary type 3 vm:8
11-23 01:53:39.648 10258 10300 D CrashReport: summary type 3 vm:8
11-23 01:53:39.648 10258 10300 D CrashReport: summary type 1 vm:8
11-23 01:53:39.648 10258 10300 D CrashReport: summary type 4 vm:8
11-23 01:53:39.648 10258 10300 D CrashReport: summary type 1 vm:8
11-23 01:53:39.648 10258 10300 I chatty  : uid=10186(com.vmos.web) BuglyThread-2 identical 12 lines
11-23 01:53:39.648 10258 10300 D CrashReport: summary type 1 vm:8
11-23 01:53:39.664 10258 10258 V DefaultPresenter$RxjavaDisposableManager: addSubscribe: curActivityName NewSurActivity
11-23 01:53:39.665 10258 10258 W Settings: Setting android_id has moved from android.provider.Settings.System to android.provider.Settings.Secure, returning read-only value.
11-23 01:53:39.666 10258 10258 V DefaultPresenter$RxjavaDisposableManager: addSubscribe: curActivityName NewSurActivity
11-23 01:53:39.669 10258 10315 W Settings: Setting android_id has moved from android.provider.Settings.System to android.provider.Settings.Secure, returning read-only value.
11-23 01:53:39.669 10258 10316 W Settings: Setting android_id has moved from android.provider.Settings.System to android.provider.Settings.Secure, returning read-only value.
11-23 01:53:39.670 10258 10316 D channelName: channelName:obb
11-23 01:53:39.670 10258 10315 D channelName: channelName:obb
11-23 01:53:39.670 10258 10316 E VersionHelper: getRomVersion 
11-23 01:53:39.670 10258 10315 E VersionHelper: getRomVersion 
11-23 01:53:39.671 10258 10315 E language:: language:in
11-23 01:53:39.671 10258 10316 E language:: language:in
11-23 01:53:39.671 10258 10315 E language:: country:ID
11-23 01:53:39.671 10258 10316 E language:: country:ID
11-23 01:53:39.672 10258 10315 W Settings: Setting android_id has moved from android.provider.Settings.System to android.provider.Settings.Secure, returning read-only value.
11-23 01:53:39.672 10258 10316 W Settings: Setting android_id has moved from android.provider.Settings.System to android.provider.Settings.Secure, returning read-only value.
11-23 01:53:39.703 10258 10258 E preferencesSaveCall: saveParam: getRealHeight
11-23 01:53:39.704 10258 10258 E preferencesSaveCall: saveParam: getNavigationBarHeight/2
11-23 01:53:39.717 10258 10258 D CrashReport: >>> com.vmos.activity.NewSurActivity onResumed <<<
11-23 01:53:39.717 10258 10258 I CrashReport-Native: Set native info: isAppForeground(true)
11-23 01:53:39.717 10258 10258 I CrashReport: [session] launch app one times (app in background 1637607219 seconds and over 30 seconds)
11-23 01:53:39.717 10258 10258 D CrashReport: [AsyncTaskHandler] Post a delay(time: 0ms) task: com.tencent.bugly.crashreport.biz.a$a
11-23 01:53:39.717 10258 10302 D CrashReport: [UserInfo] Record user info.
11-23 01:53:39.718 10258 10258 I CrashReport: add a timer to upload hot start user info
11-23 01:53:39.718 10258 10258 D CrashReport: [AsyncTaskHandler] Post a delay(time: 300000ms) task: com.tencent.bugly.crashreport.biz.a$a
11-23 01:53:39.719 10258 10302 I CrashReport: [UserInfo] There are too many user info in local: 20
11-23 01:53:39.726 10258 10290 I FA      : Tag Manager is not found and thus will not be used
11-23 01:53:39.733 10258 10300 D CrashReport: [z] Successfully get 'getprop' list.
11-23 01:53:39.739 10258 10300 D CrashReport: [z] System properties number: 789.
11-23 01:53:39.739 10258 10300 D CrashReport: [b] ABI list: arm64-v8a,armeabi-v7a,armeabi
11-23 01:53:39.749 10258 10300 I CrashReport: ROM ID: google/coral/coral:10/QQ2A.200501.001.B2/6352890:user/release-keys/fail
11-23 01:53:39.751 10258 10307 I AdrenoGLES-0: QUALCOMM build                   : 18049cd, Ie201753318
11-23 01:53:39.751 10258 10307 I AdrenoGLES-0: Build Date                       : 02/27/20
11-23 01:53:39.751 10258 10307 I AdrenoGLES-0: OpenGL ES Shader Compiler Version: EV031.29.02.01
11-23 01:53:39.751 10258 10307 I AdrenoGLES-0: Local Branch                     : gfx-adreno.lnx.1.0
11-23 01:53:39.751 10258 10307 I AdrenoGLES-0: Remote Branch                    : quic/gfx-adreno.lnx.1.0
11-23 01:53:39.751 10258 10307 I AdrenoGLES-0: Remote Branch                    : NONE
11-23 01:53:39.751 10258 10307 I AdrenoGLES-0: Reconstruct Branch               : NOTHING
11-23 01:53:39.751 10258 10307 I AdrenoGLES-0: Build Config                     : S L 8.0.12 AArch64
11-23 01:53:39.751 10258 10307 I AdrenoGLES-0: Driver Path                      : /vendor/lib64/egl/libGLESv2_adreno.so
11-23 01:53:39.755 10258 10307 I AdrenoGLES-0: PFP: 0x005ff112, ME: 0x005ff066
11-23 01:53:39.776 10258 10307 W Gralloc3: mapper 3.x is not supported
11-23 01:53:39.789 10258 10300 I CrashReport: SIM serial number: 89620140006740891038
11-23 01:53:39.789 10258 10300 I CrashReport: Hardware serial number: unknown
11-23 01:53:39.801 10258 10300 I CrashReport: Is it a virtual machine? false
11-23 01:53:39.814 10258 10300 I CrashReport: Does it has hook frame? false
11-23 01:53:39.829 10258 10300 I CrashReport: [AppInfo] Beacon channel file path: channel.ini
11-23 01:53:39.829 10258 10300 W CrashReport: [AppInfo] Failed to get get beacon channel
11-23 01:53:39.830 10258 10300 I CrashReport: Beacon channel 
11-23 01:53:39.832 10258 10300 D CrashReport: [UploadManager] Add upload task (pid=10258 | tid=10300)
11-23 01:53:39.832 10258 10300 D CrashReport: [UploadManager] Initialize security context now (pid=10258 | tid=10300)
11-23 01:53:39.832 10258 10300 D CrashReport: [UploadManager] Add upload task to queue (pid=10258 | tid=10300)
11-23 01:53:39.832 10258 10300 I CrashReport: [UploadManager] Create and start a new thread to execute a task of initializing security context: BUGLY_ASYNC_UPLOAD
11-23 01:53:39.833 10258 10332 D CrashReport: [Util] Try to lock file:security_info (pid=10258 | tid=10332)
11-23 01:53:39.833 10258 10332 D CrashReport: [Util] Successfully locked file: security_info (pid=10258 | tid=10332)
11-23 01:53:39.833 10258 10332 D CrashReport: [UploadManager] Load security info from database (pid=10258 | tid=10332)
11-23 01:53:39.834 10258 10332 D CrashReport: [UploadManager] Execute one upload task for requesting session ID (pid=10258 | tid=10332)
11-23 01:53:39.835 10258 10332 D CrashReport: [UploadManager] Try to poll all upload task need and put them into temp queue (pid=10258 | tid=10332)
11-23 01:53:39.835 10258 10332 D CrashReport: [UploadManager] Execute urgent upload tasks of queue which has 1 tasks (pid=10258 | tid=10332)
11-23 01:53:39.835 10258 10332 I CrashReport: [UploadManager] Create and start a new thread to execute a upload task: BUGLY_ASYNC_UPLOAD
11-23 01:53:39.835 10258 10332 D CrashReport: [AsyncTaskHandler] Post a normal task: com.tencent.bugly.proguard.u$2
11-23 01:53:39.837 10258 10333 D CrashReport: [Upload] Run upload task with cmd: 840
11-23 01:53:39.837 10258 10333 D CrashReport: [UploadManager] Integrate security to HTTP headers (pid=10258 | tid=10333)
11-23 01:53:39.839 10258 10333 D CrashReport: [Util] Zip 5965 bytes data with type Gzip
11-23 01:53:39.862 10258 10333 D CrashReport: [Database] deleted t_lr data 1
11-23 01:53:39.873 10258 10333 D CrashReport: [Database] insert t_lr success.
11-23 01:53:39.873 10258 10333 D CrashReport: [UploadManager] Uploading(ID:1001) time: 2021-11-23 01:53:39
11-23 01:53:39.873 10258 10333 D CrashReport: [Upload] Send 1859 bytes
11-23 01:53:39.873 10258 10333 D CrashReport: [Upload] Upload to http://android.bugly.qq.com/rqd/async?aid=9cf40db7-b8a2-4c59-b255-72e0e71a1b00 with cmd 840 (pid=10258 | tid=10333).
11-23 01:53:39.874 10258 10333 D CrashReport: request: http://android.bugly.qq.com/rqd/async?aid=9cf40db7-b8a2-4c59-b255-72e0e71a1b00, send: 1859 (pid=10258 | tid=10333)
11-23 01:53:40.028 10258 10258 E preferencesSaveCall: saveParam: PermissionAdModel
11-23 01:53:40.056 10258 10258 D CrashReport: >>> com.vmos.activity.NewSurActivity onPaused <<<
11-23 01:53:40.056 10258 10258 I CrashReport-Native: Set native info: isAppForeground(false)
11-23 01:53:40.068 10258 10258 W ActivityThread: handleWindowVisibility: no activity for token android.os.BinderProxy@ed14eef
11-23 01:53:40.088 10258 10258 I AppCompatDelegate: The Activity's LayoutInflater already has a Factory installed so we can not install AppCompat's
11-23 01:53:40.088 10258 10258 I BaseActivityLifecycle: onActivityCreated: com.vmos.glb.LauncherActivity@fec1c01
11-23 01:53:40.089 10258 10258 D CrashReport: >>> com.vmos.glb.LauncherActivity onCreated <<<
11-23 01:53:40.094 10258 10258 V DefaultPresenter$RxjavaDisposableManager: addSubscribe: curActivityName LauncherActivity
11-23 01:53:40.095 10258 10258 W Settings: Setting android_id has moved from android.provider.Settings.System to android.provider.Settings.Secure, returning read-only value.
11-23 01:53:40.095 10258 10258 I chatty  : uid=10186(com.vmos.web) identical 1 line
11-23 01:53:40.095 10258 10258 W Settings: Setting android_id has moved from android.provider.Settings.System to android.provider.Settings.Secure, returning read-only value.
11-23 01:53:40.101 10258 10343 W Settings: Setting android_id has moved from android.provider.Settings.System to android.provider.Settings.Secure, returning read-only value.
11-23 01:53:40.101 10258 10343 E VersionHelper: getRomVersion 
11-23 01:53:40.102 10258 10343 E language:: language:in
11-23 01:53:40.102 10258 10343 E language:: country:ID
11-23 01:53:40.102 10258 10343 W Settings: Setting android_id has moved from android.provider.Settings.System to android.provider.Settings.Secure, returning read-only value.
11-23 01:53:40.272 10258 10333 W CrashReport: java.net.ConnectException: Failed to connect to android.bugly.qq.com/0.0.0.0:80
11-23 01:53:40.272 10258 10333 W CrashReport: 	at com.android.okhttp.internal.io.RealConnection.connectSocket(RealConnection.java:147)
11-23 01:53:40.272 10258 10333 W CrashReport: 	at com.android.okhttp.internal.io.RealConnection.connect(RealConnection.java:116)
11-23 01:53:40.272 10258 10333 W CrashReport: 	at com.android.okhttp.internal.http.StreamAllocation.findConnection(StreamAllocation.java:186)
11-23 01:53:40.272 10258 10333 W CrashReport: 	at com.android.okhttp.internal.http.StreamAllocation.findHealthyConnection(StreamAllocation.java:128)
11-23 01:53:40.272 10258 10333 W CrashReport: 	at com.android.okhttp.internal.http.StreamAllocation.newStream(StreamAllocation.java:97)
11-23 01:53:40.272 10258 10333 W CrashReport: 	at com.android.okhttp.internal.http.HttpEngine.connect(HttpEngine.java:289)
11-23 01:53:40.272 10258 10333 W CrashReport: 	at com.android.okhttp.internal.http.HttpEngine.sendRequest(HttpEngine.java:232)
11-23 01:53:40.272 10258 10333 W CrashReport: 	at com.android.okhttp.internal.huc.HttpURLConnectionImpl.execute(HttpURLConnectionImpl.java:465)
11-23 01:53:40.272 10258 10333 W CrashReport: 	at com.android.okhttp.internal.huc.HttpURLConnectionImpl.connect(HttpURLConnectionImpl.java:131)
11-23 01:53:40.272 10258 10333 W CrashReport: 	at com.android.okhttp.internal.huc.HttpURLConnectionImpl.getOutputStream(HttpURLConnectionImpl.java:262)
11-23 01:53:40.272 10258 10333 W CrashReport: 	at com.tencent.bugly.proguard.s.a(BUGLY:268)
11-23 01:53:40.272 10258 10333 W CrashReport: 	at com.tencent.bugly.proguard.s.a(BUGLY:115)
11-23 01:53:40.272 10258 10333 W CrashReport: 	at com.tencent.bugly.proguard.v.run(BUGLY:346)
11-23 01:53:40.272 10258 10333 W CrashReport: 	at com.tencent.bugly.proguard.u$1.run(BUGLY:724)
11-23 01:53:40.272 10258 10333 W CrashReport: 	at java.lang.Thread.run(Thread.java:919)
11-23 01:53:40.272 10258 10333 E CrashReport: Failed to upload, please check your network.
11-23 01:53:40.272 10258 10333 D CrashReport: Failed to execute post.
11-23 01:53:40.272 10258 10333 E CrashReport: [Upload] Failed to upload(1): Failed to upload for no response!
11-23 01:53:40.272 10258 10333 W CrashReport: [Upload] Failed to upload last time, wait and try(2) again.
11-23 01:53:40.902 10258 10258 W com.vmos.web: resources.arsc in APK '/data/app/com.facebook.katana-0OtmFGpnmHh0NqwZAimpVw==/base.apk' is compressed.
11-23 01:53:40.988 10258 10258 W com.vmos.web: resources.arsc in APK '/data/app/com.facebook.orca-n-xLE4DpY8yAIImHalJgAQ==/base.apk' is compressed.
11-23 01:53:41.069 10258 10258 W com.vmos.web: resources.arsc in APK '/data/app/com.nexstreaming.app.kinemasterfree-StCQ4bbWLcoTnyZnfI-t5g==/base.apk' is compressed.
11-23 01:53:41.306 10258 10258 V DefaultPresenter$RxjavaDisposableManager: addSubscribe: curActivityName LauncherActivity
11-23 01:53:41.308 10258 10258 E readInputListenr: startInputListener
11-23 01:53:41.310 10258 10343 W Settings: Setting android_id has moved from android.provider.Settings.System to android.provider.Settings.Secure, returning read-only value.
11-23 01:53:41.311 10258 10343 E VersionHelper: getRomVersion 
11-23 01:53:41.312 10258 10343 E language:: language:in
11-23 01:53:41.312 10258 10343 E language:: country:ID
11-23 01:53:41.313 10258 10343 W Settings: Setting android_id has moved from android.provider.Settings.System to android.provider.Settings.Secure, returning read-only value.
11-23 01:53:41.317 10258 10258 V DefaultPresenter$RxjavaDisposableManager: addSubscribe: curActivityName LauncherActivity
11-23 01:53:41.319 10258 10374 E preferencesSaveCall: saveParam: SPGETAPPJSON
11-23 01:53:41.320 10258 10316 W Settings: Setting android_id has moved from android.provider.Settings.System to android.provider.Settings.Secure, returning read-only value.
11-23 01:53:41.321 10258 10316 E VersionHelper: getRomVersion 
11-23 01:53:41.321 10258 10316 E language:: language:in
11-23 01:53:41.321 10258 10316 E language:: country:ID
11-23 01:53:41.322 10258 10316 W Settings: Setting android_id has moved from android.provider.Settings.System to android.provider.Settings.Secure, returning read-only value.
11-23 01:53:41.322 10258 10258 D VmosAdTag: getUnlockerAppInstallerSource: com.google.android.packageinstaller
11-23 01:53:41.322 10258 10258 I VmosAdTag: checkUnlockAppState: apkVersionCode 216 configAppVersion 216 installFrom: com.google.android.packageinstaller
11-23 01:53:41.324 10258 10258 I VmosAdTag: checkUnlockAppState: unlocker ok
11-23 01:53:41.325 10258 10258 D CrashReport: >>> com.vmos.glb.LauncherActivity onResumed <<<
11-23 01:53:41.325 10258 10258 I CrashReport-Native: Set native info: isAppForeground(true)
11-23 01:53:41.338 10258 10258 I Choreographer: Skipped 82 frames!  The application may be doing too much work on its main thread.
11-23 01:53:41.341 10258 10258 D SHENG   : asus
11-23 01:53:41.344 10258 10258 V DefaultPresenter$RxjavaDisposableManager: addSubscribe: curActivityName LauncherActivity
11-23 01:53:41.345 10258 10258 V DefaultPresenter$RxjavaDisposableManager: addSubscribe: curActivityName LauncherActivity
11-23 01:53:41.346 10258 10258 E VersionHelper: getRomVersion 
11-23 01:53:41.347 10258 10258 E UpdateController: checkUpdate VersionHelper.getRomVersion().versionCode:100063
11-23 01:53:41.347 10258 10258 E VersionHelper: getRomVersion 
11-23 01:53:41.347 10258 10307 I OpenGLRenderer: Davey! duration=1280ms; Flags=0, IntendedVsync=38815444306631, Vsync=38816705845061, OldestInputEvent=9223372036854775807, NewestInputEvent=0, HandleInputStart=38816716115140, AnimationStart=38816716162535, PerformTraversalsStart=38816716436963, DrawStart=38816716570244, SyncQueued=38816716593317, SyncStart=38816717301233, IssueDrawCommandsStart=38816718973056, SwapBuffers=38816720724098, FrameCompleted=38816725405348, DequeueBufferDuration=328000, QueueBufferDuration=2309000, 
11-23 01:53:41.350 10258 10315 W Settings: Setting android_id has moved from android.provider.Settings.System to android.provider.Settings.Secure, returning read-only value.
11-23 01:53:41.350 10258 10375 W Settings: Setting android_id has moved from android.provider.Settings.System to android.provider.Settings.Secure, returning read-only value.
11-23 01:53:41.350 10258 10375 E VersionHelper: getRomVersion 
11-23 01:53:41.351 10258 10375 E language:: language:in
11-23 01:53:41.351 10258 10375 E language:: country:ID
11-23 01:53:41.351 10258 10375 W Settings: Setting android_id has moved from android.provider.Settings.System to android.provider.Settings.Secure, returning read-only value.
11-23 01:53:41.351 10258 10315 E VersionHelper: getRomVersion 
11-23 01:53:41.351 10258 10315 E language:: language:in
11-23 01:53:41.351 10258 10315 E language:: country:ID
11-23 01:53:41.352 10258 10315 W Settings: Setting android_id has moved from android.provider.Settings.System to android.provider.Settings.Secure, returning read-only value.
11-23 01:53:41.357 10258 10258 E DefaultPresenter: postUpdateInfo: PUpdate
11-23 01:53:41.362 10258 10258 V DefaultPresenter$RxjavaDisposableManager: addSubscribe: curActivityName LauncherActivity
11-23 01:53:41.366 10258 10376 W Settings: Setting android_id has moved from android.provider.Settings.System to android.provider.Settings.Secure, returning read-only value.
11-23 01:53:41.366 10258 10376 E VersionHelper: getRomVersion 
11-23 01:53:41.367 10258 10376 E language:: language:in
11-23 01:53:41.367 10258 10376 E language:: country:ID
11-23 01:53:41.367 10258 10376 W Settings: Setting android_id has moved from android.provider.Settings.System to android.provider.Settings.Secure, returning read-only value.
11-23 01:53:41.389 10258 10307 I OpenGLRenderer: Davey! duration=1322ms; Flags=1, IntendedVsync=38815444306631, Vsync=38816705845061, OldestInputEvent=9223372036854775807, NewestInputEvent=0, HandleInputStart=38816716115140, AnimationStart=38816716162535, PerformTraversalsStart=38816716436963, DrawStart=38816756235140, SyncQueued=38816756849983, SyncStart=38816757196025, IssueDrawCommandsStart=38816757256806, SwapBuffers=38816763438213, FrameCompleted=38816766953056, DequeueBufferDuration=253000, QueueBufferDuration=2648000, 
11-23 01:53:41.590 10258 10258 E VersionHelper: getRomVersion 
11-23 01:53:41.590 10258 10258 E DefaultPresenter: postUpdateInfofailure: 1
11-23 01:53:41.599 10258 10379 E linker  : library "/system/lib64/libdl_android.so" ("/system/lib64/libdl_android.so") needed or dlopened by "(unknown)" is not accessible for the namespace: [name="(anonymous)", ld_library_paths="", default_library_paths="/data/app/com.vmos.web-EjMbIdtO9NcNmbB3Eu9cBA==/lib/arm64:/data/app/com.vmos.web-EjMbIdtO9NcNmbB3Eu9cBA==/base.apk!/lib/arm64-v8a", permitted_paths=""]
11-23 01:53:41.599 10258 10379 E NDL     : path=/data/data/com.vmos.web/lib:/system/lib64:/system/product/lib64
11-23 01:53:41.600 10258 10379 E NDL     : mandroid_create_namespace error : 2
11-23 01:53:41.600 10258 10379 E NDL     : library_namespace error=No such file or directory
11-23 01:53:41.600 10258 10379 E SHENG   : mhw_get_module: 7968fb2534
11-23 01:53:41.602 10258 10379 E SHENG   : gralloc 2.0
11-23 01:53:41.602 10258 10379 E LauncherUtil: isRootFileEnd result:true
11-23 01:53:41.603 10258 10379 E VersionHelper: getRomVersion 
11-23 01:53:41.603 10258 10379 E VersionHelper: getRomVersion 
11-23 01:53:41.603 10258 10379 E LauncherUtil: getAfterUnzipAndroidVersion versionCode:29
11-23 01:53:41.604 10258 10379 E SHENG Utils: getNotchScreenWH: zenfone max pro m1       asus
11-23 01:53:41.607 10258 10379 D SHENG Utils: getWH:nwidth/ntwidth(1080/1080)=1.0
11-23 01:53:41.607 10258 10379 D SHENG Utils: getWH:nhigh/nthigh(2160/2160)=1.0
11-23 01:53:41.608 10258 10379 D SHENG Utils: x=1.0nthigh2160nhigh2160
11-23 01:53:41.608 10258 10379 D SHENG Utils: 放大后宽小于等于高
11-23 01:53:41.608 10258 10379 D SHENG Utils: 222 out[1]=2160xxx=1.0
11-23 01:53:41.608 10258 10379 D SHENG Utils: 222 scale[0]=1.0scale[1]=1.0
11-23 01:53:41.609 10258 10379 E preferencesSaveCall: saveParam: DefaultResolutionW
11-23 01:53:41.609 10258 10379 E preferencesSaveCall: saveParam: DefaultResolutionH
11-23 01:53:41.609 10258 10379 E runCmd  : pacaageName:/data/user/0/com.vmos.web/osimg
11-23 01:53:41.609 10258 10379 E runCmd  : command:chmod 755 /data/user/0/com.vmos.web/osimg/busybox
11-23 01:53:41.609 10258 10379 E runCmd  : sb_out_Result:
11-23 01:53:41.623 10258 10379 I SHENG_JNI: find Gralloc hw lib sdm660
11-23 01:53:41.640 10258 10379 D LauncherController: strIMEI:6000001147471142
11-23 01:53:41.640 10258 10379 D LauncherController: 
11-23 01:53:41.640 10258 10379 D LauncherController: 
11-23 01:53:41.640 10258 10379 D LauncherController: 
11-23 01:53:41.640 10258 10379 D LauncherController: 
11-23 01:53:41.640 10258 10379 D LauncherController: 
11-23 01:53:41.640 10258 10379 D LauncherController: 
11-23 01:53:41.640 10258 10379 D LauncherController: 
11-23 01:53:41.640 10258 10379 D LauncherController: 
11-23 01:53:41.640 10258 10379 D LauncherController: 
11-23 01:53:41.640 10258 10379 D LauncherController: 
11-23 01:53:41.640 10258 10379 D LauncherController: 
11-23 01:53:41.640 10258 10379 W Settings: Setting android_id has moved from android.provider.Settings.System to android.provider.Settings.Secure, returning read-only value.
11-23 01:53:41.640 10258 10379 D LauncherController: androidId:696fb3ee4a0ab854
11-23 01:53:41.641 10258 10379 E SHENG   : mhw_get_module: 7968fb2534
11-23 01:53:41.641 10258 10379 E SHENG   : gralloc 2.0
11-23 01:53:41.642 10258 10379 E preferencesSaveCall: saveParam: m_szw
11-23 01:53:41.642 10258 10379 E preferencesSaveCall: saveParam: m_szh
11-23 01:53:41.642 10258 10379 E preferencesSaveCall: saveParam: surfaceW
11-23 01:53:41.642 10258 10379 E preferencesSaveCall: saveParam: surfaceH
11-23 01:53:41.642 10258 10379 E preferencesSaveCall: saveParam: surfaceDPI
11-23 01:53:41.643 10258 10379 E preferencesSaveCall: saveParam: isFirstSave
11-23 01:53:41.643 10258 10379 E preferencesSaveCall: saveParam: IS_LCD
11-23 01:53:41.643 10258 10379 E preferencesSaveCall: saveParam: RESOLVING
11-23 01:53:41.643 10258 10379 E binMargin: romSize w=1080
11-23 01:53:41.643 10258 10379 E binMargin: romSize h=2160
11-23 01:53:41.647 10258 10379 E binMargin: margin 000  =0
11-23 01:53:41.647 10258 10379 E binMargin: margin else=0
11-23 01:53:41.648 10258 10379 V WindowConstant: getSurfaceCustomWidth 1080
11-23 01:53:41.648 10258 10379 V WindowConstant: getSurfaceCustomHeight 2160
11-23 01:53:41.648 10258 10379 E binMargin: getCustomRatioWH=0.5
11-23 01:53:41.648 10258 10379 E binMargin: binMargin=0
11-23 01:53:41.648 10258 10379 E preferencesSaveCall: saveParam: binMargin
11-23 01:53:41.648 10258 10379 E binMargin: 保存的是margin= 0
11-23 01:53:41.648 10258 10379 D LauncherController: json:{"DPI":420,"Height":2160,"Width":1080,"isselect":0}
11-23 01:53:41.651 10258 10379 E runCmd  : pacaageName:/data/user/0/com.vmos.web/osimg
11-23 01:53:41.651 10258 10379 E runCmd  : command:chmod 755 /data/user/0/com.vmos.web/osimg/deroot01.sh
11-23 01:53:41.651 10258 10379 E runCmd  : sb_out_Result:
11-23 01:53:41.662 10258 10379 E runCmd  : pacaageName:/data/user/0/com.vmos.web/osimg
11-23 01:53:41.662 10258 10379 E runCmd  : command:chmod 755 /data/user/0/com.vmos.web/osimg/patch.sh
11-23 01:53:41.662 10258 10379 E runCmd  : sb_out_Result:CMD Result:
11-23 01:53:41.662 10258 10379 E runCmd  : ;
11-23 01:53:41.678 10258 10379 E runCmd  : pacaageName:/data/user/0/com.vmos.web/osimg
11-23 01:53:41.678 10258 10379 E runCmd  : command:chmod 755 /data/user/0/com.vmos.web/osimg/run_init01.sh
11-23 01:53:41.678 10258 10379 E runCmd  : sb_out_Result:CMD Result:
11-23 01:53:41.678 10258 10379 E runCmd  : ;CMD Result:
11-23 01:53:41.678 10258 10379 E runCmd  : ;
11-23 01:53:41.696 10258 10379 E runCmd  : pacaageName:/data/user/0/com.vmos.web/osimg
11-23 01:53:41.696 10258 10379 E runCmd  : command:chmod 755 /data/user/0/com.vmos.web/osimg/run_init01_js.sh
11-23 01:53:41.696 10258 10379 E runCmd  : sb_out_Result:CMD Result:
11-23 01:53:41.696 10258 10379 E runCmd  : ;CMD Result:
11-23 01:53:41.696 10258 10379 E runCmd  : ;CMD Result:
11-23 01:53:41.696 10258 10379 E runCmd  : ;
11-23 01:53:41.706 10258 10379 E runCmd  : pacaageName:/data/user/0/com.vmos.web/osimg
11-23 01:53:41.706 10258 10379 E runCmd  : command:chmod 755 /data/user/0/com.vmos.web/osimg/run_init01_js2.sh
11-23 01:53:41.706 10258 10379 E runCmd  : sb_out_Result:CMD Result:
11-23 01:53:41.706 10258 10379 E runCmd  : ;CMD Result:
11-23 01:53:41.706 10258 10379 E runCmd  : ;CMD Result:
11-23 01:53:41.706 10258 10379 E runCmd  : ;CMD Result:
11-23 01:53:41.706 10258 10379 E runCmd  : ;
11-23 01:53:41.717 10258 10379 E LauncherController: lcd
11-23 01:53:41.717 10258 10379 E LauncherController: InitPhoneInfo strpath:/data/user/0/com.vmos.web/osimg/r/ot01
11-23 01:53:41.729 10258 10379 W Settings: Setting android_id has moved from android.provider.Settings.System to android.provider.Settings.Secure, returning read-only value.
11-23 01:53:41.731 10258 10379 D SHENG_DeleteFileUtil: 删除文件失败:/data/data/com.vmos.web/osimg/socket/start不存在！
11-23 01:53:41.731 10258 10379 D SHENG_DeleteFileUtil: 删除文件失败:/data/data/com.vmos.web/osimg/socket/zygote不存在！
11-23 01:53:41.732 10258 10379 D SHENG_DeleteFileUtil: 删除单个文件/data/data/com.vmos.web/osimg/socket/rfopengles22501成功！
11-23 01:53:41.732 10258 10379 D SHENG_DeleteFileUtil: 删除单个文件/data/data/com.vmos.web/osimg/socket/rfserver成功！
11-23 01:53:41.732 10258 10379 D SHENG_DeleteFileUtil: 删除单个文件/data/data/com.vmos.web/osimg/socket/rftouch22801成功！
11-23 01:53:41.732 10258 10379 D SHENG_DeleteFileUtil: 删除单个文件/data/data/com.vmos.web/osimg/socket/rfaudio成功！
11-23 01:53:41.735 10258 10379 D SHENG_DeleteFileUtil: 删除单个文件/data/data/com.vmos.web/osimg/r/ot01/dev/socket/bcs成功！
11-23 01:53:41.735 10258 10379 D SHENG_DeleteFileUtil: 删除单个文件/data/data/com.vmos.web/osimg/r/ot01/dev/socket/bis成功！
11-23 01:53:41.735 10258 10379 D SHENG_DeleteFileUtil: 删除单个文件/data/data/com.vmos.web/osimg/r/ot01/dev/socket/bhs成功！
11-23 01:53:41.735 10258 10396 D SHENG_AUDIO: audio_thread_main
11-23 01:53:41.736 10258 10396 D LauncherActivity: GetAudioConnect
11-23 01:53:41.736 10258 10379 E SHENG Utils: getNotchScreenWH: zenfone max pro m1       asus
11-23 01:53:41.737 10258 10396 D LauncherActivity: buffersize=7088
11-23 01:53:41.738 10258 10379 D SHENG Utils: getWH:nwidth/ntwidth(1080/1080)=1.0
11-23 01:53:41.738 10258 10379 D SHENG Utils: getWH:nhigh/nthigh(2160/2160)=1.0
11-23 01:53:41.738 10258 10379 D SHENG Utils: x=1.0nthigh2160nhigh2160
11-23 01:53:41.738 10258 10379 D SHENG Utils: 放大后宽小于等于高
11-23 01:53:41.738 10258 10379 D SHENG Utils: 222 out[1]=2160xxx=1.0
11-23 01:53:41.738 10258 10379 D SHENG Utils: 222 scale[0]=1.0scale[1]=1.0
11-23 01:53:41.739 10258 10379 E preferencesSaveCall: saveParam: DefaultResolutionW
11-23 01:53:41.739 10258 10379 E preferencesSaveCall: saveParam: DefaultResolutionH
11-23 01:53:41.744 10258 10396 W AudioTrack: Use of stream types is deprecated for operations other than volume control
11-23 01:53:41.744 10258 10396 W AudioTrack: See the documentation of AudioTrack() for what to use instead with android.media.AudioAttributes to qualify your playback use case
11-23 01:53:41.753 10258 10379 W Settings: Setting android_id has moved from android.provider.Settings.System to android.provider.Settings.Secure, returning read-only value.
11-23 01:53:41.757 10258 10396 D SHENG_AUDIO: ji=7088
11-23 01:53:41.757 10258 10379 E VersionHelper: getRomVersion 
11-23 01:53:41.757 10258 10396 D SHENG_AUDIO: rfbListenOnUnixPort socket
11-23 01:53:41.757 10258 10396 D SHENG_AUDIO: rfbListenOnUnixPort bind
11-23 01:53:41.757 10258 10396 D SHENG_AUDIO:  rfbListenOnUnixPort success
11-23 01:53:41.761 10258 10379 E preferencesSaveCall: saveParam: customH
11-23 01:53:41.762 10258 10379 E preferencesSaveCall: saveParam: customW
11-23 01:53:41.762 10258 10379 E preferencesSaveCall: saveParam: surfaceW
11-23 01:53:41.762 10258 10379 E preferencesSaveCall: saveParam: surfaceH
11-23 01:53:41.762 10258 10379 E LauncherUtil: isRootFileEnd result:true
11-23 01:53:41.771 10258 10258 D CrashReport: >>> com.vmos.glb.LauncherActivity onPaused <<<
11-23 01:53:41.771 10258 10258 I CrashReport-Native: Set native info: isAppForeground(false)
11-23 01:53:41.778 10258 10258 W ActivityThread: handleWindowVisibility: no activity for token android.os.BinderProxy@136f602
11-23 01:53:41.785 10258 10258 I BaseActivityLifecycle: onActivityCreated: com.vmos.activity.RendererActivity@f22704e
11-23 01:53:41.785 10258 10258 D CrashReport: >>> com.vmos.activity.RendererActivity onCreated <<<
11-23 01:53:41.815 10258 10258 E preferencesSaveCall: saveParam: m_isForce
11-23 01:53:41.815 10258 10258 E preferencesSaveCall: saveParam: m_Port
11-23 01:53:41.941 10258 10258 V DefaultPresenter$RxjavaDisposableManager: addSubscribe: curActivityName RendererActivity
11-23 01:53:41.942 10258 10258 W Settings: Setting android_id has moved from android.provider.Settings.System to android.provider.Settings.Secure, returning read-only value.
11-23 01:53:41.944 10258 10258 V DefaultPresenter$RxjavaDisposableManager: addSubscribe: curActivityName RendererActivity
11-23 01:53:41.944 10258 10343 W Settings: Setting android_id has moved from android.provider.Settings.System to android.provider.Settings.Secure, returning read-only value.
11-23 01:53:41.945 10258 10343 E VersionHelper: getRomVersion 
11-23 01:53:41.945 10258 10343 E language:: language:in
11-23 01:53:41.945 10258 10343 E language:: country:ID
11-23 01:53:41.945 10258 10343 W Settings: Setting android_id has moved from android.provider.Settings.System to android.provider.Settings.Secure, returning read-only value.
11-23 01:53:41.948 10258 10375 W Settings: Setting android_id has moved from android.provider.Settings.System to android.provider.Settings.Secure, returning read-only value.
11-23 01:53:41.949 10258 10375 E VersionHelper: getRomVersion 
11-23 01:53:41.950 10258 10375 E language:: language:in
11-23 01:53:41.950 10258 10375 E language:: country:ID
11-23 01:53:41.950 10258 10375 W Settings: Setting android_id has moved from android.provider.Settings.System to android.provider.Settings.Secure, returning read-only value.
11-23 01:53:41.991 10258 10258 I com.vmos.web: The ClassLoaderContext is a special shared library.
11-23 01:53:41.997 10258 10258 I com.vmos.web: The ClassLoaderContext is a special shared library.
11-23 01:53:42.213 10258 10258 I DynamiteModule: Considering local module com.google.android.gms.ads.dynamite:0 and remote module com.google.android.gms.ads.dynamite:213806100
11-23 01:53:42.214 10258 10258 I DynamiteModule: Selected remote version of com.google.android.gms.ads.dynamite, version >= 213806100
11-23 01:53:42.218 10258 10258 D DynamitePackage: Instantiated singleton DynamitePackage.
11-23 01:53:42.218 10258 10258 D DynamitePackage: Instantiating com.google.android.gms.ads.ChimeraNativeAdViewDelegateCreatorImpl
11-23 01:53:42.292 10258 10258 W Glide   : Failed to find GeneratedAppGlideModule. You should include an annotationProcessor compile dependency on com.github.bumptech.glide:compiler in your application and a @GlideModule annotated AppGlideModule implementation or LibraryGlideModules will be silently ignored
11-23 01:53:42.318 10258 10258 D LauncherActivity: FullDialog progress=0
11-23 01:53:42.321 10258 10258 E SocketServerManager: registerAction action == 10013  ReceiverListener:com.vmos.activity.RendererActivity$2@a5b7ad
11-23 01:53:42.323 10258 10258 E s_filter: onReceiver registerReceiver socketBean:{"action":10013,"action_id":10013,"method":1}  receiverAction:com.vmos.activity.RendererActivity$2@a5b7ad
11-23 01:53:42.325 10258 10258 V DefaultPresenter$RxjavaDisposableManager: addSubscribe: curActivityName RendererActivity
11-23 01:53:42.327 10258 10376 W Settings: Setting android_id has moved from android.provider.Settings.System to android.provider.Settings.Secure, returning read-only value.
11-23 01:53:42.329 10258 10376 E VersionHelper: getRomVersion 
11-23 01:53:42.329 10258 10376 E language:: language:in
11-23 01:53:42.329 10258 10376 E language:: country:ID
11-23 01:53:42.330 10258 10376 W Settings: Setting android_id has moved from android.provider.Settings.System to android.provider.Settings.Secure, returning read-only value.
11-23 01:53:42.330 10258 10258 V DefaultPresenter$RxjavaDisposableManager: addSubscribe: curActivityName RendererActivity
11-23 01:53:42.332 10258 10258 V DefaultPresenter$RxjavaDisposableManager: addSubscribe: curActivityName RendererActivity
11-23 01:53:42.339 10258 10315 W Settings: Setting android_id has moved from android.provider.Settings.System to android.provider.Settings.Secure, returning read-only value.
11-23 01:53:42.339 10258 10316 W Settings: Setting android_id has moved from android.provider.Settings.System to android.provider.Settings.Secure, returning read-only value.
11-23 01:53:42.340 10258 10315 E VersionHelper: getRomVersion 
11-23 01:53:42.340 10258 10315 E language:: language:in
11-23 01:53:42.340 10258 10315 E language:: country:ID
11-23 01:53:42.340 10258 10315 W Settings: Setting android_id has moved from android.provider.Settings.System to android.provider.Settings.Secure, returning read-only value.
11-23 01:53:42.341 10258 10316 E VersionHelper: getRomVersion 
11-23 01:53:42.341 10258 10316 E language:: language:in
11-23 01:53:42.341 10258 10316 E language:: country:ID
11-23 01:53:42.342 10258 10316 W Settings: Setting android_id has moved from android.provider.Settings.System to android.provider.Settings.Secure, returning read-only value.
11-23 01:53:42.342 10258 10258 D VmosAdTag: getUnlockerAppInstallerSource: com.google.android.packageinstaller
11-23 01:53:42.342 10258 10258 I VmosAdTag: checkUnlockAppState: apkVersionCode 216 configAppVersion 216 installFrom: com.google.android.packageinstaller
11-23 01:53:42.343 10258 10258 I VmosAdTag: checkUnlockAppState: unlocker ok
11-23 01:53:42.344 10258 10258 D CrashReport: >>> com.vmos.activity.RendererActivity onResumed <<<
11-23 01:53:42.344 10258 10258 I CrashReport-Native: Set native info: isAppForeground(true)
11-23 01:53:42.417 10258 10258 D RendererActivity: surfaceCreated surface= Surface(name=null)/@0x7208deew=1080 h=2160
11-23 01:53:42.418 10258 10438 I SHENG_RF_SOCKET: rfbListenOnUnixPort socket
11-23 01:53:42.418 10258 10438 I SHENG_RF_SOCKET: rfbListenOnUnixPort bind
11-23 01:53:42.421 10258 10439 W MY_DEBUG_OPENGL: egl: 1 5
11-23 01:53:42.422 10258 10439 W MY_DEBUG_OPENGL: getGLES1ExtensionString: Found config 0x78794d22a0
11-23 01:53:42.438 10258 10439 I SHENG_DEBUG_OPENGL_D: init_nativebuffer_server init
11-23 01:53:42.438 10258 10439 E SHENG   : planB dlui=f2c0b9099a656511
11-23 01:53:42.439 10258 10439 E SHENG   : planB HostcreateGraphicBuffer=796adaec10 Hostunflatten=0
11-23 01:53:42.439 10258 10439 I SHENG_DEBUG_OPENGL_D: init_nativebuffer_server init end
11-23 01:53:42.439 10258 10258 W MY_DEBUG_OPENGL_E: RenderServer: create!
11-23 01:53:42.439 10258 10258 W MY_DEBUG_OPENGL_E: RendererActivity start_renderer: win=587fc010
11-23 01:53:42.439 10258 10258 W MY_DEBUG_OPENGL_E: RendererActivity removeSubWindow: m_subWin=0 m_apiwin=587fc010
11-23 01:53:42.439 10258 10258 E libEGL  : eglDestroySurfaceImpl:901 error 300d (EGL_BAD_SURFACE)
11-23 01:53:42.439 10258 10258 W MY_DEBUG_OPENGL_E: RendererActivity removeSubWindow: removeSubWindow=0
11-23 01:53:42.439 10258 10258 W MY_DEBUG_OPENGL_E: RendererActivity setupSubWindow: m_subWin=587fc010
11-23 01:53:42.536 10258 10258 W MY_DEBUG_OPENGL_E: initOpenGLRenderer:/data/data/com.vmos.web/osimg/socket/rfopengles22501 
11-23 01:53:42.536 10258 10258 D RendererActivity: surfaceChanged surface Surface(name=null)/@0x7208deew=1080 h=2160
11-23 01:53:42.536 10258 10258 W MY_DEBUG_OPENGL_E: RendererActivity removeSubWindow: m_subWin=0 m_apiwin=587fc010
11-23 01:53:42.537 10258 10258 W MY_DEBUG_OPENGL_E: RendererActivity removeSubWindow: removeSubWindow=0
11-23 01:53:42.537 10258 10258 W MY_DEBUG_OPENGL_E: RendererActivity setupSubWindow: m_subWin=587fc010
11-23 01:53:42.569 10258 10258 D PlayerMusicService: PlayerMusicService---->onCreate,启动服务
