11-23 01:53:49.053 10574 10574 W ResourceType: Failure getting entry for 0x7f14034a (t=19 e=842) (error -75)
11-23 01:53:49.073 10258 10258 D LauncherActivity: FullDialog progress=54
11-23 01:53:49.082 10574 10574 I PackageManager: Package com.google.android.gms at /system/priv-app/PrebuiltGmsCore ignored: updated version 213918006 better than this 200475006
11-23 01:53:49.082 10574 10574 W PackageManager: Failed to parse /system/priv-app/PrebuiltGmsCore: null
11-23 01:53:49.194 10258 10258 D LauncherActivity: FullDialog progress=55
11-23 01:53:49.232 10574 10574 W PackageParser: No actions in intent filter at /system/priv-app/SetupWizard/SetupWizard.apk Binary XML file line #170
11-23 01:53:49.233 10574 10574 W PackageParser: No actions in intent filter at /system/priv-app/SetupWizard/SetupWizard.apk Binary XML file line #347
11-23 01:53:49.317 10258 10258 D LauncherActivity: FullDialog progress=56
11-23 01:53:49.331 10574 10574 W PackageParser: Unknown element under <intent-filter>: android at /system/priv-app/Telecom/Telecom.apk Binary XML file line #232
11-23 01:53:49.383 10574 10574 W ResourceType: Failure getting entry for 0x7f08026f (t=7 e=623) (error -75)
11-23 01:53:49.442 10258 10258 D LauncherActivity: FullDialog progress=57
11-23 01:53:49.539 10574 10574 W PackageParser: Unknown element under <application>: permission at /system/app/Gallery2/Gallery2.apk Binary XML file line #242
11-23 01:53:49.540 10574 10574 W PackageParser: Unknown element under <application>: permission at /system/app/Gallery2/Gallery2.apk Binary XML file line #245
11-23 01:53:49.563 10258 10258 D LauncherActivity: FullDialog progress=58
11-23 01:53:49.688 10258 10258 D LauncherActivity: FullDialog progress=59
11-23 01:53:49.811 10258 10258 D LauncherActivity: FullDialog progress=60
11-23 01:53:49.878 10574 10574 D PackageManager: No files in app dir /system/vendor/app
11-23 01:53:49.878 10574 10574 D PackageManager: No files in app dir /oem/app
11-23 01:53:49.915 10574 10574 W PackageParser: Unknown element under <manifest>: uses-permission-sdk-23 at /data/app/com.android.vending-1/base.apk Binary XML file line #17
11-23 01:53:49.919 10574 10574 W PackageParser: Unknown element under <manifest>: queries at /data/app/com.android.vending-1/base.apk Binary XML file line #274
11-23 01:53:49.931 10574 10574 W PackageManager: Package com.android.vending desires unavailable shared library org.apache.http.legacy; ignoring!
11-23 01:53:49.934 10258 10258 D LauncherActivity: FullDialog progress=61
11-23 01:53:50.055 10258 10258 D LauncherActivity: FullDialog progress=62
11-23 01:53:50.176 10258 10258 D LauncherActivity: FullDialog progress=63
11-23 01:53:50.185 10574 10574 W PackageParser: Unknown element under <manifest>: attribution at /data/app/com.google.android.gms-1/base.apk Binary XML file line #15
11-23 01:53:50.185 10574 10574 W PackageParser: Unknown element under <manifest>: attribution at /data/app/com.google.android.gms-1/base.apk Binary XML file line #18
11-23 01:53:50.185 10574 10574 W PackageParser: Unknown element under <manifest>: attribution at /data/app/com.google.android.gms-1/base.apk Binary XML file line #21
11-23 01:53:50.185 10574 10574 W PackageParser: Unknown element under <manifest>: attribution at /data/app/com.google.android.gms-1/base.apk Binary XML file line #24
11-23 01:53:50.185 10574 10574 W PackageParser: Unknown element under <manifest>: attribution at /data/app/com.google.android.gms-1/base.apk Binary XML file line #27
11-23 01:53:50.185 10574 10574 W PackageParser: Unknown element under <manifest>: attribution at /data/app/com.google.android.gms-1/base.apk Binary XML file line #30
11-23 01:53:50.186 10574 10574 W PackageParser: Unknown element under <manifest>: attribution at /data/app/com.google.android.gms-1/base.apk Binary XML file line #33
11-23 01:53:50.186 10574 10574 W PackageParser: Unknown element under <manifest>: attribution at /data/app/com.google.android.gms-1/base.apk Binary XML file line #36
11-23 01:53:50.186 10574 10574 W PackageParser: Unknown element under <manifest>: attribution at /data/app/com.google.android.gms-1/base.apk Binary XML file line #39
11-23 01:53:50.186 10574 10574 W PackageParser: Unknown element under <manifest>: attribution at /data/app/com.google.android.gms-1/base.apk Binary XML file line #42
11-23 01:53:50.186 10574 10574 W PackageParser: Unknown element under <manifest>: attribution at /data/app/com.google.android.gms-1/base.apk Binary XML file line #45
11-23 01:53:50.186 10574 10574 W PackageParser: Unknown element under <manifest>: attribution at /data/app/com.google.android.gms-1/base.apk Binary XML file line #48
11-23 01:53:50.186 10574 10574 W PackageParser: Unknown element under <manifest>: attribution at /data/app/com.google.android.gms-1/base.apk Binary XML file line #51
11-23 01:53:50.186 10574 10574 W PackageParser: Unknown element under <manifest>: attribution at /data/app/com.google.android.gms-1/base.apk Binary XML file line #54
11-23 01:53:50.186 10574 10574 W PackageParser: Unknown element under <manifest>: attribution at /data/app/com.google.android.gms-1/base.apk Binary XML file line #57
11-23 01:53:50.186 10574 10574 W PackageParser: Unknown element under <manifest>: attribution at /data/app/com.google.android.gms-1/base.apk Binary XML file line #60
11-23 01:53:50.186 10574 10574 W PackageParser: Unknown element under <manifest>: attribution at /data/app/com.google.android.gms-1/base.apk Binary XML file line #63
11-23 01:53:50.186 10574 10574 W PackageParser: Unknown element under <manifest>: attribution at /data/app/com.google.android.gms-1/base.apk Binary XML file line #66
11-23 01:53:50.186 10574 10574 W PackageParser: Unknown element under <manifest>: attribution at /data/app/com.google.android.gms-1/base.apk Binary XML file line #69
11-23 01:53:50.186 10574 10574 W PackageParser: Unknown element under <manifest>: attribution at /data/app/com.google.android.gms-1/base.apk Binary XML file line #72
11-23 01:53:50.186 10574 10574 W PackageParser: Unknown element under <manifest>: attribution at /data/app/com.google.android.gms-1/base.apk Binary XML file line #75
11-23 01:53:50.186 10574 10574 W PackageParser: Unknown element under <manifest>: attribution at /data/app/com.google.android.gms-1/base.apk Binary XML file line #78
11-23 01:53:50.186 10574 10574 W PackageParser: Unknown element under <manifest>: attribution at /data/app/com.google.android.gms-1/base.apk Binary XML file line #81
11-23 01:53:50.186 10574 10574 W PackageParser: Unknown element under <manifest>: attribution at /data/app/com.google.android.gms-1/base.apk Binary XML file line #84
11-23 01:53:50.186 10574 10574 W PackageParser: Unknown element under <manifest>: attribution at /data/app/com.google.android.gms-1/base.apk Binary XML file line #87
11-23 01:53:50.186 10574 10574 W PackageParser: Unknown element under <manifest>: attribution at /data/app/com.google.android.gms-1/base.apk Binary XML file line #90
11-23 01:53:50.186 10574 10574 W PackageParser: Unknown element under <manifest>: attribution at /data/app/com.google.android.gms-1/base.apk Binary XML file line #93
11-23 01:53:50.186 10574 10574 W PackageParser: Unknown element under <manifest>: attribution at /data/app/com.google.android.gms-1/base.apk Binary XML file line #96
11-23 01:53:50.186 10574 10574 W PackageParser: Unknown element under <manifest>: attribution at /data/app/com.google.android.gms-1/base.apk Binary XML file line #99
11-23 01:53:50.186 10574 10574 W PackageParser: Unknown element under <manifest>: attribution at /data/app/com.google.android.gms-1/base.apk Binary XML file line #102
11-23 01:53:50.186 10574 10574 W PackageParser: Unknown element under <manifest>: attribution at /data/app/com.google.android.gms-1/base.apk Binary XML file line #105
11-23 01:53:50.186 10574 10574 W PackageParser: Unknown element under <manifest>: attribution at /data/app/com.google.android.gms-1/base.apk Binary XML file line #108
11-23 01:53:50.186 10574 10574 W PackageParser: Unknown element under <manifest>: attribution at /data/app/com.google.android.gms-1/base.apk Binary XML file line #111
11-23 01:53:50.186 10574 10574 W PackageParser: Unknown element under <manifest>: attribution at /data/app/com.google.android.gms-1/base.apk Binary XML file line #114
11-23 01:53:50.186 10574 10574 W PackageParser: Unknown element under <manifest>: attribution at /data/app/com.google.android.gms-1/base.apk Binary XML file line #117
11-23 01:53:50.186 10574 10574 W PackageParser: Unknown element under <manifest>: attribution at /data/app/com.google.android.gms-1/base.apk Binary XML file line #120
11-23 01:53:50.186 10574 10574 W PackageParser: Unknown element under <manifest>: attribution at /data/app/com.google.android.gms-1/base.apk Binary XML file line #123
11-23 01:53:50.186 10574 10574 W PackageParser: Unknown element under <manifest>: attribution at /data/app/com.google.android.gms-1/base.apk Binary XML file line #126
11-23 01:53:50.186 10574 10574 W PackageParser: Unknown element under <manifest>: attribution at /data/app/com.google.android.gms-1/base.apk Binary XML file line #129
11-23 01:53:50.186 10574 10574 W PackageParser: Unknown element under <manifest>: attribution at /data/app/com.google.android.gms-1/base.apk Binary XML file line #132
11-23 01:53:50.186 10574 10574 W PackageParser: Unknown element under <manifest>: attribution at /data/app/com.google.android.gms-1/base.apk Binary XML file line #135
11-23 01:53:50.186 10574 10574 W PackageParser: Unknown element under <manifest>: attribution at /data/app/com.google.android.gms-1/base.apk Binary XML file line #138
11-23 01:53:50.186 10574 10574 W PackageParser: Unknown element under <manifest>: attribution at /data/app/com.google.android.gms-1/base.apk Binary XML file line #141
11-23 01:53:50.186 10574 10574 W PackageParser: Unknown element under <manifest>: attribution at /data/app/com.google.android.gms-1/base.apk Binary XML file line #144
11-23 01:53:50.186 10574 10574 W PackageParser: Unknown element under <manifest>: attribution at /data/app/com.google.android.gms-1/base.apk Binary XML file line #147
11-23 01:53:50.186 10574 10574 W PackageParser: Unknown element under <manifest>: attribution at /data/app/com.google.android.gms-1/base.apk Binary XML file line #150
11-23 01:53:50.186 10574 10574 W PackageParser: Unknown element under <manifest>: attribution at /data/app/com.google.android.gms-1/base.apk Binary XML file line #153
11-23 01:53:50.186 10574 10574 W PackageParser: Unknown element under <manifest>: attribution at /data/app/com.google.android.gms-1/base.apk Binary XML file line #156
11-23 01:53:50.186 10574 10574 W PackageParser: Unknown element under <manifest>: attribution at /data/app/com.google.android.gms-1/base.apk Binary XML file line #159
11-23 01:53:50.186 10574 10574 W PackageParser: Unknown element under <manifest>: attribution at /data/app/com.google.android.gms-1/base.apk Binary XML file line #162
11-23 01:53:50.186 10574 10574 W PackageParser: Unknown element under <manifest>: attribution at /data/app/com.google.android.gms-1/base.apk Binary XML file line #165
11-23 01:53:50.186 10574 10574 W PackageParser: Unknown element under <manifest>: attribution at /data/app/com.google.android.gms-1/base.apk Binary XML file line #168
11-23 01:53:50.186 10574 10574 W PackageParser: Unknown element under <manifest>: attribution at /data/app/com.google.android.gms-1/base.apk Binary XML file line #171
11-23 01:53:50.186 10574 10574 W PackageParser: Unknown element under <manifest>: attribution at /data/app/com.google.android.gms-1/base.apk Binary XML file line #174
11-23 01:53:50.186 10574 10574 W PackageParser: Unknown element under <manifest>: attribution at /data/app/com.google.android.gms-1/base.apk Binary XML file line #177
11-23 01:53:50.186 10574 10574 W PackageParser: Unknown element under <manifest>: attribution at /data/app/com.google.android.gms-1/base.apk Binary XML file line #180
11-23 01:53:50.186 10574 10574 W PackageParser: Unknown element under <manifest>: attribution at /data/app/com.google.android.gms-1/base.apk Binary XML file line #183
11-23 01:53:50.186 10574 10574 W PackageParser: Unknown element under <manifest>: attribution at /data/app/com.google.android.gms-1/base.apk Binary XML file line #186
11-23 01:53:50.186 10574 10574 W PackageParser: Unknown element under <manifest>: attribution at /data/app/com.google.android.gms-1/base.apk Binary XML file line #189
11-23 01:53:50.186 10574 10574 W PackageParser: Unknown element under <manifest>: attribution at /data/app/com.google.android.gms-1/base.apk Binary XML file line #192
11-23 01:53:50.186 10574 10574 W PackageParser: Unknown element under <manifest>: attribution at /data/app/com.google.android.gms-1/base.apk Binary XML file line #195
11-23 01:53:50.186 10574 10574 W PackageParser: Unknown element under <manifest>: attribution at /data/app/com.google.android.gms-1/base.apk Binary XML file line #198
11-23 01:53:50.186 10574 10574 W PackageParser: Unknown element under <manifest>: attribution at /data/app/com.google.android.gms-1/base.apk Binary XML file line #201
11-23 01:53:50.186 10574 10574 W PackageParser: Unknown element under <manifest>: attribution at /data/app/com.google.android.gms-1/base.apk Binary XML file line #204
11-23 01:53:50.186 10574 10574 W PackageParser: Unknown element under <manifest>: attribution at /data/app/com.google.android.gms-1/base.apk Binary XML file line #207
11-23 01:53:50.186 10574 10574 W PackageParser: Unknown element under <manifest>: attribution at /data/app/com.google.android.gms-1/base.apk Binary XML file line #210
11-23 01:53:50.186 10574 10574 W PackageParser: Unknown element under <manifest>: attribution at /data/app/com.google.android.gms-1/base.apk Binary XML file line #213
11-23 01:53:50.186 10574 10574 W PackageParser: Unknown element under <manifest>: attribution at /data/app/com.google.android.gms-1/base.apk Binary XML file line #216
11-23 01:53:50.187 10574 10574 W PackageParser: Unknown element under <manifest>: attribution at /data/app/com.google.android.gms-1/base.apk Binary XML file line #219
11-23 01:53:50.187 10574 10574 W PackageParser: Unknown element under <manifest>: attribution at /data/app/com.google.android.gms-1/base.apk Binary XML file line #222
11-23 01:53:50.187 10574 10574 W PackageParser: Unknown element under <manifest>: attribution at /data/app/com.google.android.gms-1/base.apk Binary XML file line #225
11-23 01:53:50.187 10574 10574 W PackageParser: Unknown element under <manifest>: attribution at /data/app/com.google.android.gms-1/base.apk Binary XML file line #228
11-23 01:53:50.187 10574 10574 W PackageParser: Unknown element under <manifest>: attribution at /data/app/com.google.android.gms-1/base.apk Binary XML file line #231
11-23 01:53:50.187 10574 10574 W PackageParser: Unknown element under <manifest>: attribution at /data/app/com.google.android.gms-1/base.apk Binary XML file line #234
11-23 01:53:50.187 10574 10574 W PackageParser: Unknown element under <manifest>: attribution at /data/app/com.google.android.gms-1/base.apk Binary XML file line #237
11-23 01:53:50.187 10574 10574 W PackageParser: Unknown element under <manifest>: attribution at /data/app/com.google.android.gms-1/base.apk Binary XML file line #240
11-23 01:53:50.187 10574 10574 W PackageParser: Unknown element under <manifest>: attribution at /data/app/com.google.android.gms-1/base.apk Binary XML file line #243
11-23 01:53:50.187 10574 10574 W PackageParser: Unknown element under <manifest>: attribution at /data/app/com.google.android.gms-1/base.apk Binary XML file line #246
11-23 01:53:50.187 10574 10574 W PackageParser: Unknown element under <manifest>: attribution at /data/app/com.google.android.gms-1/base.apk Binary XML file line #249
11-23 01:53:50.187 10574 10574 W PackageParser: Unknown element under <manifest>: attribution at /data/app/com.google.android.gms-1/base.apk Binary XML file line #252
11-23 01:53:50.187 10574 10574 W PackageParser: Unknown element under <manifest>: attribution at /data/app/com.google.android.gms-1/base.apk Binary XML file line #255
11-23 01:53:50.187 10574 10574 W PackageParser: Unknown element under <manifest>: attribution at /data/app/com.google.android.gms-1/base.apk Binary XML file line #258
11-23 01:53:50.187 10574 10574 W PackageParser: Unknown element under <manifest>: attribution at /data/app/com.google.android.gms-1/base.apk Binary XML file line #261
11-23 01:53:50.187 10574 10574 W PackageParser: Unknown element under <manifest>: attribution at /data/app/com.google.android.gms-1/base.apk Binary XML file line #264
11-23 01:53:50.187 10574 10574 W PackageParser: Unknown element under <manifest>: attribution at /data/app/com.google.android.gms-1/base.apk Binary XML file line #267
11-23 01:53:50.187 10574 10574 W PackageParser: Unknown element under <manifest>: attribution at /data/app/com.google.android.gms-1/base.apk Binary XML file line #270
11-23 01:53:50.188 10574 10574 W PackageParser: Unknown element under <manifest>: attribution at /data/app/com.google.android.gms-1/base.apk Binary XML file line #273
11-23 01:53:50.188 10574 10574 W PackageParser: Unknown element under <manifest>: attribution at /data/app/com.google.android.gms-1/base.apk Binary XML file line #276
11-23 01:53:50.188 10574 10574 W PackageParser: Unknown element under <manifest>: attribution at /data/app/com.google.android.gms-1/base.apk Binary XML file line #279
11-23 01:53:50.188 10574 10574 W PackageParser: Unknown element under <manifest>: attribution at /data/app/com.google.android.gms-1/base.apk Binary XML file line #282
11-23 01:53:50.188 10574 10574 W PackageParser: Unknown element under <manifest>: attribution at /data/app/com.google.android.gms-1/base.apk Binary XML file line #285
11-23 01:53:50.188 10574 10574 W PackageParser: Unknown element under <manifest>: attribution at /data/app/com.google.android.gms-1/base.apk Binary XML file line #288
11-23 01:53:50.188 10574 10574 W PackageParser: Unknown element under <manifest>: attribution at /data/app/com.google.android.gms-1/base.apk Binary XML file line #291
11-23 01:53:50.188 10574 10574 W PackageParser: Unknown element under <manifest>: attribution at /data/app/com.google.android.gms-1/base.apk Binary XML file line #294
11-23 01:53:50.188 10574 10574 W PackageParser: Unknown element under <manifest>: attribution at /data/app/com.google.android.gms-1/base.apk Binary XML file line #297
11-23 01:53:50.188 10574 10574 W PackageParser: Unknown element under <manifest>: attribution at /data/app/com.google.android.gms-1/base.apk Binary XML file line #300
11-23 01:53:50.188 10574 10574 W PackageParser: Unknown element under <manifest>: attribution at /data/app/com.google.android.gms-1/base.apk Binary XML file line #303
11-23 01:53:50.188 10574 10574 W PackageParser: Unknown element under <manifest>: attribution at /data/app/com.google.android.gms-1/base.apk Binary XML file line #306
11-23 01:53:50.188 10574 10574 W PackageParser: Unknown element under <manifest>: attribution at /data/app/com.google.android.gms-1/base.apk Binary XML file line #309
11-23 01:53:50.188 10574 10574 W PackageParser: Unknown element under <manifest>: attribution at /data/app/com.google.android.gms-1/base.apk Binary XML file line #312
11-23 01:53:50.188 10574 10574 W PackageParser: Unknown element under <manifest>: attribution at /data/app/com.google.android.gms-1/base.apk Binary XML file line #315
11-23 01:53:50.188 10574 10574 W PackageParser: Unknown element under <manifest>: attribution at /data/app/com.google.android.gms-1/base.apk Binary XML file line #318
11-23 01:53:50.188 10574 10574 W PackageParser: Unknown element under <manifest>: attribution at /data/app/com.google.android.gms-1/base.apk Binary XML file line #321
11-23 01:53:50.188 10574 10574 W PackageParser: Unknown element under <manifest>: attribution at /data/app/com.google.android.gms-1/base.apk Binary XML file line #324
11-23 01:53:50.188 10574 10574 W PackageParser: Unknown element under <manifest>: attribution at /data/app/com.google.android.gms-1/base.apk Binary XML file line #327
11-23 01:53:50.188 10574 10574 W PackageParser: Unknown element under <manifest>: attribution at /data/app/com.google.android.gms-1/base.apk Binary XML file line #330
11-23 01:53:50.188 10574 10574 W PackageParser: Unknown element under <manifest>: attribution at /data/app/com.google.android.gms-1/base.apk Binary XML file line #333
11-23 01:53:50.188 10574 10574 W PackageParser: Unknown element under <manifest>: attribution at /data/app/com.google.android.gms-1/base.apk Binary XML file line #336
11-23 01:53:50.188 10574 10574 W PackageParser: Unknown element under <manifest>: attribution at /data/app/com.google.android.gms-1/base.apk Binary XML file line #339
11-23 01:53:50.188 10574 10574 W PackageParser: Unknown element under <manifest>: attribution at /data/app/com.google.android.gms-1/base.apk Binary XML file line #342
11-23 01:53:50.188 10574 10574 W PackageParser: Unknown element under <manifest>: attribution at /data/app/com.google.android.gms-1/base.apk Binary XML file line #345
11-23 01:53:50.188 10574 10574 W PackageParser: Unknown element under <manifest>: attribution at /data/app/com.google.android.gms-1/base.apk Binary XML file line #348
11-23 01:53:50.188 10574 10574 W PackageParser: Unknown element under <manifest>: attribution at /data/app/com.google.android.gms-1/base.apk Binary XML file line #351
11-23 01:53:50.188 10574 10574 W PackageParser: Unknown element under <manifest>: attribution at /data/app/com.google.android.gms-1/base.apk Binary XML file line #354
11-23 01:53:50.188 10574 10574 W PackageParser: Unknown element under <manifest>: attribution at /data/app/com.google.android.gms-1/base.apk Binary XML file line #357
11-23 01:53:50.188 10574 10574 W PackageParser: Unknown element under <manifest>: attribution at /data/app/com.google.android.gms-1/base.apk Binary XML file line #360
11-23 01:53:50.188 10574 10574 W PackageParser: Unknown element under <manifest>: attribution at /data/app/com.google.android.gms-1/base.apk Binary XML file line #363
11-23 01:53:50.188 10574 10574 W PackageParser: Unknown element under <manifest>: attribution at /data/app/com.google.android.gms-1/base.apk Binary XML file line #366
11-23 01:53:50.188 10574 10574 W PackageParser: Unknown element under <manifest>: attribution at /data/app/com.google.android.gms-1/base.apk Binary XML file line #369
11-23 01:53:50.188 10574 10574 W PackageParser: Unknown element under <manifest>: attribution at /data/app/com.google.android.gms-1/base.apk Binary XML file line #372
11-23 01:53:50.188 10574 10574 W PackageParser: Unknown element under <manifest>: attribution at /data/app/com.google.android.gms-1/base.apk Binary XML file line #375
11-23 01:53:50.188 10574 10574 W PackageParser: Unknown element under <manifest>: attribution at /data/app/com.google.android.gms-1/base.apk Binary XML file line #378
11-23 01:53:50.188 10574 10574 W PackageParser: Unknown element under <manifest>: attribution at /data/app/com.google.android.gms-1/base.apk Binary XML file line #381
11-23 01:53:50.188 10574 10574 W PackageParser: Unknown element under <manifest>: attribution at /data/app/com.google.android.gms-1/base.apk Binary XML file line #384
11-23 01:53:50.188 10574 10574 W PackageParser: Unknown element under <manifest>: attribution at /data/app/com.google.android.gms-1/base.apk Binary XML file line #387
11-23 01:53:50.188 10574 10574 W PackageParser: Unknown element under <manifest>: attribution at /data/app/com.google.android.gms-1/base.apk Binary XML file line #390
11-23 01:53:50.188 10574 10574 W PackageParser: Unknown element under <manifest>: attribution at /data/app/com.google.android.gms-1/base.apk Binary XML file line #393
11-23 01:53:50.188 10574 10574 W PackageParser: Unknown element under <manifest>: attribution at /data/app/com.google.android.gms-1/base.apk Binary XML file line #396
11-23 01:53:50.188 10574 10574 W PackageParser: Unknown element under <manifest>: attribution at /data/app/com.google.android.gms-1/base.apk Binary XML file line #399
11-23 01:53:50.188 10574 10574 W PackageParser: Unknown element under <manifest>: attribution at /data/app/com.google.android.gms-1/base.apk Binary XML file line #402
11-23 01:53:50.188 10574 10574 W PackageParser: Unknown element under <manifest>: attribution at /data/app/com.google.android.gms-1/base.apk Binary XML file line #405
11-23 01:53:50.188 10574 10574 W PackageParser: Unknown element under <manifest>: attribution at /data/app/com.google.android.gms-1/base.apk Binary XML file line #408
11-23 01:53:50.189 10574 10574 W PackageParser: Unknown element under <manifest>: attribution at /data/app/com.google.android.gms-1/base.apk Binary XML file line #411
11-23 01:53:50.189 10574 10574 W PackageParser: Unknown element under <manifest>: attribution at /data/app/com.google.android.gms-1/base.apk Binary XML file line #414
11-23 01:53:50.189 10574 10574 W PackageParser: Unknown element under <manifest>: attribution at /data/app/com.google.android.gms-1/base.apk Binary XML file line #417
11-23 01:53:50.189 10574 10574 W PackageParser: Unknown element under <manifest>: attribution at /data/app/com.google.android.gms-1/base.apk Binary XML file line #420
11-23 01:53:50.189 10574 10574 W PackageParser: Unknown element under <manifest>: attribution at /data/app/com.google.android.gms-1/base.apk Binary XML file line #423
11-23 01:53:50.189 10574 10574 W PackageParser: Unknown element under <manifest>: attribution at /data/app/com.google.android.gms-1/base.apk Binary XML file line #426
11-23 01:53:50.189 10574 10574 W PackageParser: Unknown element under <manifest>: attribution at /data/app/com.google.android.gms-1/base.apk Binary XML file line #429
11-23 01:53:50.189 10574 10574 W PackageParser: Unknown element under <manifest>: attribution at /data/app/com.google.android.gms-1/base.apk Binary XML file line #432
11-23 01:53:50.189 10574 10574 W PackageParser: Unknown element under <manifest>: attribution at /data/app/com.google.android.gms-1/base.apk Binary XML file line #435
11-23 01:53:50.189 10574 10574 W PackageParser: Unknown element under <manifest>: attribution at /data/app/com.google.android.gms-1/base.apk Binary XML file line #438
11-23 01:53:50.189 10574 10574 W PackageParser: Unknown element under <manifest>: attribution at /data/app/com.google.android.gms-1/base.apk Binary XML file line #441
11-23 01:53:50.189 10574 10574 W PackageParser: Unknown element under <manifest>: attribution at /data/app/com.google.android.gms-1/base.apk Binary XML file line #444
11-23 01:53:50.189 10574 10574 W PackageParser: Unknown element under <manifest>: attribution at /data/app/com.google.android.gms-1/base.apk Binary XML file line #447
11-23 01:53:50.189 10574 10574 W PackageParser: Unknown element under <manifest>: attribution at /data/app/com.google.android.gms-1/base.apk Binary XML file line #450
11-23 01:53:50.189 10574 10574 W PackageParser: Unknown element under <manifest>: attribution at /data/app/com.google.android.gms-1/base.apk Binary XML file line #453
11-23 01:53:50.189 10574 10574 W PackageParser: Unknown element under <manifest>: attribution at /data/app/com.google.android.gms-1/base.apk Binary XML file line #456
11-23 01:53:50.189 10574 10574 W PackageParser: Unknown element under <manifest>: attribution at /data/app/com.google.android.gms-1/base.apk Binary XML file line #459
11-23 01:53:50.189 10574 10574 W PackageParser: Unknown element under <manifest>: attribution at /data/app/com.google.android.gms-1/base.apk Binary XML file line #462
11-23 01:53:50.189 10574 10574 W PackageParser: Unknown element under <manifest>: attribution at /data/app/com.google.android.gms-1/base.apk Binary XML file line #465
11-23 01:53:50.189 10574 10574 W PackageParser: Unknown element under <manifest>: attribution at /data/app/com.google.android.gms-1/base.apk Binary XML file line #468
11-23 01:53:50.189 10574 10574 W PackageParser: Unknown element under <manifest>: attribution at /data/app/com.google.android.gms-1/base.apk Binary XML file line #471
11-23 01:53:50.189 10574 10574 W PackageParser: Unknown element under <manifest>: attribution at /data/app/com.google.android.gms-1/base.apk Binary XML file line #474
11-23 01:53:50.189 10574 10574 W PackageParser: Unknown element under <manifest>: attribution at /data/app/com.google.android.gms-1/base.apk Binary XML file line #477
11-23 01:53:50.189 10574 10574 W PackageParser: Unknown element under <manifest>: attribution at /data/app/com.google.android.gms-1/base.apk Binary XML file line #480
11-23 01:53:50.189 10574 10574 W PackageParser: Unknown element under <manifest>: attribution at /data/app/com.google.android.gms-1/base.apk Binary XML file line #483
11-23 01:53:50.189 10574 10574 W PackageParser: Unknown element under <manifest>: attribution at /data/app/com.google.android.gms-1/base.apk Binary XML file line #486
11-23 01:53:50.189 10574 10574 W PackageParser: Unknown element under <manifest>: attribution at /data/app/com.google.android.gms-1/base.apk Binary XML file line #489
11-23 01:53:50.189 10574 10574 W PackageParser: Unknown element under <manifest>: attribution at /data/app/com.google.android.gms-1/base.apk Binary XML file line #492
11-23 01:53:50.189 10574 10574 W PackageParser: Unknown element under <manifest>: attribution at /data/app/com.google.android.gms-1/base.apk Binary XML file line #495
11-23 01:53:50.189 10574 10574 W PackageParser: Unknown element under <manifest>: attribution at /data/app/com.google.android.gms-1/base.apk Binary XML file line #498
11-23 01:53:50.189 10574 10574 W PackageParser: Unknown element under <manifest>: attribution at /data/app/com.google.android.gms-1/base.apk Binary XML file line #501
11-23 01:53:50.189 10574 10574 W PackageParser: Unknown element under <manifest>: attribution at /data/app/com.google.android.gms-1/base.apk Binary XML file line #504
11-23 01:53:50.189 10574 10574 W PackageParser: Unknown element under <manifest>: attribution at /data/app/com.google.android.gms-1/base.apk Binary XML file line #507
11-23 01:53:50.189 10574 10574 W PackageParser: Unknown element under <manifest>: attribution at /data/app/com.google.android.gms-1/base.apk Binary XML file line #510
11-23 01:53:50.189 10574 10574 W PackageParser: Unknown element under <manifest>: attribution at /data/app/com.google.android.gms-1/base.apk Binary XML file line #513
11-23 01:53:50.189 10574 10574 W PackageParser: Unknown element under <manifest>: attribution at /data/app/com.google.android.gms-1/base.apk Binary XML file line #516
11-23 01:53:50.189 10574 10574 W PackageParser: Unknown element under <manifest>: attribution at /data/app/com.google.android.gms-1/base.apk Binary XML file line #519
11-23 01:53:50.189 10574 10574 W PackageParser: Unknown element under <manifest>: attribution at /data/app/com.google.android.gms-1/base.apk Binary XML file line #522
11-23 01:53:50.189 10574 10574 W PackageParser: Unknown element under <manifest>: attribution at /data/app/com.google.android.gms-1/base.apk Binary XML file line #525
11-23 01:53:50.189 10574 10574 W PackageParser: Unknown element under <manifest>: attribution at /data/app/com.google.android.gms-1/base.apk Binary XML file line #528
11-23 01:53:50.189 10574 10574 W PackageParser: Unknown element under <manifest>: attribution at /data/app/com.google.android.gms-1/base.apk Binary XML file line #531
11-23 01:53:50.189 10574 10574 W PackageParser: Unknown element under <manifest>: attribution at /data/app/com.google.android.gms-1/base.apk Binary XML file line #534
11-23 01:53:50.189 10574 10574 W PackageParser: Unknown element under <manifest>: attribution at /data/app/com.google.android.gms-1/base.apk Binary XML file line #537
11-23 01:53:50.189 10574 10574 W PackageParser: Unknown element under <manifest>: attribution at /data/app/com.google.android.gms-1/base.apk Binary XML file line #540
11-23 01:53:50.189 10574 10574 W PackageParser: Unknown element under <manifest>: attribution at /data/app/com.google.android.gms-1/base.apk Binary XML file line #543
11-23 01:53:50.189 10574 10574 W PackageParser: Unknown element under <manifest>: attribution at /data/app/com.google.android.gms-1/base.apk Binary XML file line #546
11-23 01:53:50.190 10574 10574 W PackageParser: Unknown element under <manifest>: attribution at /data/app/com.google.android.gms-1/base.apk Binary XML file line #549
11-23 01:53:50.190 10574 10574 W PackageParser: Unknown element under <manifest>: attribution at /data/app/com.google.android.gms-1/base.apk Binary XML file line #552
11-23 01:53:50.190 10574 10574 W PackageParser: Unknown element under <manifest>: attribution at /data/app/com.google.android.gms-1/base.apk Binary XML file line #555
11-23 01:53:50.190 10574 10574 W PackageParser: Unknown element under <manifest>: attribution at /data/app/com.google.android.gms-1/base.apk Binary XML file line #558
11-23 01:53:50.190 10574 10574 W PackageParser: Unknown element under <manifest>: attribution at /data/app/com.google.android.gms-1/base.apk Binary XML file line #561
11-23 01:53:50.190 10574 10574 W PackageParser: Unknown element under <manifest>: attribution at /data/app/com.google.android.gms-1/base.apk Binary XML file line #564
11-23 01:53:50.190 10574 10574 W PackageParser: Unknown element under <manifest>: attribution at /data/app/com.google.android.gms-1/base.apk Binary XML file line #567
11-23 01:53:50.190 10574 10574 W PackageParser: Unknown element under <manifest>: attribution at /data/app/com.google.android.gms-1/base.apk Binary XML file line #570
11-23 01:53:50.190 10574 10574 W PackageParser: Unknown element under <manifest>: attribution at /data/app/com.google.android.gms-1/base.apk Binary XML file line #573
11-23 01:53:50.190 10574 10574 W PackageParser: Unknown element under <manifest>: attribution at /data/app/com.google.android.gms-1/base.apk Binary XML file line #576
11-23 01:53:50.190 10574 10574 W PackageParser: Unknown element under <manifest>: attribution at /data/app/com.google.android.gms-1/base.apk Binary XML file line #579
11-23 01:53:50.190 10574 10574 W PackageParser: Unknown element under <manifest>: attribution at /data/app/com.google.android.gms-1/base.apk Binary XML file line #582
11-23 01:53:50.190 10574 10574 W PackageParser: Unknown element under <manifest>: attribution at /data/app/com.google.android.gms-1/base.apk Binary XML file line #585
11-23 01:53:50.190 10574 10574 W PackageParser: Unknown element under <manifest>: attribution at /data/app/com.google.android.gms-1/base.apk Binary XML file line #588
11-23 01:53:50.190 10574 10574 W PackageParser: Unknown element under <manifest>: attribution at /data/app/com.google.android.gms-1/base.apk Binary XML file line #591
11-23 01:53:50.190 10574 10574 W PackageParser: Unknown element under <manifest>: attribution at /data/app/com.google.android.gms-1/base.apk Binary XML file line #594
11-23 01:53:50.190 10574 10574 W PackageParser: Unknown element under <manifest>: attribution at /data/app/com.google.android.gms-1/base.apk Binary XML file line #597
11-23 01:53:50.200 10574 10574 W PackageParser: Unknown element under <manifest>: attribution at /data/app/com.google.android.gms-1/base.apk Binary XML file line #1266
11-23 01:53:50.200 10574 10574 W PackageParser: Unknown element under <manifest>: attribution at /data/app/com.google.android.gms-1/base.apk Binary XML file line #1269
11-23 01:53:50.200 10574 10574 W PackageParser: Unknown element under <manifest>: attribution at /data/app/com.google.android.gms-1/base.apk Binary XML file line #1272
11-23 01:53:50.200 10574 10574 W PackageParser: Unknown element under <manifest>: attribution at /data/app/com.google.android.gms-1/base.apk Binary XML file line #1275
11-23 01:53:50.200 10574 10574 W PackageParser: Unknown element under <manifest>: attribution at /data/app/com.google.android.gms-1/base.apk Binary XML file line #1278
11-23 01:53:50.200 10574 10574 W PackageParser: Unknown element under <manifest>: attribution at /data/app/com.google.android.gms-1/base.apk Binary XML file line #1281
11-23 01:53:50.200 10574 10574 W PackageParser: Unknown element under <manifest>: attribution at /data/app/com.google.android.gms-1/base.apk Binary XML file line #1284
11-23 01:53:50.201 10574 10574 W PackageParser: Unknown element under <manifest>: queries at /data/app/com.google.android.gms-1/base.apk Binary XML file line #1288
11-23 01:53:50.210 10574 10574 W ResourceType: Failure getting entry for 0x7f1603f5 (t=21 e=1013) (error -75)
11-23 01:53:50.215 10574 10574 W ResourceType: Failure getting entry for 0x7f1602e5 (t=21 e=741) (error -75)
11-23 01:53:50.222 10574 10574 W ResourceType: Failure getting entry for 0x7f16034f (t=21 e=847) (error -75)
11-23 01:53:50.223 10574 10574 W ResourceType: Failure getting entry for 0x7f160510 (t=21 e=1296) (error -75)
11-23 01:53:50.223 10574 10574 W ResourceType: Failure getting entry for 0x7f160510 (t=21 e=1296) (error -75)
11-23 01:53:50.223 10574 10574 W ResourceType: Failure getting entry for 0x7f1604de (t=21 e=1246) (error -75)
11-23 01:53:50.223 10574 10574 W ResourceType: Failure getting entry for 0x7f1604fd (t=21 e=1277) (error -75)
11-23 01:53:50.223 10574 10574 W ResourceType: Failure getting entry for 0x7f160501 (t=21 e=1281) (error -75)
11-23 01:53:50.223 10574 10574 W ResourceType: Failure getting entry for 0x7f1604c4 (t=21 e=1220) (error -75)
11-23 01:53:50.223 10574 10574 W ResourceType: Failure getting entry for 0x7f160501 (t=21 e=1281) (error -75)
11-23 01:53:50.224 10574 10574 W ResourceType: Failure getting entry for 0x7f160501 (t=21 e=1281) (error -75)
11-23 01:53:50.224 10574 10574 W ResourceType: Failure getting entry for 0x7f1604d8 (t=21 e=1240) (error -75)
11-23 01:53:50.224 10574 10574 W ResourceType: Failure getting entry for 0x7f1604d8 (t=21 e=1240) (error -75)
11-23 01:53:50.231 10574 10574 W ResourceType: Failure getting entry for 0x7f080a27 (t=7 e=2599) (error -75)
11-23 01:53:50.238 10574 10574 W PackageManager: Package com.google.android.gms desires unavailable shared library org.apache.http.legacy; ignoring!
11-23 01:53:50.238 10574 10574 W PackageManager: Package com.google.android.gms desires unavailable shared library com.google.android.ble; ignoring!
11-23 01:53:50.238 10574 10574 W PackageManager: Package com.google.android.gms desires unavailable shared library samsung.uwb; ignoring!
11-23 01:53:50.238 10574 10574 W PackageManager: Package com.google.android.gms desires unavailable shared library androidx.window.extensions; ignoring!
11-23 01:53:50.238 10574 10574 W PackageManager: Package com.google.android.gms desires unavailable shared library androidx.window.sidecar; ignoring!
11-23 01:53:50.238 10574 10574 W PackageManager: Package com.google.android.gms desires unavailable shared library com.google.android.wearable; ignoring!
11-23 01:53:50.297 10258 10258 D LauncherActivity: FullDialog progress=64
11-23 01:53:50.418 10258 10258 D LauncherActivity: FullDialog progress=65
11-23 01:53:50.539 10258 10258 D LauncherActivity: FullDialog progress=66
11-23 01:53:50.660 10258 10258 D LauncherActivity: FullDialog progress=67
11-23 01:53:50.781 10258 10258 D LauncherActivity: FullDialog progress=68
11-23 01:53:50.902 10258 10258 D LauncherActivity: FullDialog progress=69
11-23 01:53:50.940 10574 10574 W PackageParser: Unknown element under <manifest>: queries at /data/app/com.mobile.legends-1/base.apk Binary XML file line #108
11-23 01:53:50.943 10574 10574 W PackageParser: No actions in intent filter at /data/app/com.mobile.legends-1/base.apk Binary XML file line #283
11-23 01:53:50.943 10574 10574 W PackageParser: No actions in intent filter at /data/app/com.mobile.legends-1/base.apk Binary XML file line #288
11-23 01:53:50.946 10574 10574 W PackageManager: Package com.mobile.legends desires unavailable shared library org.apache.http.legacy; ignoring!
11-23 01:53:51.023 10258 10258 D LauncherActivity: FullDialog progress=70
11-23 01:53:51.142 10258 10258 D LauncherActivity: FullDialog progress=71
11-23 01:53:51.263 10258 10258 D LauncherActivity: FullDialog progress=72
11-23 01:53:51.340 10574 10574 D PackageManager: No files in app dir /data/app-private
11-23 01:53:51.340 10574 10574 W PackageManager: Package com.android.vending desires unavailable shared library org.apache.http.legacy; ignoring!
11-23 01:53:51.340 10574 10574 W PackageManager: Package com.mobile.legends desires unavailable shared library org.apache.http.legacy; ignoring!
11-23 01:53:51.340 10574 10574 W PackageManager: Package com.google.android.gms desires unavailable shared library org.apache.http.legacy; ignoring!
11-23 01:53:51.340 10574 10574 W PackageManager: Package com.google.android.gms desires unavailable shared library com.google.android.ble; ignoring!
11-23 01:53:51.340 10574 10574 W PackageManager: Package com.google.android.gms desires unavailable shared library samsung.uwb; ignoring!
11-23 01:53:51.340 10574 10574 W PackageManager: Package com.google.android.gms desires unavailable shared library androidx.window.extensions; ignoring!
11-23 01:53:51.340 10574 10574 W PackageManager: Package com.google.android.gms desires unavailable shared library androidx.window.sidecar; ignoring!
11-23 01:53:51.340 10574 10574 W PackageManager: Package com.google.android.gms desires unavailable shared library com.google.android.wearable; ignoring!
11-23 01:53:51.340 10574 10574 I PackageManager: Adjusting ABI for : com.google.android.backuptransport to armeabi-v7a
11-23 01:53:51.341 10574 10574 I PackageManager: Adjusting ABI for : com.google.android.gsf to armeabi-v7a
11-23 01:53:51.341 10574 10574 I PackageManager: Adjusting ABI for : com.google.android.syncadapters.contacts to armeabi-v7a
11-23 01:53:51.341 10574 10574 I PackageManager: Adjusting ABI for : com.google.android.gsf.login to armeabi-v7a
11-23 01:53:51.342 10574 10574 I PackageManager: Adjusting ABI for : vmos.com.file to armeabi-v7a
11-23 01:53:51.342 10574 10574 I PackageManager: Adjusting ABI for : com.android.server.telecom to armeabi-v7a
11-23 01:53:51.343 10574 10574 I PackageManager: Adjusting ABI for : com.android.inputdevices to armeabi-v7a
11-23 01:53:51.343 10574 10574 I PackageManager: Adjusting ABI for : com.android.providers.settings to armeabi-v7a
11-23 01:53:51.343 10574 10574 I PackageManager: Adjusting ABI for : com.vmos.recovery to armeabi-v7a
11-23 01:53:51.343 10574 10574 I PackageManager: Adjusting ABI for : com.vmos.vmosservice to armeabi-v7a
11-23 01:53:51.344 10574 10574 I PackageManager: Adjusting ABI for : ch.deletescape.lawnchair.plah to armeabi-v7a
11-23 01:53:51.344 10574 10574 I PackageManager: Adjusting ABI for : com.android.location.fused to armeabi-v7a
11-23 01:53:51.344 10574 10574 I PackageManager: Adjusting ABI for : com.android.keychain to armeabi-v7a
11-23 01:53:51.348 10574 10574 I PackageManager: Time to scan packages: 3.136 seconds
11-23 01:53:51.349 10574 10574 W PackageManager: Unknown permission com.android.launcher.permission.READ_SETTINGS in package com.google.android.onetimeinitializer
11-23 01:53:51.349 10574 10574 W PackageManager: Unknown permission com.android.launcher.permission.WRITE_SETTINGS in package com.google.android.onetimeinitializer
11-23 01:53:51.349 10574 10574 W PackageManager: Unknown permission com.google.android.launcher.permission.READ_SETTINGS in package com.google.android.onetimeinitializer
11-23 01:53:51.349 10574 10574 W PackageManager: Unknown permission com.google.android.launcher.permission.WRITE_SETTINGS in package com.google.android.onetimeinitializer
11-23 01:53:51.350 10574 10574 W PackageManager: Unknown permission android.permission.ACCESS_NOTIFICATION_POLICY in package com.vmos.vmosservice
11-23 01:53:51.350 10574 10574 W PackageManager: Unknown permission com.vmos.vmosservice.permission.READ_SETTINGS in package com.vmos.vmosservice
11-23 01:53:51.350 10574 10574 W PackageManager: Unknown permission com.vmos.vmosservice.permission.WRITE_SETTINGS in package com.vmos.vmosservice
11-23 01:53:51.350 10574 10574 W PackageManager: Unknown permission com.vmos.vmosservice.permission.QSB in package com.vmos.vmosservice
11-23 01:53:51.350 10574 10574 W PackageManager: Unknown permission android.permission.REQUEST_INSTALL_PACKAGES in package com.vmos.vmosservice
11-23 01:53:51.350 10574 10574 W PackageManager: Unknown permission com.android.launcher.permission.READ_SETTINGS in package com.vmos.vmosservice
11-23 01:53:51.350 10574 10574 W PackageManager: Unknown permission com.android.launcher.permission.WRITE_SETTINGS in package com.vmos.vmosservice
11-23 01:53:51.350 10574 10574 W PackageManager: Not granting permission android.permission.ACCESS_DOWNLOAD_MANAGER to package com.android.browser (protectionLevel=18 flags=0x9be45)
11-23 01:53:51.350 10574 10574 W PackageManager: Not granting permission android.permission.SEND_DOWNLOAD_COMPLETED_INTENTS to package com.android.browser (protectionLevel=2 flags=0x9be45)
11-23 01:53:51.350 10574 10574 W PackageManager: Unknown permission android.permission.ACCESS_NOTIFICATION_POLICY in package ch.deletescape.lawnchair.plah
11-23 01:53:51.351 10574 10574 W PackageManager: Unknown permission android.permission.REQUEST_INSTALL_PACKAGES in package ch.deletescape.lawnchair.plah
11-23 01:53:51.351 10574 10574 W PackageManager: Unknown permission com.android.launcher.permission.READ_SETTINGS in package ch.deletescape.lawnchair.plah
11-23 01:53:51.351 10574 10574 W PackageManager: Unknown permission com.android.launcher.permission.WRITE_SETTINGS in package ch.deletescape.lawnchair.plah
11-23 01:53:51.351 10574 10574 W PackageManager: Unknown permission android.permission.READ_DEVICE_CONFIG in package com.android.vending
11-23 01:53:51.351 10574 10574 W PackageManager: Unknown permission android.permission.WRITE_DEVICE_CONFIG in package com.android.vending
11-23 01:53:51.351 10574 10574 W PackageManager: Unknown permission android.permission.SEND_SMS_NO_CONFIRMATION in package com.android.vending
11-23 01:53:51.351 10574 10574 W PackageManager: Not granting permission android.permission.SEND_DOWNLOAD_COMPLETED_INTENTS to package com.android.vending (protectionLevel=2 flags=0x404abec5)
11-23 01:53:51.351 10574 10574 W PackageManager: Unknown permission android.permission.USE_FINGERPRINT in package com.android.vending
11-23 01:53:51.351 10574 10574 W PackageManager: Unknown permission android.permission.USE_BIOMETRIC in package com.android.vending
11-23 01:53:51.351 10574 10574 W PackageManager: Unknown permission android.permission.GET_ACCOUNTS_PRIVILEGED in package com.android.vending
11-23 01:53:51.351 10574 10574 W PackageManager: Unknown permission android.permission.INSTALL_GRANT_RUNTIME_PERMISSIONS in package com.android.vending
11-23 01:53:51.351 10574 10574 W PackageManager: Unknown permission android.permission.GRANT_RUNTIME_PERMISSIONS in package com.android.vending
11-23 01:53:51.351 10574 10574 W PackageManager: Unknown permission android.permission.REVOKE_RUNTIME_PERMISSIONS in package com.android.vending
11-23 01:53:51.351 10574 10574 W PackageManager: Unknown permission android.permission.CHANGE_DEVICE_IDLE_TEMP_WHITELIST in package com.android.vending
11-23 01:53:51.351 10574 10574 W PackageManager: Unknown permission android.permission.ALLOCATE_AGGRESSIVE in package com.android.vending
11-23 01:53:51.351 10574 10574 W PackageManager: Not granting permission android.permission.SET_PREFERRED_APPLICATIONS to package com.android.vending (protectionLevel=2 flags=0x404abec5)
11-23 01:53:51.351 10574 10574 W PackageManager: Unknown permission android.permission.ACCESS_INSTANT_APPS in package com.android.vending
11-23 01:53:51.351 10574 10574 W PackageManager: Unknown permission android.permission.MANAGE_APP_OPS_MODES in package com.android.vending
11-23 01:53:51.351 10574 10574 W PackageManager: Unknown permission android.permission.MANAGE_ROLLBACKS in package com.android.vending
11-23 01:53:51.351 10574 10574 W PackageManager: Unknown permission android.permission.SET_HARMFUL_APP_WARNINGS in package com.android.vending
11-23 01:53:51.351 10574 10574 W PackageManager: Unknown permission android.permission.LOADER_USAGE_STATS in package com.android.vending
11-23 01:53:51.351 10574 10574 W PackageManager: Unknown permission com.google.android.partnersetup.permission.WRITE_APP_PROVIDER in package com.android.vending
11-23 01:53:51.352 10574 10574 W PackageManager: Unknown permission com.sec.android.provider.badge.permission.READ in package com.android.vending
11-23 01:53:51.352 10574 10574 W PackageManager: Unknown permission com.sec.android.provider.badge.permission.WRITE in package com.android.vending
11-23 01:53:51.352 10574 10574 W PackageManager: Unknown permission com.htc.launcher.permission.READ_SETTINGS in package com.android.vending
11-23 01:53:51.352 10574 10574 W PackageManager: Unknown permission com.htc.launcher.permission.UPDATE_SHORTCUT in package com.android.vending
11-23 01:53:51.352 10574 10574 W PackageManager: Unknown permission com.sonyericsson.home.permission.BROADCAST_BADGE in package com.android.vending
11-23 01:53:51.352 10574 10574 W PackageManager: Unknown permission com.sonymobile.home.permission.PROVIDER_INSERT_BADGE in package com.android.vending
11-23 01:53:51.352 10574 10574 W PackageManager: Unknown permission com.anddoes.launcher.permission.UPDATE_COUNT in package com.android.vending
11-23 01:53:51.352 10574 10574 W PackageManager: Unknown permission com.majeur.launcher.permission.UPDATE_BADGE in package com.android.vending
11-23 01:53:51.352 10574 10574 W PackageManager: Unknown permission com.huawei.android.launcher.permission.CHANGE_BADGE in package com.android.vending
11-23 01:53:51.352 10574 10574 W PackageManager: Unknown permission com.huawei.android.launcher.permission.READ_SETTINGS in package com.android.vending
