11-23 01:53:47.127 10492 10492 I art     : Explicit concurrent mark sweep GC freed 138(96KB) AllocSpace objects, 0(0B) LOS objects, 66% free, 1778KB/5MB, paused 104us total 4.537ms
11-23 01:53:47.131 10492 10492 W Resources: Preloaded drawable resource #0x10802ec (android:drawable/fastscroll_label_right_holo_dark) that varies with configuration!!
11-23 01:53:47.135 10492 10492 I art     : Explicit concurrent mark sweep GC freed 97(152KB) AllocSpace objects, 0(0B) LOS objects, 66% free, 1773KB/5MB, paused 88us total 4.668ms
11-23 01:53:47.136 10492 10492 W Resources: Preloaded drawable resource #0x10802f9 (android:drawable/fastscroll_track_pressed_holo_light) that varies with configuration!!
11-23 01:53:47.137 10492 10492 W Resources: Preloaded drawable resource #0x10802f4 (android:drawable/fastscroll_track_default_holo_light) that varies with configuration!!
11-23 01:53:47.137 10492 10492 W Resources: Preloaded drawable resource #0x10802f6 (android:drawable/fastscroll_track_holo_light) that varies with configuration!!
11-23 01:53:47.137 10492 10492 W Resources: Preloaded drawable resource #0x10802f9 (android:drawable/fastscroll_track_pressed_holo_light) that varies with configuration!!
11-23 01:53:47.137 10492 10492 W Resources: Preloaded drawable resource #0x10802f4 (android:drawable/fastscroll_track_default_holo_light) that varies with configuration!!
11-23 01:53:47.139 10492 10492 W Resources: Preloaded drawable resource #0x10802ea (android:drawable/fastscroll_label_left_holo_light) that varies with configuration!!
11-23 01:53:47.144 10492 10492 I art     : Explicit concurrent mark sweep GC freed 136(154KB) AllocSpace objects, 0(0B) LOS objects, 66% free, 1779KB/5MB, paused 92us total 4.449ms
11-23 01:53:47.148 10492 10492 W Resources: Preloaded drawable resource #0x10802ed (android:drawable/fastscroll_label_right_holo_light) that varies with configuration!!
11-23 01:53:47.152 10492 10492 I art     : Explicit concurrent mark sweep GC freed 97(152KB) AllocSpace objects, 0(0B) LOS objects, 66% free, 1774KB/5MB, paused 90us total 4.432ms
11-23 01:53:47.154 10492 10492 W Resources: Preloaded drawable resource #0x10802ca (android:drawable/editbox_dropdown_background_dark) that varies with configuration!!
11-23 01:53:47.155 10492 10492 W Resources: Preloaded drawable resource #0x1080736 (android:drawable/textfield_search_selected_holo_dark) that varies with configuration!!
11-23 01:53:47.155 10492 10492 W Resources: Preloaded drawable resource #0x1080728 (android:drawable/textfield_search_default_holo_dark) that varies with configuration!!
11-23 01:53:47.155 10492 10492 W Resources: Preloaded drawable resource #0x1080738 (android:drawable/textfield_searchview_holo_dark) that varies with configuration!!
11-23 01:53:47.156 10492 10492 W Resources: Preloaded drawable resource #0x1080733 (android:drawable/textfield_search_right_selected_holo_dark) that varies with configuration!!
11-23 01:53:47.156 10492 10492 W Resources: Preloaded drawable resource #0x1080731 (android:drawable/textfield_search_right_default_holo_dark) that varies with configuration!!
11-23 01:53:47.156 10492 10492 W Resources: Preloaded drawable resource #0x108073a (android:drawable/textfield_searchview_right_holo_dark) that varies with configuration!!
11-23 01:53:47.157 10492 10492 W Resources: Preloaded drawable resource #0x1080737 (android:drawable/textfield_search_selected_holo_light) that varies with configuration!!
11-23 01:53:47.158 10492 10492 W Resources: Preloaded drawable resource #0x1080729 (android:drawable/textfield_search_default_holo_light) that varies with configuration!!
11-23 01:53:47.158 10492 10492 W Resources: Preloaded drawable resource #0x1080739 (android:drawable/textfield_searchview_holo_light) that varies with configuration!!
11-23 01:53:47.163 10492 10492 I art     : Explicit concurrent mark sweep GC freed 222(160KB) AllocSpace objects, 0(0B) LOS objects, 66% free, 1666KB/4MB, paused 102us total 4.479ms
11-23 01:53:47.164 10492 10492 W Resources: Preloaded drawable resource #0x1080734 (android:drawable/textfield_search_right_selected_holo_light) that varies with configuration!!
11-23 01:53:47.165 10492 10492 W Resources: Preloaded drawable resource #0x1080732 (android:drawable/textfield_search_right_default_holo_light) that varies with configuration!!
11-23 01:53:47.165 10492 10492 W Resources: Preloaded drawable resource #0x108073b (android:drawable/textfield_searchview_right_holo_light) that varies with configuration!!
11-23 01:53:47.165 10492 10492 W Resources: Preloaded drawable resource #0x1080736 (android:drawable/textfield_search_selected_holo_dark) that varies with configuration!!
11-23 01:53:47.165 10492 10492 W Resources: Preloaded drawable resource #0x1080728 (android:drawable/textfield_search_default_holo_dark) that varies with configuration!!
11-23 01:53:47.165 10492 10492 W Resources: Preloaded drawable resource #0x1080733 (android:drawable/textfield_search_right_selected_holo_dark) that varies with configuration!!
11-23 01:53:47.165 10492 10492 W Resources: Preloaded drawable resource #0x1080731 (android:drawable/textfield_search_right_default_holo_dark) that varies with configuration!!
11-23 01:53:47.166 10492 10492 W Resources: Preloaded drawable resource #0x1080737 (android:drawable/textfield_search_selected_holo_light) that varies with configuration!!
11-23 01:53:47.166 10492 10492 W Resources: Preloaded drawable resource #0x1080729 (android:drawable/textfield_search_default_holo_light) that varies with configuration!!
11-23 01:53:47.166 10492 10492 W Resources: Preloaded drawable resource #0x1080734 (android:drawable/textfield_search_right_selected_holo_light) that varies with configuration!!
11-23 01:53:47.166 10492 10492 W Resources: Preloaded drawable resource #0x1080732 (android:drawable/textfield_search_right_default_holo_light) that varies with configuration!!
11-23 01:53:47.166 10492 10492 W Resources: Preloaded drawable resource #0x10806f2 (android:drawable/tab_unselected_holo) that varies with configuration!!
11-23 01:53:47.166 10492 10492 W Resources: Preloaded drawable resource #0x10806ed (android:drawable/tab_selected_holo) that varies with configuration!!
11-23 01:53:47.167 10492 10492 W Resources: Preloaded drawable resource #0x10806f1 (android:drawable/tab_unselected_focused_holo) that varies with configuration!!
11-23 01:53:47.167 10492 10492 W Resources: Preloaded drawable resource #0x10806ec (android:drawable/tab_selected_focused_holo) that varies with configuration!!
11-23 01:53:47.167 10492 10492 W Resources: Preloaded drawable resource #0x10806f3 (android:drawable/tab_unselected_pressed_holo) that varies with configuration!!
11-23 01:53:47.167 10492 10492 W Resources: Preloaded drawable resource #0x10806ee (android:drawable/tab_selected_pressed_holo) that varies with configuration!!
11-23 01:53:47.167 10492 10492 W Resources: Preloaded drawable resource #0x10806f3 (android:drawable/tab_unselected_pressed_holo) that varies with configuration!!
11-23 01:53:47.168 10492 10492 W Resources: Preloaded drawable resource #0x10806ee (android:drawable/tab_selected_pressed_holo) that varies with configuration!!
11-23 01:53:47.168 10492 10492 W Resources: Preloaded drawable resource #0x10806df (android:drawable/tab_indicator_holo) that varies with configuration!!
11-23 01:53:47.172 10492 10492 I art     : Explicit concurrent mark sweep GC freed 536(64KB) AllocSpace objects, 0(0B) LOS objects, 66% free, 1655KB/4MB, paused 101us total 4.520ms
11-23 01:53:47.174 10492 10492 W Resources: Preloaded drawable resource #0x10806f2 (android:drawable/tab_unselected_holo) that varies with configuration!!
11-23 01:53:47.174 10492 10492 W Resources: Preloaded drawable resource #0x10806ed (android:drawable/tab_selected_holo) that varies with configuration!!
11-23 01:53:47.174 10492 10492 W Resources: Preloaded drawable resource #0x10806f1 (android:drawable/tab_unselected_focused_holo) that varies with configuration!!
11-23 01:53:47.174 10492 10492 W Resources: Preloaded drawable resource #0x10806ec (android:drawable/tab_selected_focused_holo) that varies with configuration!!
11-23 01:53:47.175 10492 10492 W Resources: Preloaded drawable resource #0x10806f3 (android:drawable/tab_unselected_pressed_holo) that varies with configuration!!
11-23 01:53:47.175 10492 10492 W Resources: Preloaded drawable resource #0x10806ee (android:drawable/tab_selected_pressed_holo) that varies with configuration!!
11-23 01:53:47.176 10492 10492 W Resources: Preloaded drawable resource #0x1080596 (android:drawable/quickcontact_badge_overlay_pressed_dark) that varies with configuration!!
11-23 01:53:47.176 10492 10492 W Resources: Preloaded drawable resource #0x108058d (android:drawable/quickcontact_badge_overlay_focused_dark) that varies with configuration!!
11-23 01:53:47.177 10492 10492 W Resources: Preloaded drawable resource #0x1080592 (android:drawable/quickcontact_badge_overlay_normal_dark) that varies with configuration!!
11-23 01:53:47.177 10492 10492 W Resources: Preloaded drawable resource #0x108058c (android:drawable/quickcontact_badge_overlay_dark) that varies with configuration!!
11-23 01:53:47.182 10492 10492 I art     : Explicit concurrent mark sweep GC freed 448(37KB) AllocSpace objects, 0(0B) LOS objects, 66% free, 1687KB/4MB, paused 106us total 5.489ms
11-23 01:53:47.184 10492 10492 W Resources: Preloaded drawable resource #0x1080592 (android:drawable/quickcontact_badge_overlay_normal_dark) that varies with configuration!!
11-23 01:53:47.184 10492 10492 W Resources: Preloaded drawable resource #0x1080596 (android:drawable/quickcontact_badge_overlay_pressed_dark) that varies with configuration!!
11-23 01:53:47.185 10492 10492 W Resources: Preloaded drawable resource #0x1080598 (android:drawable/quickcontact_badge_overlay_pressed_light) that varies with configuration!!
11-23 01:53:47.186 10492 10492 W Resources: Preloaded drawable resource #0x108058f (android:drawable/quickcontact_badge_overlay_focused_light) that varies with configuration!!
11-23 01:53:47.186 10492 10492 W Resources: Preloaded drawable resource #0x1080594 (android:drawable/quickcontact_badge_overlay_normal_light) that varies with configuration!!
11-23 01:53:47.186 10492 10492 W Resources: Preloaded drawable resource #0x1080591 (android:drawable/quickcontact_badge_overlay_light) that varies with configuration!!
11-23 01:53:47.191 10492 10492 I art     : Explicit concurrent mark sweep GC freed 286(63KB) AllocSpace objects, 0(0B) LOS objects, 66% free, 1716KB/5MB, paused 97us total 4.517ms
11-23 01:53:47.193 10492 10492 W Resources: Preloaded drawable resource #0x1080594 (android:drawable/quickcontact_badge_overlay_normal_light) that varies with configuration!!
11-23 01:53:47.194 10492 10492 W Resources: Preloaded drawable resource #0x1080598 (android:drawable/quickcontact_badge_overlay_pressed_light) that varies with configuration!!
11-23 01:53:47.195 10492 10492 W Resources: Preloaded drawable resource #0x10800b5 (android:drawable/ab_share_pack_material) that varies with configuration!!
11-23 01:53:47.198 10492 10492 W Resources: Preloaded drawable resource #0x10800ba (android:drawable/ab_solid_shadow_material) that varies with configuration!!
11-23 01:53:47.203 10492 10492 I art     : Explicit concurrent mark sweep GC freed 195(88KB) AllocSpace objects, 0(0B) LOS objects, 66% free, 1682KB/4MB, paused 95us total 4.621ms
11-23 01:53:47.205 10492 10492 W Resources: Preloaded drawable resource #0x10800db (android:drawable/btn_cab_done_material) that varies with configuration!!
11-23 01:53:47.223 10492 10492 W Resources: Preloaded drawable resource #0x10800e5 (android:drawable/btn_check_material_anim) that varies with configuration!!
11-23 01:53:47.227 10492 10492 I art     : Explicit concurrent mark sweep GC freed 579(74KB) AllocSpace objects, 0(0B) LOS objects, 60% free, 2MB/6MB, paused 96us total 4.505ms
11-23 01:53:47.246 10258 10258 D LauncherActivity: FullDialog progress=39
11-23 01:53:47.249 10492 10492 W Resources: Preloaded drawable resource #0x10801a1 (android:drawable/btn_radio_material_anim) that varies with configuration!!
11-23 01:53:47.254 10492 10492 I art     : Explicit concurrent mark sweep GC freed 796(1033KB) AllocSpace objects, 0(0B) LOS objects, 60% free, 2MB/6MB, paused 101us total 4.631ms
11-23 01:53:47.258 10492 10492 W Resources: Preloaded drawable resource #0x1080215 (android:drawable/btn_star_material) that varies with configuration!!
11-23 01:53:47.262 10492 10492 I art     : Explicit concurrent mark sweep GC freed 342(1008KB) AllocSpace objects, 0(0B) LOS objects, 66% free, 1734KB/5MB, paused 94us total 4.529ms
11-23 01:53:47.264 10492 10492 W Resources: Preloaded drawable resource #0x1080248 (android:drawable/btn_toggle_material) that varies with configuration!!
11-23 01:53:47.265 10492 10492 W Resources: Preloaded drawable resource #0x1080271 (android:drawable/cab_background_bottom_material) that varies with configuration!!
11-23 01:53:47.266 10492 10492 W Resources: Preloaded drawable resource #0x1080275 (android:drawable/cab_background_top_material) that varies with configuration!!
11-23 01:53:47.270 10492 10492 I art     : Explicit concurrent mark sweep GC freed 205(93KB) AllocSpace objects, 0(0B) LOS objects, 66% free, 1695KB/4MB, paused 97us total 4.328ms
11-23 01:53:47.279 10492 10492 W Resources: Preloaded drawable resource #0x108028e (android:drawable/dialog_background_shadow_material) that varies with configuration!!
11-23 01:53:47.284 10492 10492 I art     : Explicit concurrent mark sweep GC freed 135(45KB) AllocSpace objects, 0(0B) LOS objects, 66% free, 2013KB/5MB, paused 94us total 4.646ms
11-23 01:53:47.286 10492 10492 W Resources: Preloaded drawable resource #0x10802c7 (android:drawable/edit_text_material) that varies with configuration!!
11-23 01:53:47.287 10492 10492 W Resources: Preloaded drawable resource #0x10802e3 (android:drawable/expander_group_material) that varies with configuration!!
11-23 01:53:47.292 10492 10492 I art     : Explicit concurrent mark sweep GC freed 157(366KB) AllocSpace objects, 0(0B) LOS objects, 66% free, 1721KB/5MB, paused 105us total 4.635ms
11-23 01:53:47.298 10492 10492 W Resources: Preloaded drawable resource #0x1080343 (android:drawable/ic_commit_search_api_material) that varies with configuration!!
11-23 01:53:47.302 10492 10492 I art     : Explicit concurrent mark sweep GC freed 366(78KB) AllocSpace objects, 0(0B) LOS objects, 66% free, 1692KB/4MB, paused 103us total 4.468ms
11-23 01:53:47.304 10492 10492 W Resources: Preloaded drawable resource #0x108035b (android:drawable/ic_find_next_material) that varies with configuration!!
11-23 01:53:47.304 10492 10492 W Resources: Preloaded drawable resource #0x108035f (android:drawable/ic_find_previous_material) that varies with configuration!!
11-23 01:53:47.309 10492 10492 I art     : Explicit concurrent mark sweep GC freed 297(39KB) AllocSpace objects, 0(0B) LOS objects, 66% free, 1719KB/5MB, paused 97us total 4.553ms
11-23 01:53:47.312 10492 10492 W Resources: Preloaded drawable resource #0x10803ab (android:drawable/ic_media_route_connecting_material) that varies with configuration!!
11-23 01:53:47.316 10492 10492 I art     : Explicit concurrent mark sweep GC freed 211(64KB) AllocSpace objects, 0(0B) LOS objects, 66% free, 1776KB/5MB, paused 95us total 4.370ms
11-23 01:53:47.319 10492 10492 W Resources: Preloaded drawable resource #0x10803ab (android:drawable/ic_media_route_connecting_material) that varies with configuration!!
11-23 01:53:47.321 10492 10492 W Resources: Preloaded drawable resource #0x10803b1 (android:drawable/ic_media_route_material) that varies with configuration!!
11-23 01:53:47.325 10492 10492 I art     : Explicit concurrent mark sweep GC freed 185(120KB) AllocSpace objects, 0(0B) LOS objects, 66% free, 1860KB/5MB, paused 105us total 4.424ms
11-23 01:53:47.331 10492 10492 W Resources: Preloaded drawable resource #0x10803dd (android:drawable/ic_menu_find_material) that varies with configuration!!
11-23 01:53:47.336 10492 10492 I art     : Explicit concurrent mark sweep GC freed 1142(233KB) AllocSpace objects, 0(0B) LOS objects, 66% free, 1701KB/4MB, paused 96us total 4.466ms
11-23 01:53:47.338 10492 10492 W Resources: Preloaded drawable resource #0x10803f8 (android:drawable/ic_menu_search_material) that varies with configuration!!
11-23 01:53:47.342 10492 10492 I art     : Explicit concurrent mark sweep GC freed 793(55KB) AllocSpace objects, 0(0B) LOS objects, 66% free, 1695KB/4MB, paused 98us total 4.475ms
11-23 01:53:47.349 10492 10492 I art     : Explicit concurrent mark sweep GC freed 1374(63KB) AllocSpace objects, 0(0B) LOS objects, 66% free, 1688KB/4MB, paused 93us total 5.197ms
11-23 01:53:47.351 10492 10492 W Resources: Preloaded drawable resource #0x1080493 (android:drawable/list_divider_material) that varies with configuration!!
11-23 01:53:47.351 10492 10492 W Resources: Preloaded drawable resource #0x10804a0 (android:drawable/list_section_divider_material) that varies with configuration!!
11-23 01:53:47.356 10492 10492 I art     : Explicit concurrent mark sweep GC freed 862(32KB) AllocSpace objects, 0(0B) LOS objects, 66% free, 1705KB/4MB, paused 96us total 4.560ms
11-23 01:53:47.358 10492 10492 W Resources: Preloaded drawable resource #0x1080564 (android:drawable/progress_horizontal_material) that varies with configuration!!
11-23 01:53:47.367 10258 10258 D LauncherActivity: FullDialog progress=40
11-23 01:53:47.374 10492 10492 I art     : Explicit concurrent mark sweep GC freed 1514(67KB) AllocSpace objects, 0(0B) LOS objects, 66% free, 1731KB/5MB, paused 102us total 5.448ms
11-23 01:53:47.386 10492 10492 W Resources: Preloaded drawable resource #0x10805ba (android:drawable/ratingbar_full_empty_material) that varies with configuration!!
11-23 01:53:47.391 10492 10492 I art     : Explicit concurrent mark sweep GC freed 573(29KB) AllocSpace objects, 0(0B) LOS objects, 66% free, 1876KB/5MB, paused 97us total 4.622ms
11-23 01:53:47.394 10492 10492 W Resources: Preloaded drawable resource #0x10805be (android:drawable/ratingbar_full_filled_material) that varies with configuration!!
11-23 01:53:47.399 10492 10492 I art     : Explicit concurrent mark sweep GC freed 263(137KB) AllocSpace objects, 0(0B) LOS objects, 66% free, 1867KB/5MB, paused 101us total 4.529ms
11-23 01:53:47.401 10492 10492 W Resources: Preloaded drawable resource #0x10805ba (android:drawable/ratingbar_full_empty_material) that varies with configuration!!
11-23 01:53:47.403 10492 10492 W Resources: Preloaded drawable resource #0x10805ba (android:drawable/ratingbar_full_empty_material) that varies with configuration!!
11-23 01:53:47.405 10492 10492 W Resources: Preloaded drawable resource #0x10805be (android:drawable/ratingbar_full_filled_material) that varies with configuration!!
11-23 01:53:47.405 10492 10492 W Resources: Preloaded drawable resource #0x10805c1 (android:drawable/ratingbar_full_material) that varies with configuration!!
11-23 01:53:47.410 10492 10492 I art     : Explicit concurrent mark sweep GC freed 184(134KB) AllocSpace objects, 0(0B) LOS objects, 65% free, 2MB/6MB, paused 98us total 4.507ms
11-23 01:53:47.415 10492 10492 W Resources: Preloaded drawable resource #0x10805d9 (android:drawable/scrubber_control_material_anim) that varies with configuration!!
11-23 01:53:47.420 10492 10492 I art     : Explicit concurrent mark sweep GC freed 296(392KB) AllocSpace objects, 0(0B) LOS objects, 66% free, 1864KB/5MB, paused 101us total 4.605ms
11-23 01:53:47.422 10492 10492 W Resources: Preloaded drawable resource #0x10805e1 (android:drawable/scrubber_control_selector_material) that varies with configuration!!
11-23 01:53:47.423 10492 10492 W Resources: Preloaded drawable resource #0x10805ec (android:drawable/scrubber_progress_horizontal_material) that varies with configuration!!
11-23 01:53:47.424 10492 10492 W Resources: Preloaded drawable resource #0x1080624 (android:drawable/spinner_background_material) that varies with configuration!!
11-23 01:53:47.429 10492 10492 I art     : Explicit concurrent mark sweep GC freed 346(125KB) AllocSpace objects, 0(0B) LOS objects, 66% free, 1822KB/5MB, paused 99us total 4.553ms
11-23 01:53:47.432 10492 10492 W Resources: Preloaded drawable resource #0x1080641 (android:drawable/spinner_textfield_background_material) that varies with configuration!!
11-23 01:53:47.437 10492 10492 I art     : Explicit concurrent mark sweep GC freed 281(78KB) AllocSpace objects, 0(0B) LOS objects, 66% free, 1801KB/5MB, paused 97us total 4.508ms
11-23 01:53:47.453 10492 10492 W Resources: Preloaded drawable resource #0x10806b1 (android:drawable/switch_thumb_material_anim) that varies with configuration!!
11-23 01:53:47.457 10492 10492 I art     : Explicit concurrent mark sweep GC freed 498(69KB) AllocSpace objects, 0(0B) LOS objects, 64% free, 2MB/6MB, paused 97us total 4.659ms
11-23 01:53:47.460 10492 10492 W Resources: Preloaded drawable resource #0x10806b6 (android:drawable/switch_track_material) that varies with configuration!!
11-23 01:53:47.460 10492 10492 W Resources: Preloaded drawable resource #0x10806e0 (android:drawable/tab_indicator_material) that varies with configuration!!
11-23 01:53:47.460 10492 10492 W Resources: Preloaded drawable resource #0x10806f7 (android:drawable/text_cursor_material) that varies with configuration!!
11-23 01:53:47.461 10492 10492 W Resources: Preloaded drawable resource #0x108072f (android:drawable/textfield_search_material) that varies with configuration!!
11-23 01:53:47.466 10492 10492 I art     : Explicit concurrent mark sweep GC freed 547(558KB) AllocSpace objects, 0(0B) LOS objects, 66% free, 1802KB/5MB, paused 99us total 4.764ms
11-23 01:53:47.467 10492 10492 W Resources: Preloaded drawable resource #0x10806fd (android:drawable/text_select_handle_left_material) that varies with configuration!!
11-23 01:53:47.468 10492 10492 W Resources: Preloaded drawable resource #0x1080700 (android:drawable/text_select_handle_middle_material) that varies with configuration!!
11-23 01:53:47.468 10492 10492 W Resources: Preloaded drawable resource #0x1080703 (android:drawable/text_select_handle_right_material) that varies with configuration!!
11-23 01:53:47.473 10492 10492 I art     : Explicit concurrent mark sweep GC freed 271(50KB) AllocSpace objects, 0(0B) LOS objects, 66% free, 1816KB/5MB, paused 102us total 4.616ms
11-23 01:53:47.475 10492 10492 I Zygote  : ...preloaded 343 resources in 1424ms.
11-23 01:53:47.482 10492 10492 I art     : Explicit concurrent mark sweep GC freed 652(97KB) AllocSpace objects, 0(0B) LOS objects, 66% free, 1768KB/5MB, paused 96us total 4.695ms
11-23 01:53:47.483 10492 10492 I Zygote  : ...preloaded 41 resources in 8ms.
11-23 01:53:47.483 10492 10492 I art     : Counter: 0
11-23 01:53:47.488 10258 10258 D LauncherActivity: FullDialog progress=41
11-23 01:53:47.495 10492 10492 D libEGL  : loaded /vendor/lib/egl/libEGL_adreno.so
11-23 01:53:47.498 10492 10492 D libEGL  : loaded /vendor/lib/egl/libGLESv1_CM_adreno.so
11-23 01:53:47.502 10492 10492 D libEGL  : loaded /vendor/lib/egl/libGLESv2_adreno.so
11-23 01:53:47.521 10492 10492 I Zygote  : Preloading shared libraries...
11-23 01:53:47.533 10492 10492 D Zygote  : end preload
11-23 01:53:47.538 10492 10492 I art     : Explicit concurrent mark sweep GC freed 426(18KB) AllocSpace objects, 0(0B) LOS objects, 66% free, 1758KB/5MB, paused 97us total 4.852ms
11-23 01:53:47.544 10492 10492 I art     : Explicit concurrent mark sweep GC freed 96(3KB) AllocSpace objects, 0(0B) LOS objects, 66% free, 1754KB/5MB, paused 97us total 4.852ms
11-23 01:53:47.548 10492 10492 I art     : Explicit concurrent mark sweep GC freed 5(160B) AllocSpace objects, 0(0B) LOS objects, 66% free, 1754KB/5MB, paused 96us total 4.515ms
11-23 01:53:47.592 10492 10492 I Zygote  : System server process 10574 has been created
11-23 01:53:47.599 10492 10492 D Zygote  : throw new isHuawei
11-23 01:53:47.599 10492 10492 I Zygote  : into loop pre=0
11-23 01:53:47.609 10258 10258 D LauncherActivity: FullDialog progress=42
11-23 01:53:47.658 10574 10574 I InstallerConnection: disconnecting...
11-23 01:53:47.691 10489 10489 I ServiceManager: Waiting for service batterystats...
11-23 01:53:47.701 10461 10469 D VirtualBinder: binder_filp_open ----pid==10574--------
11-23 01:53:47.726 10574 10574 E Zygote  : Zygote MethodAndArgsCaller xxx
11-23 01:53:47.731 10574 10574 I SystemServer: Entered the Android system server!
11-23 01:53:47.733 10258 10258 D LauncherActivity: FullDialog progress=43
11-23 01:53:47.791 10258 10270 I com.vmos.web: Background concurrent copying GC freed 156271(10MB) AllocSpace objects, 106(6328KB) LOS objects, 56% free, 10MB/23MB, paused 101us total 103.350ms
11-23 01:53:47.794 10574 10574 V Fingerprint-JNI: FingerprintManager JNI ready.
11-23 01:53:47.795 10574 10574 D SensorService: nuSensorService starting...
11-23 01:53:47.795 10574 10574 E HAL     : enter gralloc class_id=sensors
11-23 01:53:47.797 10574 10574 E HAL     : loaded HAL id=sensors path=/system/lib/hw/sensors.smdk4x12.so hmi=0x0 handle=0xee180544
11-23 01:53:47.810 10258 10597 E VMHAL_QEMUD: can't read qemud frame header: Connection reset by peer
11-23 01:53:47.813 10258 10598 E VMHAL_QEMUD: can't read qemud frame header: Connection reset by peer
11-23 01:53:47.814 10258 10599 E VMHAL_QEMUD: can't read qemud frame header: Connection reset by peer
11-23 01:53:47.816 10574 10600 D SensorService: new thread SensorEventAckReceiver
11-23 01:53:47.817 10574 10601 D SensorService: nuSensorService thread starting...
11-23 01:53:47.827 10258 10272 W System  : A resource failed to call close. 
11-23 01:53:47.836 10574 10574 I SystemServiceManager: Starting com.android.server.pm.Installer
11-23 01:53:47.841 10574 10574 I Installer: Waiting for installd to be ready.
11-23 01:53:47.842 10574 10574 I InstallerConnection: connecting...
11-23 01:53:47.838 10258 10272 I chatty  : uid=10186(com.vmos.web) FinalizerDaemon identical 10 lines
11-23 01:53:47.843 10258 10272 W System  : A resource failed to call close. 
11-23 01:53:47.844 10490 10490 I installd: new connection
11-23 01:53:47.844 10258 10272 W System  : A resource failed to call close. 
11-23 01:53:47.849 10574 10574 I SystemServiceManager: Starting com.android.server.am.ActivityManagerService$Lifecycle
11-23 01:53:47.855 10258 10272 I chatty  : uid=10186(com.vmos.web) FinalizerDaemon identical 34 lines
11-23 01:53:47.855 10258 10272 W System  : A resource failed to call close. 
11-23 01:53:47.855 10258 10258 D LauncherActivity: FullDialog progress=44
11-23 01:53:47.855 10258 10272 W System  : A resource failed to call close. 
11-23 01:53:47.894 10574 10574 I ActivityManager: Memory class: 400
11-23 01:53:47.859 10258 10272 I chatty  : uid=10186(com.vmos.web) FinalizerDaemon identical 34 lines
11-23 01:53:47.859 10258 10272 W System  : A resource failed to call close. 
11-23 01:53:47.976 10258 10258 D LauncherActivity: FullDialog progress=45
11-23 01:53:48.005 10574 10574 I IntentFirewall: Read new rules (A:0 B:0 S:0)
11-23 01:53:48.028 10574 10574 D AppOps  : AppOpsService published
11-23 01:53:48.029 10574 10574 I SystemServiceManager: Starting com.android.server.power.PowerManagerService
11-23 01:53:48.035 10574 10574 E HAL     : enter gralloc class_id=power
11-23 01:53:48.036 10574 10574 E HAL     : loaded HAL id=power path=/system/lib/hw/power.smdk4x12.so hmi=0x0 handle=0xee180694
11-23 01:53:48.045 10574 10574 I SystemServiceManager: Starting com.android.server.display.DisplayManagerService
11-23 01:53:48.045 10574 10614 E BatteryStatsService: Bad reason line: Abort: Pending Wakeup Sources: IPA_WS 
11-23 01:53:48.051 10574 10574 I SystemServiceManager: Starting phase 100
11-23 01:53:48.062 10574 10609 I DisplayManagerService: Display device added: DisplayDeviceInfo{"Layar Bawaan": uniqueId="local:0", 1080 x 2160, 120.00001 fps, supportedRefreshRates [120.00001], density 420, 159.89508 x 160.42105 dpi, appVsyncOff 0, presDeadline 9333333, touch INTERNAL, rotation 0, type BUILT_IN, state UNKNOWN, FLAG_DEFAULT_DISPLAY, FLAG_ROTATES_WITH_CONTENT, FLAG_SECURE, FLAG_SUPPORTS_PROTECTED_BUFFERS}
11-23 01:53:48.063 10574 10574 I SystemServer: Package Manager
11-23 01:53:48.096 10258 10258 D LauncherActivity: FullDialog progress=46
11-23 01:53:48.152 10574 10574 D SELinuxMMAC: Using policy file /system/etc/security/mac_permissions.xml
11-23 01:53:48.217 10258 10258 D LauncherActivity: FullDialog progress=47
11-23 01:53:48.334 10574 10574 D PackageManager: No files in app dir /vendor/overlay
11-23 01:53:48.338 10258 10258 D LauncherActivity: FullDialog progress=48
11-23 01:53:48.339 10574 10574 W PackageManager: Failed to parse /system/framework/arm: Missing base APK in /system/framework/arm
11-23 01:53:48.386 10574 10574 W PackageManager: Failed to parse /system/framework/webview: Missing base APK in /system/framework/webview
11-23 01:53:48.459 10258 10258 D LauncherActivity: FullDialog progress=49
11-23 01:53:48.461 10574 10574 W PackageParser: No actions in intent filter at /system/priv-app/Contacts/Contacts.apk Binary XML file line #356
11-23 01:53:48.580 10258 10258 D LauncherActivity: FullDialog progress=50
11-23 01:53:48.704 10258 10258 D LauncherActivity: FullDialog progress=51
11-23 01:53:48.725 10489 10489 I CameraService: CameraService started (pid=10489)
11-23 01:53:48.725 10489 10489 E HAL     : enter gralloc class_id=camera
11-23 01:53:48.733 10489 10489 E EmulatedCamera_QemuClient: Send query 'list'
11-23 01:53:48.734 10489 10489 E EmulatedCamera_QemuClient: doQuery: receiveMessage
11-23 01:53:48.734 10574 10574 W PackageParser: No actions in intent filter at /system/priv-app/GooglePlayGames/google-play-games-2019-07-11661-259783482-259783482-000300.apk Binary XML file line #514
11-23 01:53:48.735 10258 10616 E VMHAL_CAMERA: command=list
11-23 01:53:48.735 10258 10616 E VMHAL_CAMERA: camera command list
11-23 01:53:48.736 10258 10616 E VMHAL_CAMERA: list data : name=camera_0 framedims=1920x1080,1600x1200,1280x960,1280x768,1280x720,1200x1200,1280x480,1280x400,1024x768,864x480,800x480,720x480,640x640,640x480,640x360,480x640,480x360,480x320,352x288,320x240,240x320,176x144,160x120 dir=back areasnums=1 zoom=100,107,114,121,128,135,142,149,156,163,170,177,184,191,198,206,213,220,227,234,241,248,255,262,269,276,283,290,297,305,312,319,326,333,340,347,354,361,368,375,382,389,396,404,411,418,425,432,439,446,453,460,467,474,481,488,495,503,510,517,524,531,538,545,552,559,566,573,580,587,594,602,609,616,623,630,637,644,651,658,665,672,679,686,693,701,708,715,722,729,736,743,750,757,764,771,778,785,792,799 focus=infinity,auto,macro,continuous-video,continuous-picture 
11-23 01:53:48.736 10258 10616 E VMHAL_CAMERA: name=camera_1 framedims=1920x1080,1600x1200,1280x960,1280x768,1280x720,1200x1200,1280x480,1280x400,1024x768,864x480,800x480,720x480,640x640,640x480,640x360,480x640,480x360,480x320,352x288,320x240,240x320,176x144,160x120 dir=front areasnums=0 zoom=100,107,114,121,128,135,142,149,156,163,170,177,184,191
11-23 01:53:48.737 10489 10489 E EmulatedCamera_QemuClient: *data=ok
11-23 01:53:48.737 10489 10489 E EmulatedCamera_QemuClient: doQuery: receiveMessage end
11-23 01:53:48.737 10489 10489 E EmulatedCamera_QemuClient: Response to query 'list': Status = 'ok', 1377 bytes in response
11-23 01:53:48.737 10489 10489 E EmulatedCamera_QemuClient: doQuery: Complete the query
11-23 01:53:48.737 10489 10489 D EmulatedCamera_QemuClient: Emulated camera list: name=camera_0 framedims=1920x1080,1600x1200,1280x960,1280x768,1280x720,1200x1200,1280x480,1280x400,1024x768,864x480,800x480,720x480,640x640,640x480,640x360,480x640,480x360,480x320,352x288,320x240,240x320,176x144,160x120 dir=back areasnums=1 zoom=100,107,114,121,128,135,142,149,156,163,170,177,184,191,198,206,213,220,227,234,241,248,255,262,269,276,283,290,297,305,312,319,326,333,340,347,354,361,368,375,382,389,396,404,411,418,425,432,439,446,453,460,467,474,481,488,495,503,510,517,524,531,538,545,552,559,566,573,580,587,594,602,609,616,623,630,637,644,651,658,665,672,679,686,693,701,708,715,722,729,736,743,750,757,764,771,778,785,792,799 focus=infinity,auto,macro,continuous-video,continuous-picture 
11-23 01:53:48.737 10489 10489 D EmulatedCamera_QemuClient: name=camera_1 framedims=1920x1080,1600x1200,1280x960,1280x768,1280x720,1200x1200,1280x480,1280x400,1024x768,864x480,800x480,720x480,640x640,640x480,640x360,480x640,480x360,480x320,352x288,320x240,240x320,176x144,160x120 dir=front areasnums=0 zoom=100,107,114,121,128,135,142,149,156,163,170,1
11-23 01:53:48.737 10489 10489 E EmulatedCamera_Factory: createQemuCameras: zoom_start=true zoom_start=zoom=100,107,114,121,128,135,142,149,156,163,170,177,184,191,198,206,213,220,227,234,241,248,255,262,269,276,283,290,297,305,312,319,326,333,340,347,354,361,368,375,382,389,396,404,411,418,425,432,439,446,453,460,467,474,481,488,495,503,510,517,524,531,538,545,552,559,566,573,580,587,594,602,609,616,623,630,637,644,651,658,665,672,679,686,693,701,708,715,722,729,736,743,750,757,764,771,778,785,792,799 focus=infinity,auto,macro,continuous-video,continuous-picture  focus_start=focus=infinity,auto,macro,continuous-video,continuous-picture  areasnums_start=areasnums=1 zoom=100,107,114,121,128,135,142,149,156,163,170,177,184,191,198,206,213,220,227,234,241,248,255,262,269,276,283,290,297,305,312,319,326,333,340,347,354,361,368,375,382,389,396,404,411,418,425,432,439,446,453,460,467,474,481,488,495,503,510,517,524,531,538,545,552,559,566,573,580,587,594,602,609,616,623,630,637,644,651,658,665,672,679,686,693,701,708,715,722,729,736,743,750,757,764,771,778,785,792,799 f
11-23 01:53:48.737 10489 10489 V EmulatedCamera_QemuCamera: Initialize:
11-23 01:53:48.737 10489 10489 V EmulatedCamera_QemuCamera:    Name=camera_0
11-23 01:53:48.737 10489 10489 V EmulatedCamera_QemuCamera:    Facing 'back'
11-23 01:53:48.737 10489 10489 V EmulatedCamera_QemuCamera:    Dimensions=1920x1080,1600x1200,1280x960,1280x768,1280x720,1200x1200,1280x480,1280x400,1024x768,864x480,800x480,720x480,640x640,640x480,640x360,480x640,480x360,480x320,352x288,320x240,240x320,176x144,160x120 supportzoom=true focus_dir=infinity,auto,macro,continuous-video,continuous-picture areasnums_dir=1
11-23 01:53:48.738 10489 10489 E EmulatedCamera_QemuCamera: SHENG_TMP focus_dir=infinity,auto,macro,continuous-video,continuous-picture
11-23 01:53:48.738 10489 10489 V EmulatedCamera_QemuCamera: Initialize: Qemu camera camera_0 is initialized. Current frame is 1920x1080
11-23 01:53:48.738 10489 10489 E EmulatedCamera_Factory: createQemuCameras: zoom_start=true zoom_start=zoom=100,107,114,121,128,135,142,149,156,163,170,177,184,191,198,206,213,220,227,234,241,248,255,262,269,276,283,290,297,305,312,319,326,333,340,347,354,361,368,375,382,389,396,404,411,418,425,432,439,446,453,460,467,474,481,488,495,503,510,517,524,531,538,545,552,559,566,573,580,587,594,602,609,616,623,630,637,644,651,658,665,672,679,686,693,701,708,715,722,729,736,743,750,757,764,771,778,785,792,799 focus=fixed  focus_start=focus=fixed  areasnums_start=areasnums=0 zoom=100,107,114,121,128,135,142,149,156,163,170,177,184,191,198,206,213,220,227,234,241,248,255,262,269,276,283,290,297,305,312,319,326,333,340,347,354,361,368,375,382,389,396,404,411,418,425,432,439,446,453,460,467,474,481,488,495,503,510,517,524,531,538,545,552,559,566,573,580,587,594,602,609,616,623,630,637,644,651,658,665,672,679,686,693,701,708,715,722,729,736,743,750,757,764,771,778,785,792,799 focus=fixed  flash_start=(null)
11-23 01:53:48.738 10489 10489 V EmulatedCamera_QemuCamera: Initialize:
11-23 01:53:48.738 10489 10489 V EmulatedCamera_QemuCamera:    Name=camera_1
11-23 01:53:48.738 10489 10489 V EmulatedCamera_QemuCamera:    Facing 'front'
11-23 01:53:48.738 10489 10489 V EmulatedCamera_QemuCamera:    Dimensions=1920x1080,1600x1200,1280x960,1280x768,1280x720,1200x1200,1280x480,1280x400,1024x768,864x480,800x480,720x480,640x640,640x480,640x360,480x640,480x360,480x320,352x288,320x240,240x320,176x144,160x120 supportzoom=true focus_dir=fixed areasnums_dir=0
11-23 01:53:48.739 10489 10489 E EmulatedCamera_QemuCamera: SHENG_TMP focus_dir=fixed
11-23 01:53:48.739 10489 10489 V EmulatedCamera_QemuCamera: Initialize: Qemu camera camera_1 is initialized. Current frame is 1920x1080
11-23 01:53:48.739 10489 10489 V EmulatedCamera_Factory: 2 cameras are being emulated. 0 of them are fake cameras.
11-23 01:53:48.740 10489 10619 V EmulatedCamera_HotplugThread: readyToRun: Initializing inotify
11-23 01:53:48.741 10489 10489 E HAL     : loaded HAL id=camera path=/system/lib/hw/camera.smdk4x12.so hmi=0x0 handle=0xf65d6544
11-23 01:53:48.741 10489 10489 I CameraService: Loaded "Emulated Camera Module" camera module
11-23 01:53:48.741 10489 10489 V EmulatedCamera_Factory: setCallbacks: callbacks = 0xf63680d4
11-23 01:53:48.741 10489 10619 V EmulatedCamera_HotplugThread: addWatch: Watch added for camID='0', wd='1'
11-23 01:53:48.741 10489 10619 V EmulatedCamera_HotplugThread: addWatch: Watch added for camID='1', wd='2'
11-23 01:53:48.742 10489 10489 I CameraService: setUpVendorTags: No vendor tags defined for this device.
11-23 01:53:48.745 10489 10489 I AudioPolicyService: AudioPolicyService CSTOR in new mode
11-23 01:53:48.748 10489 10489 I AudioPolicyManager: loadAudioPolicyConfig() loaded /system/etc/audio_policy.conf
11-23 01:53:48.756 10489 10489 E HAL     : enter gralloc class_id=audio
11-23 01:53:48.757 10489 10489 E HAL     : loaded HAL id=audio path=/system/lib/hw/audio.primary.smdk4x12.so hmi=0xfffffff8 handle=0xf65d6694
11-23 01:53:48.757 10489 10489 I AudioFlinger: loadHwModule() Loaded primary audio interface from audio HW HAL (audio) handle 1
11-23 01:53:48.758 10258 10396 D SHENG_AUDIO: accapt a connection from Playback
11-23 01:53:48.761 10489 10489 I AudioFlinger: HAL output buffer size 1024 frames, normal sink buffer size 1024 frames
11-23 01:53:48.762 10489 10489 E HAL     : enter gralloc class_id=local_time
11-23 01:53:48.764 10489 10489 E HAL     : loaded HAL id=local_time path=/system/lib/hw/local_time.default.so hmi=0x0 handle=0xf65d67e4
11-23 01:53:48.774 10489 10489 I AudioMixer: found effect "Multichannel Downmix To Stereo" from The Android Open Source Project
11-23 01:53:48.775 10489 10489 I AudioFlinger: Using module 1 has the primary audio interface
11-23 01:53:48.775 10489 10624 I AudioFlinger: AudioFlinger's thread 0xf637e400 ready to run
11-23 01:53:48.786 10489 10489 E audio_hw_generic: Error opening input stream format 1, channel_mask 0010, sample_rate 16000
11-23 01:53:48.787 10258 10396 D SHENG_AUDIO: accapt a connection from Recording
11-23 01:53:48.787 10489 10625 I AudioFlinger: AudioFlinger's thread 0xf49c96c0 ready to run
11-23 01:53:48.790 10489 10489 E HAL     : enter gralloc class_id=audio
11-23 01:53:48.793 10489 10489 E HAL     : loaded HAL id=audio path=/system/lib/hw/audio.r_submix.default.so hmi=0xfffffff8 handle=0xf6500004
11-23 01:53:48.793 10489 10489 I r_submix: adev_open(name=audio_hw_if)
11-23 01:53:48.794 10489 10489 I r_submix: adev_init_check()
11-23 01:53:48.794 10489 10489 I AudioFlinger: loadHwModule() Loaded r_submix audio interface from Wifi Display audio HAL (audio) handle 4
11-23 01:53:48.794 10489 10489 D r_submix: adev_open_input_stream(addr=0)
11-23 01:53:48.794 10489 10489 D r_submix: submix_audio_device_create_pipe_l(addr=0, idx=9)
11-23 01:53:48.794 10489 10489 D r_submix:   now using address 0 for route 9
11-23 01:53:48.794 10574 10596 W Binder  : Caught a RuntimeException from the binder stub implementation.
11-23 01:53:48.794 10574 10596 W Binder  : java.lang.NullPointerException: Attempt to invoke interface method 'int android.app.IActivityManager.checkPermission(java.lang.String, int, int)' on a null object reference
11-23 01:53:48.794 10574 10596 W Binder  : 	at android.app.ContextImpl.checkPermission(ContextImpl.java:1884)
11-23 01:53:48.794 10574 10596 W Binder  : 	at android.app.ContextImpl.checkCallingOrSelfPermission(ContextImpl.java:1925)
11-23 01:53:48.794 10574 10596 W Binder  : 	at android.app.ContextImpl.enforceCallingOrSelfPermission(ContextImpl.java:1962)
11-23 01:53:48.794 10574 10596 W Binder  : 	at com.android.server.power.PowerManagerService$BinderService.acquireWakeLock(PowerManagerService.java:2836)
11-23 01:53:48.794 10574 10596 W Binder  : 	at android.os.IPowerManager$Stub.onTransact(IPowerManager.java:66)
11-23 01:53:48.794 10574 10596 W Binder  : 	at android.os.Binder.execTransact(Binder.java:446)
11-23 01:53:48.797 10489 10489 E MonoPipe: Failed to fetch local time frequency when constructing a MonoPipe (res = -32).  getNextWriteTimestamp calls will be non-functional
11-23 01:53:48.798 10574 10596 W Binder  : Caught a RuntimeException from the binder stub implementation.
11-23 01:53:48.798 10574 10596 W Binder  : java.lang.NullPointerException: Attempt to invoke interface method 'int android.app.IActivityManager.checkPermission(java.lang.String, int, int)' on a null object reference
11-23 01:53:48.798 10574 10596 W Binder  : 	at android.app.ContextImpl.checkPermission(ContextImpl.java:1884)
11-23 01:53:48.798 10574 10596 W Binder  : 	at android.app.ContextImpl.checkCallingOrSelfPermission(ContextImpl.java:1925)
11-23 01:53:48.798 10574 10596 W Binder  : 	at android.app.ContextImpl.enforceCallingOrSelfPermission(ContextImpl.java:1962)
11-23 01:53:48.798 10574 10596 W Binder  : 	at com.android.server.power.PowerManagerService$BinderService.releaseWakeLock(PowerManagerService.java:2864)
11-23 01:53:48.798 10574 10596 W Binder  : 	at android.os.IPowerManager$Stub.onTransact(IPowerManager.java:94)
11-23 01:53:48.798 10574 10596 W Binder  : 	at android.os.Binder.execTransact(Binder.java:446)
11-23 01:53:48.798 10489 10628 I AudioFlinger: AudioFlinger's thread 0xf4a20140 ready to run
11-23 01:53:48.798 10489 10489 D r_submix: adev_close_input_stream()
11-23 01:53:48.798 10489 10489 D r_submix: submix_audio_device_release_pipe_l(idx=9) addr=0
11-23 01:53:48.798 10489 10489 D r_submix: submix_audio_device_destroy_pipe_l(): pipe destroyed
11-23 01:53:48.801 10574 10596 W Binder  : Caught a RuntimeException from the binder stub implementation.
11-23 01:53:48.801 10574 10596 W Binder  : java.lang.NullPointerException: Attempt to invoke interface method 'int android.app.IActivityManager.checkPermission(java.lang.String, int, int)' on a null object reference
11-23 01:53:48.801 10574 10596 W Binder  : 	at android.app.ContextImpl.checkPermission(ContextImpl.java:1884)
11-23 01:53:48.801 10574 10596 W Binder  : 	at android.app.ContextImpl.checkCallingOrSelfPermission(ContextImpl.java:1925)
11-23 01:53:48.801 10574 10596 W Binder  : 	at android.app.ContextImpl.enforceCallingOrSelfPermission(ContextImpl.java:1962)
11-23 01:53:48.801 10574 10596 W Binder  : 	at com.android.server.power.PowerManagerService$BinderService.acquireWakeLock(PowerManagerService.java:2836)
11-23 01:53:48.801 10574 10596 W Binder  : 	at android.os.IPowerManager$Stub.onTransact(IPowerManager.java:66)
11-23 01:53:48.801 10574 10596 W Binder  : 	at android.os.Binder.execTransact(Binder.java:446)
11-23 01:53:48.802 10489 10489 E HAL     : enter gralloc class_id=sound_trigger
11-23 01:53:48.803 10489 10489 E SoundTriggerHwService: couldn't load sound trigger module sound_trigger.primary (No such file or directory)
11-23 01:53:48.803 10574 10596 W Binder  : Caught a RuntimeException from the binder stub implementation.
11-23 01:53:48.803 10574 10596 W Binder  : java.lang.NullPointerException: Attempt to invoke interface method 'int android.app.IActivityManager.checkPermission(java.lang.String, int, int)' on a null object reference
11-23 01:53:48.803 10574 10596 W Binder  : 	at android.app.ContextImpl.checkPermission(ContextImpl.java:1884)
11-23 01:53:48.803 10574 10596 W Binder  : 	at android.app.ContextImpl.checkCallingOrSelfPermission(ContextImpl.java:1925)
11-23 01:53:48.803 10574 10596 W Binder  : 	at android.app.ContextImpl.enforceCallingOrSelfPermission(ContextImpl.java:1962)
11-23 01:53:48.803 10574 10596 W Binder  : 	at com.android.server.power.PowerManagerService$BinderService.updateWakeLockWorkSource(PowerManagerService.java:2895)
11-23 01:53:48.803 10574 10596 W Binder  : 	at com.android.server.power.PowerManagerService$BinderService.updateWakeLockUids(PowerManagerService.java:2886)
11-23 01:53:48.803 10574 10596 W Binder  : 	at android.os.IPowerManager$Stub.onTransact(IPowerManager.java:105)
11-23 01:53:48.803 10574 10596 W Binder  : 	at android.os.Binder.execTransact(Binder.java:446)
11-23 01:53:48.806 10574 10596 W Binder  : Caught a RuntimeException from the binder stub implementation.
11-23 01:53:48.806 10574 10596 W Binder  : java.lang.NullPointerException: Attempt to invoke interface method 'int android.app.IActivityManager.checkPermission(java.lang.String, int, int)' on a null object reference
11-23 01:53:48.806 10574 10596 W Binder  : 	at android.app.ContextImpl.checkPermission(ContextImpl.java:1884)
11-23 01:53:48.806 10574 10596 W Binder  : 	at android.app.ContextImpl.checkCallingOrSelfPermission(ContextImpl.java:1925)
11-23 01:53:48.806 10574 10596 W Binder  : 	at android.app.ContextImpl.enforceCallingOrSelfPermission(ContextImpl.java:1962)
11-23 01:53:48.806 10574 10596 W Binder  : 	at com.android.server.power.PowerManagerService$BinderService.acquireWakeLock(PowerManagerService.java:2836)
11-23 01:53:48.806 10574 10596 W Binder  : 	at android.os.IPowerManager$Stub.onTransact(IPowerManager.java:66)
11-23 01:53:48.806 10574 10596 W Binder  : 	at android.os.Binder.execTransact(Binder.java:446)
11-23 01:53:48.810 10574 10596 W Binder  : Caught a RuntimeException from the binder stub implementation.
11-23 01:53:48.810 10574 10596 W Binder  : java.lang.NullPointerException: Attempt to invoke interface method 'int android.app.IActivityManager.checkPermission(java.lang.String, int, int)' on a null object reference
11-23 01:53:48.810 10574 10596 W Binder  : 	at android.app.ContextImpl.checkPermission(ContextImpl.java:1884)
11-23 01:53:48.810 10574 10596 W Binder  : 	at android.app.ContextImpl.checkCallingOrSelfPermission(ContextImpl.java:1925)
11-23 01:53:48.810 10574 10596 W Binder  : 	at android.app.ContextImpl.enforceCallingOrSelfPermission(ContextImpl.java:1962)
11-23 01:53:48.810 10574 10596 W Binder  : 	at com.android.server.power.PowerManagerService$BinderService.releaseWakeLock(PowerManagerService.java:2864)
11-23 01:53:48.810 10574 10596 W Binder  : 	at android.os.IPowerManager$Stub.onTransact(IPowerManager.java:94)
11-23 01:53:48.810 10574 10596 W Binder  : 	at android.os.Binder.execTransact(Binder.java:446)
11-23 01:53:48.825 10258 10258 D LauncherActivity: FullDialog progress=52
11-23 01:53:48.828 10574 10596 W Binder  : Caught a RuntimeException from the binder stub implementation.
11-23 01:53:48.828 10574 10596 W Binder  : java.lang.NullPointerException: Attempt to invoke interface method 'int android.app.IActivityManager.checkPermission(java.lang.String, int, int)' on a null object reference
11-23 01:53:48.828 10574 10596 W Binder  : 	at android.app.ContextImpl.checkPermission(ContextImpl.java:1884)
11-23 01:53:48.828 10574 10596 W Binder  : 	at android.app.ContextImpl.checkCallingOrSelfPermission(ContextImpl.java:1925)
11-23 01:53:48.828 10574 10596 W Binder  : 	at android.app.ContextImpl.enforceCallingOrSelfPermission(ContextImpl.java:1962)
11-23 01:53:48.828 10574 10596 W Binder  : 	at com.android.server.power.PowerManagerService$BinderService.acquireWakeLock(PowerManagerService.java:2836)
11-23 01:53:48.828 10574 10596 W Binder  : 	at android.os.IPowerManager$Stub.onTransact(IPowerManager.java:66)
11-23 01:53:48.828 10574 10596 W Binder  : 	at android.os.Binder.execTransact(Binder.java:446)
11-23 01:53:48.832 10574 10596 W Binder  : Caught a RuntimeException from the binder stub implementation.
11-23 01:53:48.832 10574 10596 W Binder  : java.lang.NullPointerException: Attempt to invoke interface method 'int android.app.IActivityManager.checkPermission(java.lang.String, int, int)' on a null object reference
11-23 01:53:48.832 10574 10596 W Binder  : 	at android.app.ContextImpl.checkPermission(ContextImpl.java:1884)
11-23 01:53:48.832 10574 10596 W Binder  : 	at android.app.ContextImpl.checkCallingOrSelfPermission(ContextImpl.java:1925)
11-23 01:53:48.832 10574 10596 W Binder  : 	at android.app.ContextImpl.enforceCallingOrSelfPermission(ContextImpl.java:1962)
11-23 01:53:48.832 10574 10596 W Binder  : 	at com.android.server.power.PowerManagerService$BinderService.releaseWakeLock(PowerManagerService.java:2864)
11-23 01:53:48.832 10574 10596 W Binder  : 	at android.os.IPowerManager$Stub.onTransact(IPowerManager.java:94)
11-23 01:53:48.832 10574 10596 W Binder  : 	at android.os.Binder.execTransact(Binder.java:446)
11-23 01:53:48.926 10574 10574 I PackageManager: Package com.android.vending at /system/priv-app/Phonesky ignored: updated version 82242510 better than this 81901200
11-23 01:53:48.926 10574 10574 W PackageManager: Failed to parse /system/priv-app/Phonesky: null
11-23 01:53:48.950 10258 10258 D LauncherActivity: FullDialog progress=53
11-23 01:53:49.033 10258 10626 D SHENG_AUDIO: buff size=1280
11-23 01:53:49.034 10258 10626 D SHENG_AUDIO: send error=Broken pipe
11-23 01:53:49.052 10574 10574 W ResourceType: Failure getting entry for 0x7f14037a (t=19 e=890) (error -75)
11-23 01:53:49.052 10574 10574 W ResourceType: Failure getting entry for 0x7f14037a (t=19 e=890) (error -75)
11-23 01:53:49.052 10574 10574 W ResourceType: Failure getting entry for 0x7f140351 (t=19 e=849) (error -75)
11-23 01:53:49.052 10574 10574 W ResourceType: Failure getting entry for 0x7f140351 (t=19 e=849) (error -75)
11-23 01:53:49.052 10574 10574 W ResourceType: Failure getting entry for 0x7f140367 (t=19 e=871) (error -75)
11-23 01:53:49.052 10574 10574 W ResourceType: Failure getting entry for 0x7f140367 (t=19 e=871) (error -75)
11-23 01:53:49.052 10574 10574 W ResourceType: Failure getting entry for 0x7f14034a (t=19 e=842) (error -75)
