11-23 01:53:46.187 10492 10492 W Resources: Preloaded drawable resource #0x10801bd (android:drawable/btn_radio_on_pressed_holo_light) that varies with configuration!!
11-23 01:53:46.187 10258 10529 I MY_DEBUG_OPENGL_E: planB constructor CallGraphicBuffer
11-23 01:53:46.187 10258 10529 I MY_DEBUG_OPENGL_E: planB constructor end CallGraphicBuffer
11-23 01:53:46.187 10258 10529 I SHENG_DEBUG_OPENGL_D: 'GB01'=47423031 'GBFR'=47424652 buf[0]=47423031
11-23 01:53:46.187 10492 10492 W Resources: Preloaded drawable resource #0x10801bc (android:drawable/btn_radio_on_pressed_holo_dark) that varies with configuration!!
11-23 01:53:46.187 10258 10529 I SHENG_DEBUG_OPENGL_D: 
11-23 01:53:46.187 10258 10529 I SHENG_DEBUG_OPENGL_D: [0]6c560810=5f626672 
11-23 01:53:46.187 10258 10529 I SHENG_DEBUG_OPENGL_D: [1]6c560814=a8 
11-23 01:53:46.187 10258 10529 I SHENG_DEBUG_OPENGL_D: [2]6c560818=0 
11-23 01:53:46.187 10258 10529 I SHENG_DEBUG_OPENGL_D: [3]6c56081c=0 
11-23 01:53:46.187 10258 10529 I SHENG_DEBUG_OPENGL_D: [4]6c560820=0 
11-23 01:53:46.187 10258 10529 I SHENG_DEBUG_OPENGL_D: [5]6c560824=0 
11-23 01:53:46.187 10258 10529 I SHENG_DEBUG_OPENGL_D: [6]6c560828=0 
11-23 01:53:46.187 10258 10529 I SHENG_DEBUG_OPENGL_D: [7]6c56082c=0 
11-23 01:53:46.187 10258 10529 I SHENG_DEBUG_OPENGL_D: [8]6c560830=0 
11-23 01:53:46.187 10258 10529 I SHENG_DEBUG_OPENGL_D: [9]6c560834=0 
11-23 01:53:46.187 10258 10529 I SHENG_DEBUG_OPENGL_D: 
11-23 01:53:46.187 10258 10529 I SHENG_DEBUG_OPENGL_D: [10]6c560838=6adb0824 
11-23 01:53:46.187 10258 10529 I SHENG_DEBUG_OPENGL_D: [11]6c56083c=79 
11-23 01:53:46.187 10258 10529 I SHENG_DEBUG_OPENGL_D: [12]6c560840=6adb0838 
11-23 01:53:46.188 10258 10529 I SHENG_DEBUG_OPENGL_D: [13]6c560844=79 
11-23 01:53:46.188 10258 10529 I SHENG_DEBUG_OPENGL_D: [14]6c560848=438 
11-23 01:53:46.188 10258 10529 I SHENG_DEBUG_OPENGL_D: [15]6c56084c=870 
11-23 01:53:46.188 10258 10529 I SHENG_DEBUG_OPENGL_D: [16]6c560850=440 
11-23 01:53:46.188 10258 10529 I SHENG_DEBUG_OPENGL_D: [17]6c560854=1 
11-23 01:53:46.188 10258 10529 I SHENG_DEBUG_OPENGL_D: [18]6c560858=1a00 
11-23 01:53:46.188 10258 10529 I SHENG_DEBUG_OPENGL_D: [19]6c56085c=0 
11-23 01:53:46.188 10258 10529 I SHENG_DEBUG_OPENGL_D: 
11-23 01:53:46.188 10258 10529 I SHENG_DEBUG_OPENGL_D: [20]6c560860=1 
11-23 01:53:46.188 10258 10529 I SHENG_DEBUG_OPENGL_D: [21]6c560864=0 
11-23 01:53:46.188 10258 10529 I SHENG_DEBUG_OPENGL_D: [22]6c560868=0 
11-23 01:53:46.188 10258 10529 I SHENG_DEBUG_OPENGL_D: [23]6c56086c=0 
11-23 01:53:46.188 10258 10529 I SHENG_DEBUG_OPENGL_D: [24]6c560870=15af0500 
11-23 01:53:46.188 10258 10529 I SHENG_DEBUG_OPENGL_D: [25]6c560874=78 
11-23 01:53:46.188 10258 10529 I SHENG_DEBUG_OPENGL_D: [26]6c560878=1a00 
11-23 01:53:46.188 10258 10529 I SHENG_DEBUG_OPENGL_D: [27]6c56087c=0 
11-23 01:53:46.188 10258 10529 I SHENG_DEBUG_OPENGL_D: [28]6c560880=0 
11-23 01:53:46.188 10258 10529 I SHENG_DEBUG_OPENGL_D: [29]6c560884=0 
11-23 01:53:46.188 10258 10529 I SHENG_DEBUG_OPENGL_D: 
11-23 01:53:46.188 10258 10529 I SHENG_DEBUG_OPENGL_D: [30]6c560888=0 
11-23 01:53:46.188 10258 10529 I SHENG_DEBUG_OPENGL_D: [31]6c56088c=0 
11-23 01:53:46.188 10258 10529 I SHENG_DEBUG_OPENGL_D: log x1=1600284274 version=168
11-23 01:53:46.188 10258 10529 I SHENG_DEBUG_OPENGL_D: recv ANativeWindowBuffer = 0x786c560810
11-23 01:53:46.188 10258 10529 I SHENG_DEBUG_OPENGL_D: recv ANativeWindowBuffer h=2160(0x870) w=1080(0x438)
11-23 01:53:46.188 10258 10529 I SHENG_DEBUG_OPENGL_D: recv ANativeWindowBuffer buffer[1]=1080 buffer[2]=2160
11-23 01:53:46.189 10258 10529 E SHENG_DEBUG_OPENGL_E: recv colorbuffer=1 fd_count=0
11-23 01:53:46.189 10258 10529 I SHENG_DEBUG_OPENGL_D: send ok ANativeWindowBuffer
11-23 01:53:46.189 10258 10530 W MY_DEBUG_OPENGL_E: CreateNATIVE_BUFFEREGLImage2 error anwb->handle=0x7815af0500 w=1080 int h=2160 int format=0x1908 int usage=0x1a00
11-23 01:53:46.190 10258 10530 W MY_DEBUG_OPENGL_E: EGLClientBuffer NATIVE_Image tang 13 0x786c552040
11-23 01:53:46.193 10492 10492 I art     : Explicit concurrent mark sweep GC freed 147(393KB) AllocSpace objects, 0(0B) LOS objects, 66% free, 1632KB/4MB, paused 97us total 4.933ms
11-23 01:53:46.196 10492 10492 W Resources: Preloaded drawable resource #0x10801b9 (android:drawable/btn_radio_on_holo_light) that varies with configuration!!
11-23 01:53:46.198 10492 10492 W Resources: Preloaded drawable resource #0x10801b8 (android:drawable/btn_radio_on_holo_dark) that varies with configuration!!
11-23 01:53:46.203 10492 10492 I art     : Explicit concurrent mark sweep GC freed 59(58KB) AllocSpace objects, 0(0B) LOS objects, 66% free, 1632KB/4MB, paused 95us total 5.234ms
11-23 01:53:46.205 10492 10492 W Resources: Preloaded drawable resource #0x10801b6 (android:drawable/btn_radio_on_focused_holo_light) that varies with configuration!!
11-23 01:53:46.206 10492 10492 W Resources: Preloaded drawable resource #0x10801b5 (android:drawable/btn_radio_on_focused_holo_dark) that varies with configuration!!
11-23 01:53:46.213 10492 10492 I art     : Explicit concurrent mark sweep GC freed 59(58KB) AllocSpace objects, 0(0B) LOS objects, 66% free, 1632KB/4MB, paused 129us total 6.866ms
11-23 01:53:46.215 10492 10492 W Resources: Preloaded drawable resource #0x10801b4 (android:drawable/btn_radio_on_disabled_holo_light) that varies with configuration!!
11-23 01:53:46.216 10492 10492 W Resources: Preloaded drawable resource #0x10801b3 (android:drawable/btn_radio_on_disabled_holo_dark) that varies with configuration!!
11-23 01:53:46.216 10484 10484 D SurfaceFlinger: log buf[1]=1080 buf[2]=2160 buf[3]=1088 buf[4]=1
11-23 01:53:46.216 10484 10484 D SurfaceFlinger: send ret=0 anwb->handle->numInts=24 gbp->getFdCount()=2 size=148 fds=1 FdCount=2
11-23 01:53:46.216 10484 10484 D SurfaceFlinger: connect=33 once=1
11-23 01:53:46.217 10484 10484 E SurfaceFlinger: sunlog sennd fd[0] = 34
11-23 01:53:46.217 10484 10484 E SurfaceFlinger: sunlog sennd fd[1] = 35
11-23 01:53:46.217 10484 10484 E SurfaceFlinger: sunlog sendmsg size = 148
11-23 01:53:46.217 10258 10553 I MY_DEBUG_OPENGL_E: planB constructor CallGraphicBuffer
11-23 01:53:46.217 10258 10553 I MY_DEBUG_OPENGL_E: planB constructor end CallGraphicBuffer
11-23 01:53:46.217 10484 10484 D SurfaceFlinger: send=148
11-23 01:53:46.217 10258 10553 I SHENG_DEBUG_OPENGL_D: 'GB01'=47423031 'GBFR'=47424652 buf[0]=47423031
11-23 01:53:46.217 10258 10553 I SHENG_DEBUG_OPENGL_D: 
11-23 01:53:46.217 10258 10553 I SHENG_DEBUG_OPENGL_D: [0]79420010=5f626672 
11-23 01:53:46.217 10258 10553 I SHENG_DEBUG_OPENGL_D: [1]79420014=a8 
11-23 01:53:46.217 10258 10553 I SHENG_DEBUG_OPENGL_D: [2]79420018=0 
11-23 01:53:46.217 10258 10553 I SHENG_DEBUG_OPENGL_D: [3]7942001c=0 
11-23 01:53:46.217 10258 10553 I SHENG_DEBUG_OPENGL_D: [4]79420020=0 
11-23 01:53:46.217 10258 10553 I SHENG_DEBUG_OPENGL_D: [5]79420024=0 
11-23 01:53:46.217 10258 10553 I SHENG_DEBUG_OPENGL_D: [6]79420028=0 
11-23 01:53:46.217 10258 10553 I SHENG_DEBUG_OPENGL_D: [7]7942002c=0 
11-23 01:53:46.217 10258 10553 I SHENG_DEBUG_OPENGL_D: [8]79420030=0 
11-23 01:53:46.217 10258 10553 I SHENG_DEBUG_OPENGL_D: [9]79420034=0 
11-23 01:53:46.217 10258 10553 I SHENG_DEBUG_OPENGL_D: 
11-23 01:53:46.217 10258 10553 I SHENG_DEBUG_OPENGL_D: [10]79420038=6adb0824 
11-23 01:53:46.217 10258 10553 I SHENG_DEBUG_OPENGL_D: [11]7942003c=79 
11-23 01:53:46.217 10258 10553 I SHENG_DEBUG_OPENGL_D: [12]79420040=6adb0838 
11-23 01:53:46.217 10258 10553 I SHENG_DEBUG_OPENGL_D: [13]79420044=79 
11-23 01:53:46.217 10258 10553 I SHENG_DEBUG_OPENGL_D: [14]79420048=438 
11-23 01:53:46.217 10258 10553 I SHENG_DEBUG_OPENGL_D: [15]7942004c=870 
11-23 01:53:46.217 10258 10553 I SHENG_DEBUG_OPENGL_D: [16]79420050=440 
11-23 01:53:46.217 10258 10553 I SHENG_DEBUG_OPENGL_D: [17]79420054=1 
11-23 01:53:46.217 10258 10553 I SHENG_DEBUG_OPENGL_D: [18]79420058=1a00 
11-23 01:53:46.217 10258 10553 I SHENG_DEBUG_OPENGL_D: [19]7942005c=0 
11-23 01:53:46.217 10258 10553 I SHENG_DEBUG_OPENGL_D: 
11-23 01:53:46.217 10258 10553 I SHENG_DEBUG_OPENGL_D: [20]79420060=1 
11-23 01:53:46.217 10258 10553 I SHENG_DEBUG_OPENGL_D: [21]79420064=0 
11-23 01:53:46.217 10258 10553 I SHENG_DEBUG_OPENGL_D: [22]79420068=79420080 
11-23 01:53:46.217 10258 10553 I SHENG_DEBUG_OPENGL_D: [23]7942006c=78 
11-23 01:53:46.217 10258 10553 I SHENG_DEBUG_OPENGL_D: [24]79420070=dc01e300 
11-23 01:53:46.217 10258 10553 I SHENG_DEBUG_OPENGL_D: [25]79420074=78 
11-23 01:53:46.217 10258 10553 I SHENG_DEBUG_OPENGL_D: [26]79420078=1a00 
11-23 01:53:46.217 10258 10553 I SHENG_DEBUG_OPENGL_D: [27]7942007c=0 
11-23 01:53:46.217 10258 10553 I SHENG_DEBUG_OPENGL_D: [28]79420080=0 
11-23 01:53:46.217 10258 10553 I SHENG_DEBUG_OPENGL_D: [29]79420084=0 
11-23 01:53:46.217 10258 10553 I SHENG_DEBUG_OPENGL_D: 
11-23 01:53:46.217 10258 10553 I SHENG_DEBUG_OPENGL_D: [30]79420088=794200a0 
11-23 01:53:46.217 10258 10553 I SHENG_DEBUG_OPENGL_D: [31]7942008c=78 
11-23 01:53:46.217 10258 10553 I SHENG_DEBUG_OPENGL_D: log x1=1600284274 version=168
11-23 01:53:46.217 10258 10553 I SHENG_DEBUG_OPENGL_D: recv ANativeWindowBuffer = 0x7879420010
11-23 01:53:46.217 10258 10553 I SHENG_DEBUG_OPENGL_D: recv ANativeWindowBuffer h=2160(0x870) w=1080(0x438)
11-23 01:53:46.217 10258 10553 I SHENG_DEBUG_OPENGL_D: recv ANativeWindowBuffer buffer[1]=1080 buffer[2]=2160
11-23 01:53:46.217 10258 10553 E SHENG_DEBUG_OPENGL_E: recv colorbuffer=2 fd_count=0
11-23 01:53:46.217 10258 10530 W MY_DEBUG_OPENGL_E: CreateNATIVE_BUFFEREGLImage2 error anwb->handle=0x78dc01e300 w=1080 int h=2160 int format=0x1908 int usage=0x1a00
11-23 01:53:46.218 10258 10530 W MY_DEBUG_OPENGL_E: EGLClientBuffer NATIVE_Image tang 13 0x786c5520b0
11-23 01:53:46.218 10258 10553 I SHENG_DEBUG_OPENGL_D: send ok ANativeWindowBuffer
11-23 01:53:46.221 10492 10492 I art     : Explicit concurrent mark sweep GC freed 61(58KB) AllocSpace objects, 0(0B) LOS objects, 66% free, 1633KB/4MB, paused 95us total 4.968ms
11-23 01:53:46.222 10492 10492 W Resources: Preloaded drawable resource #0x10801b2 (android:drawable/btn_radio_on_disabled_focused_holo_light) that varies with configuration!!
11-23 01:53:46.224 10492 10492 W Resources: Preloaded drawable resource #0x10801b1 (android:drawable/btn_radio_on_disabled_focused_holo_dark) that varies with configuration!!
11-23 01:53:46.228 10492 10492 I art     : Explicit concurrent mark sweep GC freed 59(58KB) AllocSpace objects, 0(0B) LOS objects, 66% free, 1633KB/4MB, paused 108us total 4.701ms
11-23 01:53:46.229 10492 10492 W Resources: Preloaded drawable resource #0x10801ae (android:drawable/btn_radio_off_pressed_holo_light) that varies with configuration!!
11-23 01:53:46.230 10492 10492 W Resources: Preloaded drawable resource #0x10801ad (android:drawable/btn_radio_off_pressed_holo_dark) that varies with configuration!!
11-23 01:53:46.235 10492 10492 I art     : Explicit concurrent mark sweep GC freed 59(58KB) AllocSpace objects, 0(0B) LOS objects, 66% free, 1634KB/4MB, paused 93us total 4.689ms
11-23 01:53:46.236 10492 10492 W Resources: Preloaded drawable resource #0x10801ab (android:drawable/btn_radio_off_holo_light) that varies with configuration!!
11-23 01:53:46.237 10492 10492 W Resources: Preloaded drawable resource #0x10801aa (android:drawable/btn_radio_off_holo_dark) that varies with configuration!!
11-23 01:53:46.242 10492 10492 I art     : Explicit concurrent mark sweep GC freed 59(58KB) AllocSpace objects, 0(0B) LOS objects, 66% free, 1634KB/4MB, paused 95us total 5.056ms
11-23 01:53:46.243 10492 10492 W Resources: Preloaded drawable resource #0x10801a8 (android:drawable/btn_radio_off_focused_holo_light) that varies with configuration!!
11-23 01:53:46.244 10492 10492 W Resources: Preloaded drawable resource #0x10801a7 (android:drawable/btn_radio_off_focused_holo_dark) that varies with configuration!!
11-23 01:53:46.247 10515 10521 D libEGL  : loaded /vendor/lib/egl/libEGL_adreno.so
11-23 01:53:46.249 10492 10492 I art     : Explicit concurrent mark sweep GC freed 59(58KB) AllocSpace objects, 0(0B) LOS objects, 66% free, 1634KB/4MB, paused 98us total 4.520ms
11-23 01:53:46.250 10492 10492 W Resources: Preloaded drawable resource #0x10801a6 (android:drawable/btn_radio_off_disabled_holo_light) that varies with configuration!!
11-23 01:53:46.250 10492 10492 W Resources: Preloaded drawable resource #0x10801a5 (android:drawable/btn_radio_off_disabled_holo_dark) that varies with configuration!!
11-23 01:53:46.254 10515 10521 D libEGL  : loaded /vendor/lib/egl/libGLESv1_CM_adreno.so
11-23 01:53:46.255 10492 10492 I art     : Explicit concurrent mark sweep GC freed 59(58KB) AllocSpace objects, 0(0B) LOS objects, 66% free, 1635KB/4MB, paused 91us total 4.808ms
11-23 01:53:46.256 10492 10492 W Resources: Preloaded drawable resource #0x10801a4 (android:drawable/btn_radio_off_disabled_focused_holo_light) that varies with configuration!!
11-23 01:53:46.257 10492 10492 W Resources: Preloaded drawable resource #0x10801a3 (android:drawable/btn_radio_off_disabled_focused_holo_dark) that varies with configuration!!
11-23 01:53:46.258 10515 10521 D libEGL  : loaded /vendor/lib/egl/libGLESv2_adreno.so
11-23 01:53:46.262 10492 10492 I art     : Explicit concurrent mark sweep GC freed 59(58KB) AllocSpace objects, 0(0B) LOS objects, 66% free, 1635KB/4MB, paused 91us total 4.385ms
11-23 01:53:46.263 10492 10492 W Resources: Preloaded drawable resource #0x108014e (android:drawable/btn_default_pressed_holo_light) that varies with configuration!!
11-23 01:53:46.264 10492 10492 W Resources: Preloaded drawable resource #0x108014d (android:drawable/btn_default_pressed_holo_dark) that varies with configuration!!
11-23 01:53:46.264 10492 10492 W Resources: Preloaded drawable resource #0x108014a (android:drawable/btn_default_normal_holo_light) that varies with configuration!!
11-23 01:53:46.269 10492 10492 I art     : Explicit concurrent mark sweep GC freed 79(59KB) AllocSpace objects, 0(0B) LOS objects, 66% free, 1648KB/4MB, paused 92us total 4.563ms
11-23 01:53:46.272 10492 10492 W Resources: Preloaded drawable resource #0x1080149 (android:drawable/btn_default_normal_holo_dark) that varies with configuration!!
11-23 01:53:46.274 10492 10492 W Resources: Preloaded drawable resource #0x1080140 (android:drawable/btn_default_focused_holo_light) that varies with configuration!!
11-23 01:53:46.275 10492 10492 W Resources: Preloaded drawable resource #0x108013f (android:drawable/btn_default_focused_holo_dark) that varies with configuration!!
11-23 01:53:46.278 10515 10521 I AdrenoGLES-0: QUALCOMM build                   : 18049cd, Ie201753318
11-23 01:53:46.278 10515 10521 I AdrenoGLES-0: Build Date                       : 02/27/20
11-23 01:53:46.278 10515 10521 I AdrenoGLES-0: OpenGL ES Shader Compiler Version: EV031.29.02.01
11-23 01:53:46.278 10515 10521 I AdrenoGLES-0: Local Branch                     : gfx-adreno.lnx.1.0
11-23 01:53:46.278 10515 10521 I AdrenoGLES-0: Remote Branch                    : quic/gfx-adreno.lnx.1.0
11-23 01:53:46.278 10515 10521 I AdrenoGLES-0: Remote Branch                    : NONE
11-23 01:53:46.278 10515 10521 I AdrenoGLES-0: Reconstruct Branch               : NOTHING
11-23 01:53:46.278 10515 10521 I AdrenoGLES-0: Build Config                     : S L 8.0.12 AArch32
11-23 01:53:46.278 10515 10521 I AdrenoGLES-0: Driver Path                      : /vendor/lib/egl/libGLESv2_adreno.so
11-23 01:53:46.279 10258 10258 D LauncherActivity: FullDialog progress=31
11-23 01:53:46.281 10492 10492 I art     : Explicit concurrent mark sweep GC freed 101(72KB) AllocSpace objects, 0(0B) LOS objects, 66% free, 1649KB/4MB, paused 97us total 6.031ms
11-23 01:53:46.282 10492 10492 W Resources: Preloaded drawable resource #0x108013d (android:drawable/btn_default_disabled_holo_light) that varies with configuration!!
11-23 01:53:46.283 10492 10492 W Resources: Preloaded drawable resource #0x108013c (android:drawable/btn_default_disabled_holo_dark) that varies with configuration!!
11-23 01:53:46.283 10515 10521 I AdrenoGLES-0: PFP: 0x005ff112, ME: 0x005ff066
11-23 01:53:46.284 10492 10492 W Resources: Preloaded drawable resource #0x108013a (android:drawable/btn_default_disabled_focused_holo_light) that varies with configuration!!
11-23 01:53:46.289 10492 10492 I art     : Explicit concurrent mark sweep GC freed 101(72KB) AllocSpace objects, 0(0B) LOS objects, 66% free, 1649KB/4MB, paused 91us total 4.947ms
11-23 01:53:46.291 10492 10492 W Resources: Preloaded drawable resource #0x1080139 (android:drawable/btn_default_disabled_focused_holo_dark) that varies with configuration!!
11-23 01:53:46.293 10492 10492 W Resources: Preloaded drawable resource #0x1080149 (android:drawable/btn_default_normal_holo_dark) that varies with configuration!!
11-23 01:53:46.294 10492 10492 W Resources: Preloaded drawable resource #0x108013c (android:drawable/btn_default_disabled_holo_dark) that varies with configuration!!
11-23 01:53:46.295 10492 10492 W Resources: Preloaded drawable resource #0x108014d (android:drawable/btn_default_pressed_holo_dark) that varies with configuration!!
11-23 01:53:46.296 10492 10492 W Resources: Preloaded drawable resource #0x108013f (android:drawable/btn_default_focused_holo_dark) that varies with configuration!!
11-23 01:53:46.297 10492 10492 W Resources: Preloaded drawable resource #0x1080149 (android:drawable/btn_default_normal_holo_dark) that varies with configuration!!
11-23 01:53:46.298 10492 10492 W Resources: Preloaded drawable resource #0x1080139 (android:drawable/btn_default_disabled_focused_holo_dark) that varies with configuration!!
11-23 01:53:46.299 10492 10492 W Resources: Preloaded drawable resource #0x108013c (android:drawable/btn_default_disabled_holo_dark) that varies with configuration!!
11-23 01:53:46.299 10492 10492 W Resources: Preloaded drawable resource #0x1080141 (android:drawable/btn_default_holo_dark) that varies with configuration!!
11-23 01:53:46.304 10492 10492 I art     : Explicit concurrent mark sweep GC freed 240(81KB) AllocSpace objects, 0(0B) LOS objects, 66% free, 1764KB/5MB, paused 102us total 4.607ms
11-23 01:53:46.305 10492 10492 W Resources: Preloaded drawable resource #0x108014a (android:drawable/btn_default_normal_holo_light) that varies with configuration!!
11-23 01:53:46.306 10492 10492 W Resources: Preloaded drawable resource #0x108013d (android:drawable/btn_default_disabled_holo_light) that varies with configuration!!
11-23 01:53:46.307 10492 10492 W Resources: Preloaded drawable resource #0x108014e (android:drawable/btn_default_pressed_holo_light) that varies with configuration!!
11-23 01:53:46.309 10492 10492 W Resources: Preloaded drawable resource #0x1080140 (android:drawable/btn_default_focused_holo_light) that varies with configuration!!
11-23 01:53:46.310 10492 10492 W Resources: Preloaded drawable resource #0x108014a (android:drawable/btn_default_normal_holo_light) that varies with configuration!!
11-23 01:53:46.311 10492 10492 W Resources: Preloaded drawable resource #0x108013a (android:drawable/btn_default_disabled_focused_holo_light) that varies with configuration!!
11-23 01:53:46.312 10492 10492 W Resources: Preloaded drawable resource #0x108013d (android:drawable/btn_default_disabled_holo_light) that varies with configuration!!
11-23 01:53:46.312 10492 10492 W Resources: Preloaded drawable resource #0x1080142 (android:drawable/btn_default_holo_light) that varies with configuration!!
11-23 01:53:46.320 10492 10492 I art     : Explicit concurrent mark sweep GC freed 284(194KB) AllocSpace objects, 0(0B) LOS objects, 66% free, 1742KB/5MB, paused 124us total 7.132ms
11-23 01:53:46.324 10492 10492 W Resources: Preloaded drawable resource #0x108021e (android:drawable/btn_star_off_normal_holo_light) that varies with configuration!!
11-23 01:53:46.325 10492 10492 W Resources: Preloaded drawable resource #0x1080228 (android:drawable/btn_star_on_normal_holo_light) that varies with configuration!!
11-23 01:53:46.329 10492 10492 I art     : Explicit concurrent mark sweep GC freed 133(162KB) AllocSpace objects, 0(0B) LOS objects, 66% free, 1638KB/4MB, paused 101us total 4.646ms
11-23 01:53:46.331 10492 10492 W Resources: Preloaded drawable resource #0x1080224 (android:drawable/btn_star_on_disabled_holo_light) that varies with configuration!!
11-23 01:53:46.331 10515 10521 D GraphicBuffer: linker libui hostGraphicBuffer-------------------
11-23 01:53:46.331 10515 10521 D GraphicBuffer: linker libui Buffer->createGraphicBuffer ed558b31
11-23 01:53:46.331 10515 10521 D GraphicBuffer: linker libui Buffer->createGraphicBufferRequestorName eb3e8129
11-23 01:53:46.331 10515 10521 D GraphicBuffer: linker libui Buffer->createGraphicBufferExistingHandle 0
11-23 01:53:46.331 10515 10521 D GraphicBuffer: linker libui Buffer->createGraphicBufferExistingANativeWindowBuffer 0
11-23 01:53:46.331 10515 10521 D GraphicBuffer: linker libui Buffer->initCheck ed55922b
11-23 01:53:46.331 10515 10521 D GraphicBuffer: linker libui Buffer->getWidth 0
11-23 01:53:46.331 10515 10521 D GraphicBuffer: linker libui Buffer->getHeight 0
11-23 01:53:46.331 10515 10521 D GraphicBuffer: linker libui Buffer->getStride 0
11-23 01:53:46.331 10515 10521 D GraphicBuffer: linker libui Buffer->getUsage 0
11-23 01:53:46.331 10515 10521 D GraphicBuffer: linker libui Buffer->getPixelFormat 0
11-23 01:53:46.331 10515 10521 D GraphicBuffer: linker libui Buffer->getBounds 0
11-23 01:53:46.331 10515 10521 D GraphicBuffer: linker libui Buffer->getId eb3e8525
11-23 01:53:46.331 10515 10521 D GraphicBuffer: linker libui Buffer->lock ed559381
11-23 01:53:46.331 10515 10521 D GraphicBuffer: linker libui Buffer->lockWithRect ed5593c5
11-23 01:53:46.331 10515 10521 D GraphicBuffer: linker libui Buffer->lockYCbCr ed559439
11-23 01:53:46.331 10515 10521 D GraphicBuffer: linker libui Buffer->lockYCbCrWithRect ed559479
11-23 01:53:46.331 10515 10521 D GraphicBuffer: linker libui Buffer->unlock ed5594e9
11-23 01:53:46.331 10492 10492 W Resources: Preloaded drawable resource #0x108021a (android:drawable/btn_star_off_disabled_holo_light) that varies with configuration!!
11-23 01:53:46.331 10515 10521 D GraphicBuffer: linker libui Buffer->lockAsync ed5594f1
11-23 01:53:46.332 10515 10521 D GraphicBuffer: linker libui Buffer->lockAsyncWithRect ed559545
11-23 01:53:46.332 10515 10521 D GraphicBuffer: linker libui Buffer->lockAsyncYCbCr ed559625
11-23 01:53:46.332 10515 10521 D GraphicBuffer: linker libui Buffer->lockAsyncYCbCrWithRect ed559669
11-23 01:53:46.332 10515 10521 D GraphicBuffer: linker libui Buffer->unlockAsync ed5596d9
11-23 01:53:46.332 10515 10521 D GraphicBuffer: linker libui Buffer->getNativeBuffer ed559233
11-23 01:53:46.332 10515 10521 D GraphicBuffer: linker libui Buffer->getFlattenedSize ed5596e9
11-23 01:53:46.332 10515 10521 D GraphicBuffer: linker libui Buffer->getFdCount ed559717
11-23 01:53:46.332 10515 10521 D GraphicBuffer: linker libui Buffer->flatten ed55972b
11-23 01:53:46.332 10515 10521 D GraphicBuffer: linker libui Buffer->unflatten ed559949
11-23 01:53:46.332 10515 10521 D GraphicBuffer: linker libui Buffer->deleteGraphicBuffer 0
11-23 01:53:46.332 10515 10521 D GraphicBuffer: linker libui Buffer->initSize eb3e8015
11-23 01:53:46.332 10515 10521 D GraphicBuffer: linker libui Buffer->mapperget eb3e8125
11-23 01:53:46.332 10515 10521 D GraphicBuffer: linker libui Buffer->free_handle ed5591b5
11-23 01:53:46.332 10515 10521 D GraphicBuffer: linker libui Buffer->initWithSize eb3e8015
11-23 01:53:46.332 10515 10521 D GraphicBuffer: linker libui Buffer->newRefBase ed423131
11-23 01:53:46.332 10515 10521 D GraphicBuffer: linker libui Buffer->releaseRefBase ed42315d
11-23 01:53:46.332 10515 10521 D GraphicBuffer: linker libui Buffer->incStrong ed422e5b
11-23 01:53:46.332 10515 10521 D GraphicBuffer: linker libui Buffer->decStrong ed422ead
11-23 01:53:46.332 10515 10521 D GraphicBufferMapper: linker libui hostMapper-------------------
11-23 01:53:46.332 10515 10521 D GraphicBufferMapper: linker libui Mapper->get ed55aa41
11-23 01:53:46.332 10515 10521 D GraphicBufferMapper: linker libui Mapper->createMapper 0
11-23 01:53:46.332 10515 10521 D GraphicBufferMapper: linker libui Mapper->registerBuffer 0
11-23 01:53:46.332 10515 10521 D GraphicBufferMapper: linker libui Mapper->unregisterBuffer 0
11-23 01:53:46.332 10515 10521 D GraphicBufferMapper: linker libui Mapper->lock ed55ad1d
11-23 01:53:46.332 10515 10521 D GraphicBufferMapper: linker libui Mapper->lockYCbCr ed55ad6d
11-23 01:53:46.332 10515 10521 D GraphicBufferMapper: linker libui Mapper->unlock ed55ae79
11-23 01:53:46.333 10515 10521 D GraphicBufferMapper: linker libui Mapper->lockAsync ed55ad45
11-23 01:53:46.333 10515 10521 D GraphicBufferMapper: linker libui Mapper->lockAsyncYCbCr ed55adf5
11-23 01:53:46.333 10515 10521 D GraphicBufferMapper: linker libui Mapper->unlockAsync ed55aefd
11-23 01:53:46.333 10515 10521 W Gralloc3: mapper 3.x is not supported
11-23 01:53:46.336 10492 10492 I art     : Explicit concurrent mark sweep GC freed 59(58KB) AllocSpace objects, 0(0B) LOS objects, 66% free, 1638KB/4MB, paused 111us total 4.582ms
11-23 01:53:46.338 10492 10492 W Resources: Preloaded drawable resource #0x108022a (android:drawable/btn_star_on_pressed_holo_light) that varies with configuration!!
11-23 01:53:46.340 10492 10492 W Resources: Preloaded drawable resource #0x1080220 (android:drawable/btn_star_off_pressed_holo_light) that varies with configuration!!
11-23 01:53:46.346 10492 10492 I art     : Explicit concurrent mark sweep GC freed 59(58KB) AllocSpace objects, 0(0B) LOS objects, 66% free, 1639KB/4MB, paused 147us total 5.687ms
11-23 01:53:46.350 10492 10492 W Resources: Preloaded drawable resource #0x1080226 (android:drawable/btn_star_on_focused_holo_light) that varies with configuration!!
11-23 01:53:46.352 10492 10492 W Resources: Preloaded drawable resource #0x108021c (android:drawable/btn_star_off_focused_holo_light) that varies with configuration!!
11-23 01:53:46.358 10492 10492 I art     : Explicit concurrent mark sweep GC freed 61(59KB) AllocSpace objects, 0(0B) LOS objects, 66% free, 1639KB/4MB, paused 113us total 6.046ms
11-23 01:53:46.359 10492 10492 W Resources: Preloaded drawable resource #0x1080222 (android:drawable/btn_star_on_disabled_focused_holo_light) that varies with configuration!!
11-23 01:53:46.360 10492 10492 W Resources: Preloaded drawable resource #0x1080218 (android:drawable/btn_star_off_disabled_focused_holo_light) that varies with configuration!!
11-23 01:53:46.365 10492 10492 I art     : Explicit concurrent mark sweep GC freed 59(58KB) AllocSpace objects, 0(0B) LOS objects, 66% free, 1640KB/4MB, paused 103us total 4.602ms
11-23 01:53:46.367 10492 10492 W Resources: Preloaded drawable resource #0x108021e (android:drawable/btn_star_off_normal_holo_light) that varies with configuration!!
11-23 01:53:46.368 10492 10492 W Resources: Preloaded drawable resource #0x1080228 (android:drawable/btn_star_on_normal_holo_light) that varies with configuration!!
11-23 01:53:46.369 10492 10492 W Resources: Preloaded drawable resource #0x1080224 (android:drawable/btn_star_on_disabled_holo_light) that varies with configuration!!
11-23 01:53:46.370 10492 10492 W Resources: Preloaded drawable resource #0x108021a (android:drawable/btn_star_off_disabled_holo_light) that varies with configuration!!
11-23 01:53:46.372 10492 10492 W Resources: Preloaded drawable resource #0x108022a (android:drawable/btn_star_on_pressed_holo_light) that varies with configuration!!
11-23 01:53:46.373 10492 10492 W Resources: Preloaded drawable resource #0x1080220 (android:drawable/btn_star_off_pressed_holo_light) that varies with configuration!!
11-23 01:53:46.375 10492 10492 W Resources: Preloaded drawable resource #0x1080226 (android:drawable/btn_star_on_focused_holo_light) that varies with configuration!!
11-23 01:53:46.376 10492 10492 W Resources: Preloaded drawable resource #0x108021c (android:drawable/btn_star_off_focused_holo_light) that varies with configuration!!
11-23 01:53:46.377 10492 10492 W Resources: Preloaded drawable resource #0x1080222 (android:drawable/btn_star_on_disabled_focused_holo_light) that varies with configuration!!
11-23 01:53:46.377 10492 10492 W Resources: Preloaded drawable resource #0x1080224 (android:drawable/btn_star_on_disabled_holo_light) that varies with configuration!!
11-23 01:53:46.378 10492 10492 W Resources: Preloaded drawable resource #0x1080218 (android:drawable/btn_star_off_disabled_focused_holo_light) that varies with configuration!!
11-23 01:53:46.379 10492 10492 W Resources: Preloaded drawable resource #0x108021a (android:drawable/btn_star_off_disabled_holo_light) that varies with configuration!!
11-23 01:53:46.379 10492 10492 W Resources: Preloaded drawable resource #0x108021e (android:drawable/btn_star_off_normal_holo_light) that varies with configuration!!
11-23 01:53:46.380 10492 10492 W Resources: Preloaded drawable resource #0x1080228 (android:drawable/btn_star_on_normal_holo_light) that varies with configuration!!
11-23 01:53:46.380 10492 10492 W Resources: Preloaded drawable resource #0x1080213 (android:drawable/btn_star_holo_light) that varies with configuration!!
11-23 01:53:46.386 10492 10492 I art     : Explicit concurrent mark sweep GC freed 361(78KB) AllocSpace objects, 0(0B) LOS objects, 66% free, 1975KB/5MB, paused 98us total 5.251ms
11-23 01:53:46.387 10492 10492 W Resources: Preloaded drawable resource #0x108021d (android:drawable/btn_star_off_normal_holo_dark) that varies with configuration!!
11-23 01:53:46.388 10492 10492 W Resources: Preloaded drawable resource #0x1080227 (android:drawable/btn_star_on_normal_holo_dark) that varies with configuration!!
11-23 01:53:46.393 10492 10492 I art     : Explicit concurrent mark sweep GC freed 156(393KB) AllocSpace objects, 0(0B) LOS objects, 66% free, 1640KB/4MB, paused 91us total 4.639ms
11-23 01:53:46.394 10492 10492 W Resources: Preloaded drawable resource #0x1080223 (android:drawable/btn_star_on_disabled_holo_dark) that varies with configuration!!
11-23 01:53:46.396 10492 10492 W Resources: Preloaded drawable resource #0x1080219 (android:drawable/btn_star_off_disabled_holo_dark) that varies with configuration!!
11-23 01:53:46.400 10258 10258 D LauncherActivity: FullDialog progress=32
11-23 01:53:46.400 10492 10492 I art     : Explicit concurrent mark sweep GC freed 59(58KB) AllocSpace objects, 0(0B) LOS objects, 66% free, 1641KB/4MB, paused 99us total 4.688ms
11-23 01:53:46.402 10492 10492 W Resources: Preloaded drawable resource #0x1080229 (android:drawable/btn_star_on_pressed_holo_dark) that varies with configuration!!
11-23 01:53:46.403 10492 10492 W Resources: Preloaded drawable resource #0x108021f (android:drawable/btn_star_off_pressed_holo_dark) that varies with configuration!!
11-23 01:53:46.408 10492 10492 I art     : Explicit concurrent mark sweep GC freed 59(58KB) AllocSpace objects, 0(0B) LOS objects, 66% free, 1641KB/4MB, paused 100us total 4.395ms
11-23 01:53:46.409 10492 10492 W Resources: Preloaded drawable resource #0x1080225 (android:drawable/btn_star_on_focused_holo_dark) that varies with configuration!!
11-23 01:53:46.410 10492 10492 W Resources: Preloaded drawable resource #0x108021b (android:drawable/btn_star_off_focused_holo_dark) that varies with configuration!!
11-23 01:53:46.415 10492 10492 I art     : Explicit concurrent mark sweep GC freed 59(58KB) AllocSpace objects, 0(0B) LOS objects, 66% free, 1641KB/4MB, paused 101us total 4.595ms
11-23 01:53:46.416 10492 10492 W Resources: Preloaded drawable resource #0x1080221 (android:drawable/btn_star_on_disabled_focused_holo_dark) that varies with configuration!!
11-23 01:53:46.417 10492 10492 W Resources: Preloaded drawable resource #0x1080217 (android:drawable/btn_star_off_disabled_focused_holo_dark) that varies with configuration!!
11-23 01:53:46.421 10492 10492 I art     : Explicit concurrent mark sweep GC freed 59(58KB) AllocSpace objects, 0(0B) LOS objects, 66% free, 1642KB/4MB, paused 98us total 4.375ms
11-23 01:53:46.423 10492 10492 W Resources: Preloaded drawable resource #0x108021d (android:drawable/btn_star_off_normal_holo_dark) that varies with configuration!!
11-23 01:53:46.423 10492 10492 W Resources: Preloaded drawable resource #0x1080227 (android:drawable/btn_star_on_normal_holo_dark) that varies with configuration!!
11-23 01:53:46.424 10492 10492 W Resources: Preloaded drawable resource #0x1080223 (android:drawable/btn_star_on_disabled_holo_dark) that varies with configuration!!
11-23 01:53:46.425 10492 10492 W Resources: Preloaded drawable resource #0x1080219 (android:drawable/btn_star_off_disabled_holo_dark) that varies with configuration!!
11-23 01:53:46.426 10492 10492 W Resources: Preloaded drawable resource #0x1080229 (android:drawable/btn_star_on_pressed_holo_dark) that varies with configuration!!
11-23 01:53:46.428 10492 10492 W Resources: Preloaded drawable resource #0x108021f (android:drawable/btn_star_off_pressed_holo_dark) that varies with configuration!!
11-23 01:53:46.430 10492 10492 W Resources: Preloaded drawable resource #0x1080225 (android:drawable/btn_star_on_focused_holo_dark) that varies with configuration!!
11-23 01:53:46.431 10492 10492 W Resources: Preloaded drawable resource #0x108021b (android:drawable/btn_star_off_focused_holo_dark) that varies with configuration!!
11-23 01:53:46.433 10492 10492 W Resources: Preloaded drawable resource #0x1080221 (android:drawable/btn_star_on_disabled_focused_holo_dark) that varies with configuration!!
11-23 01:53:46.434 10492 10492 W Resources: Preloaded drawable resource #0x1080223 (android:drawable/btn_star_on_disabled_holo_dark) that varies with configuration!!
11-23 01:53:46.435 10492 10492 W Resources: Preloaded drawable resource #0x1080217 (android:drawable/btn_star_off_disabled_focused_holo_dark) that varies with configuration!!
11-23 01:53:46.436 10492 10492 W Resources: Preloaded drawable resource #0x1080219 (android:drawable/btn_star_off_disabled_holo_dark) that varies with configuration!!
11-23 01:53:46.437 10492 10492 W Resources: Preloaded drawable resource #0x108021d (android:drawable/btn_star_off_normal_holo_dark) that varies with configuration!!
11-23 01:53:46.438 10492 10492 W Resources: Preloaded drawable resource #0x1080227 (android:drawable/btn_star_on_normal_holo_dark) that varies with configuration!!
11-23 01:53:46.438 10492 10492 W Resources: Preloaded drawable resource #0x1080212 (android:drawable/btn_star_holo_dark) that varies with configuration!!
11-23 01:53:46.444 10492 10492 I art     : Explicit concurrent mark sweep GC freed 361(78KB) AllocSpace objects, 0(0B) LOS objects, 66% free, 1977KB/5MB, paused 102us total 5.976ms
11-23 01:53:46.445 10492 10492 W Resources: Preloaded drawable resource #0x108025e (android:drawable/btn_toggle_on_pressed_holo_light) that varies with configuration!!
11-23 01:53:46.446 10492 10492 W Resources: Preloaded drawable resource #0x108025d (android:drawable/btn_toggle_on_pressed_holo_dark) that varies with configuration!!
11-23 01:53:46.452 10492 10492 I art     : Explicit concurrent mark sweep GC freed 156(393KB) AllocSpace objects, 0(0B) LOS objects, 66% free, 1632KB/4MB, paused 96us total 5.306ms
11-23 01:53:46.453 10492 10492 W Resources: Preloaded drawable resource #0x108025c (android:drawable/btn_toggle_on_normal_holo_light) that varies with configuration!!
11-23 01:53:46.454 10492 10492 W Resources: Preloaded drawable resource #0x108025b (android:drawable/btn_toggle_on_normal_holo_dark) that varies with configuration!!
11-23 01:53:46.459 10492 10492 I art     : Explicit concurrent mark sweep GC freed 69(48KB) AllocSpace objects, 0(0B) LOS objects, 66% free, 1632KB/4MB, paused 98us total 4.446ms
11-23 01:53:46.460 10492 10492 W Resources: Preloaded drawable resource #0x108025a (android:drawable/btn_toggle_on_focused_holo_light) that varies with configuration!!
11-23 01:53:46.461 10492 10492 W Resources: Preloaded drawable resource #0x1080259 (android:drawable/btn_toggle_on_focused_holo_dark) that varies with configuration!!
11-23 01:53:46.465 10492 10492 I art     : Explicit concurrent mark sweep GC freed 69(48KB) AllocSpace objects, 0(0B) LOS objects, 66% free, 1633KB/4MB, paused 97us total 4.417ms
11-23 01:53:46.466 10492 10492 W Resources: Preloaded drawable resource #0x1080258 (android:drawable/btn_toggle_on_disabled_holo_light) that varies with configuration!!
11-23 01:53:46.467 10492 10492 W Resources: Preloaded drawable resource #0x1080257 (android:drawable/btn_toggle_on_disabled_holo_dark) that varies with configuration!!
11-23 01:53:46.472 10492 10492 I art     : Explicit concurrent mark sweep GC freed 69(48KB) AllocSpace objects, 0(0B) LOS objects, 66% free, 1633KB/4MB, paused 107us total 4.901ms
11-23 01:53:46.474 10492 10492 W Resources: Preloaded drawable resource #0x1080256 (android:drawable/btn_toggle_on_disabled_focused_holo_light) that varies with configuration!!
11-23 01:53:46.475 10492 10492 W Resources: Preloaded drawable resource #0x1080255 (android:drawable/btn_toggle_on_disabled_focused_holo_dark) that varies with configuration!!
11-23 01:53:46.480 10492 10492 I art     : Explicit concurrent mark sweep GC freed 69(48KB) AllocSpace objects, 0(0B) LOS objects, 66% free, 1633KB/4MB, paused 99us total 4.340ms
11-23 01:53:46.481 10492 10492 W Resources: Preloaded drawable resource #0x1080253 (android:drawable/btn_toggle_off_pressed_holo_light) that varies with configuration!!
11-23 01:53:46.482 10492 10492 W Resources: Preloaded drawable resource #0x1080252 (android:drawable/btn_toggle_off_pressed_holo_dark) that varies with configuration!!
11-23 01:53:46.487 10492 10492 I art     : Explicit concurrent mark sweep GC freed 69(48KB) AllocSpace objects, 0(0B) LOS objects, 66% free, 1634KB/4MB, paused 95us total 4.621ms
11-23 01:53:46.488 10492 10492 W Resources: Preloaded drawable resource #0x1080251 (android:drawable/btn_toggle_off_normal_holo_light) that varies with configuration!!
11-23 01:53:46.489 10492 10492 W Resources: Preloaded drawable resource #0x1080250 (android:drawable/btn_toggle_off_normal_holo_dark) that varies with configuration!!
11-23 01:53:46.493 10492 10492 I art     : Explicit concurrent mark sweep GC freed 69(48KB) AllocSpace objects, 0(0B) LOS objects, 66% free, 1634KB/4MB, paused 98us total 4.337ms
11-23 01:53:46.494 10492 10492 W Resources: Preloaded drawable resource #0x108024f (android:drawable/btn_toggle_off_focused_holo_light) that varies with configuration!!
11-23 01:53:46.495 10492 10492 W Resources: Preloaded drawable resource #0x108024e (android:drawable/btn_toggle_off_focused_holo_dark) that varies with configuration!!
11-23 01:53:46.500 10492 10492 I art     : Explicit concurrent mark sweep GC freed 69(48KB) AllocSpace objects, 0(0B) LOS objects, 66% free, 1634KB/4MB, paused 96us total 4.353ms
11-23 01:53:46.501 10492 10492 W Resources: Preloaded drawable resource #0x108024d (android:drawable/btn_toggle_off_disabled_holo_light) that varies with configuration!!
11-23 01:53:46.502 10492 10492 W Resources: Preloaded drawable resource #0x108024c (android:drawable/btn_toggle_off_disabled_holo_dark) that varies with configuration!!
11-23 01:53:46.506 10492 10492 I art     : Explicit concurrent mark sweep GC freed 69(48KB) AllocSpace objects, 0(0B) LOS objects, 66% free, 1635KB/4MB, paused 97us total 4.431ms
11-23 01:53:46.508 10492 10492 W Resources: Preloaded drawable resource #0x108024b (android:drawable/btn_toggle_off_disabled_focused_holo_light) that varies with configuration!!
11-23 01:53:46.508 10492 10492 W Resources: Preloaded drawable resource #0x108024a (android:drawable/btn_toggle_off_disabled_focused_holo_dark) that varies with configuration!!
11-23 01:53:46.515 10492 10492 I art     : Explicit concurrent mark sweep GC freed 69(48KB) AllocSpace objects, 0(0B) LOS objects, 66% free, 1635KB/4MB, paused 120us total 5.883ms
11-23 01:53:46.516 10492 10492 W Resources: Preloaded drawable resource #0x108025c (android:drawable/btn_toggle_on_normal_holo_light) that varies with configuration!!
11-23 01:53:46.517 10492 10492 W Resources: Preloaded drawable resource #0x1080258 (android:drawable/btn_toggle_on_disabled_holo_light) that varies with configuration!!
11-23 01:53:46.518 10492 10492 W Resources: Preloaded drawable resource #0x108025e (android:drawable/btn_toggle_on_pressed_holo_light) that varies with configuration!!
11-23 01:53:46.519 10492 10492 W Resources: Preloaded drawable resource #0x108025a (android:drawable/btn_toggle_on_focused_holo_light) that varies with configuration!!
11-23 01:53:46.520 10492 10492 W Resources: Preloaded drawable resource #0x108025c (android:drawable/btn_toggle_on_normal_holo_light) that varies with configuration!!
11-23 01:53:46.521 10258 10258 D LauncherActivity: FullDialog progress=33
11-23 01:53:46.521 10492 10492 W Resources: Preloaded drawable resource #0x1080256 (android:drawable/btn_toggle_on_disabled_focused_holo_light) that varies with configuration!!
11-23 01:53:46.522 10492 10492 W Resources: Preloaded drawable resource #0x1080258 (android:drawable/btn_toggle_on_disabled_holo_light) that varies with configuration!!
11-23 01:53:46.523 10492 10492 W Resources: Preloaded drawable resource #0x1080251 (android:drawable/btn_toggle_off_normal_holo_light) that varies with configuration!!
11-23 01:53:46.524 10492 10492 W Resources: Preloaded drawable resource #0x108024d (android:drawable/btn_toggle_off_disabled_holo_light) that varies with configuration!!
11-23 01:53:46.525 10492 10492 W Resources: Preloaded drawable resource #0x1080253 (android:drawable/btn_toggle_off_pressed_holo_light) that varies with configuration!!
11-23 01:53:46.526 10492 10492 W Resources: Preloaded drawable resource #0x108024f (android:drawable/btn_toggle_off_focused_holo_light) that varies with configuration!!
11-23 01:53:46.527 10492 10492 W Resources: Preloaded drawable resource #0x1080251 (android:drawable/btn_toggle_off_normal_holo_light) that varies with configuration!!
11-23 01:53:46.528 10492 10492 W Resources: Preloaded drawable resource #0x108024b (android:drawable/btn_toggle_off_disabled_focused_holo_light) that varies with configuration!!
11-23 01:53:46.529 10492 10492 W Resources: Preloaded drawable resource #0x108024d (android:drawable/btn_toggle_off_disabled_holo_light) that varies with configuration!!
11-23 01:53:46.529 10492 10492 W Resources: Preloaded drawable resource #0x1080246 (android:drawable/btn_toggle_holo_light) that varies with configuration!!
11-23 01:53:46.534 10492 10492 I art     : Explicit concurrent mark sweep GC freed 371(67KB) AllocSpace objects, 0(0B) LOS objects, 66% free, 1911KB/5MB, paused 106us total 4.739ms
11-23 01:53:46.536 10492 10492 W Resources: Preloaded drawable resource #0x108025b (android:drawable/btn_toggle_on_normal_holo_dark) that varies with configuration!!
11-23 01:53:46.536 10492 10492 W Resources: Preloaded drawable resource #0x1080257 (android:drawable/btn_toggle_on_disabled_holo_dark) that varies with configuration!!
11-23 01:53:46.537 10492 10492 W Resources: Preloaded drawable resource #0x108025d (android:drawable/btn_toggle_on_pressed_holo_dark) that varies with configuration!!
11-23 01:53:46.538 10492 10492 W Resources: Preloaded drawable resource #0x1080259 (android:drawable/btn_toggle_on_focused_holo_dark) that varies with configuration!!
11-23 01:53:46.538 10492 10492 W Resources: Preloaded drawable resource #0x108025b (android:drawable/btn_toggle_on_normal_holo_dark) that varies with configuration!!
11-23 01:53:46.539 10492 10492 W Resources: Preloaded drawable resource #0x1080255 (android:drawable/btn_toggle_on_disabled_focused_holo_dark) that varies with configuration!!
11-23 01:53:46.540 10492 10492 W Resources: Preloaded drawable resource #0x1080257 (android:drawable/btn_toggle_on_disabled_holo_dark) that varies with configuration!!
11-23 01:53:46.540 10492 10492 W Resources: Preloaded drawable resource #0x1080250 (android:drawable/btn_toggle_off_normal_holo_dark) that varies with configuration!!
11-23 01:53:46.541 10492 10492 W Resources: Preloaded drawable resource #0x108024c (android:drawable/btn_toggle_off_disabled_holo_dark) that varies with configuration!!
11-23 01:53:46.541 10492 10492 W Resources: Preloaded drawable resource #0x1080252 (android:drawable/btn_toggle_off_pressed_holo_dark) that varies with configuration!!
11-23 01:53:46.542 10492 10492 W Resources: Preloaded drawable resource #0x108024e (android:drawable/btn_toggle_off_focused_holo_dark) that varies with configuration!!
11-23 01:53:46.543 10492 10492 W Resources: Preloaded drawable resource #0x1080250 (android:drawable/btn_toggle_off_normal_holo_dark) that varies with configuration!!
11-23 01:53:46.544 10492 10492 W Resources: Preloaded drawable resource #0x108024a (android:drawable/btn_toggle_off_disabled_focused_holo_dark) that varies with configuration!!
11-23 01:53:46.544 10492 10492 W Resources: Preloaded drawable resource #0x108024c (android:drawable/btn_toggle_off_disabled_holo_dark) that varies with configuration!!
11-23 01:53:46.545 10492 10492 W Resources: Preloaded drawable resource #0x1080245 (android:drawable/btn_toggle_holo_dark) that varies with configuration!!
11-23 01:53:46.549 10492 10492 I art     : Explicit concurrent mark sweep GC freed 528(343KB) AllocSpace objects, 0(0B) LOS objects, 66% free, 1911KB/5MB, paused 95us total 4.565ms
11-23 01:53:46.553 10492 10492 W Resources: Preloaded drawable resource #0x108071d (android:drawable/textfield_multiline_default_holo_light) that varies with configuration!!
11-23 01:53:46.555 10492 10492 W Resources: Preloaded drawable resource #0x1080721 (android:drawable/textfield_multiline_disabled_holo_light) that varies with configuration!!
11-23 01:53:46.555 10492 10492 W Resources: Preloaded drawable resource #0x108071b (android:drawable/textfield_multiline_activated_holo_light) that varies with configuration!!
11-23 01:53:46.556 10492 10492 W Resources: Preloaded drawable resource #0x1080723 (android:drawable/textfield_multiline_focused_holo_light) that varies with configuration!!
11-23 01:53:46.557 10492 10492 W Resources: Preloaded drawable resource #0x108071d (android:drawable/textfield_multiline_default_holo_light) that varies with configuration!!
11-23 01:53:46.558 10492 10492 W Resources: Preloaded drawable resource #0x108071f (android:drawable/textfield_multiline_disabled_focused_holo_light) that varies with configuration!!
11-23 01:53:46.558 10492 10492 W Resources: Preloaded drawable resource #0x1080721 (android:drawable/textfield_multiline_disabled_holo_light) that varies with configuration!!
11-23 01:53:46.559 10492 10492 W Resources: Preloaded drawable resource #0x108070f (android:drawable/textfield_default_holo_light) that varies with configuration!!
11-23 01:53:46.560 10492 10492 W Resources: Preloaded drawable resource #0x1080715 (android:drawable/textfield_disabled_holo_light) that varies with configuration!!
11-23 01:53:46.560 10492 10492 W Resources: Preloaded drawable resource #0x1080706 (android:drawable/textfield_activated_holo_light) that varies with configuration!!
11-23 01:53:46.561 10492 10492 W Resources: Preloaded drawable resource #0x1080718 (android:drawable/textfield_focused_holo_light) that varies with configuration!!
11-23 01:53:46.562 10492 10492 W Resources: Preloaded drawable resource #0x108070f (android:drawable/textfield_default_holo_light) that varies with configuration!!
11-23 01:53:46.563 10492 10492 W Resources: Preloaded drawable resource #0x1080713 (android:drawable/textfield_disabled_focused_holo_light) that varies with configuration!!
11-23 01:53:46.564 10492 10492 W Resources: Preloaded drawable resource #0x1080715 (android:drawable/textfield_disabled_holo_light) that varies with configuration!!
11-23 01:53:46.564 10492 10492 W Resources: Preloaded drawable resource #0x10802c6 (android:drawable/edit_text_holo_light) that varies with configuration!!
11-23 01:53:46.569 10492 10492 I art     : Explicit concurrent mark sweep GC freed 514(343KB) AllocSpace objects, 0(0B) LOS objects, 66% free, 1912KB/5MB, paused 95us total 4.508ms
11-23 01:53:46.570 10492 10492 W Resources: Preloaded drawable resource #0x108071c (android:drawable/textfield_multiline_default_holo_dark) that varies with configuration!!
11-23 01:53:46.571 10492 10492 W Resources: Preloaded drawable resource #0x1080720 (android:drawable/textfield_multiline_disabled_holo_dark) that varies with configuration!!
11-23 01:53:46.572 10492 10492 W Resources: Preloaded drawable resource #0x108071a (android:drawable/textfield_multiline_activated_holo_dark) that varies with configuration!!
11-23 01:53:46.572 10492 10492 W Resources: Preloaded drawable resource #0x1080722 (android:drawable/textfield_multiline_focused_holo_dark) that varies with configuration!!
11-23 01:53:46.573 10492 10492 W Resources: Preloaded drawable resource #0x108071c (android:drawable/textfield_multiline_default_holo_dark) that varies with configuration!!
11-23 01:53:46.574 10492 10492 W Resources: Preloaded drawable resource #0x108071e (android:drawable/textfield_multiline_disabled_focused_holo_dark) that varies with configuration!!
11-23 01:53:46.574 10492 10492 W Resources: Preloaded drawable resource #0x1080720 (android:drawable/textfield_multiline_disabled_holo_dark) that varies with configuration!!
11-23 01:53:46.575 10492 10492 W Resources: Preloaded drawable resource #0x108070e (android:drawable/textfield_default_holo_dark) that varies with configuration!!
11-23 01:53:46.576 10492 10492 W Resources: Preloaded drawable resource #0x1080714 (android:drawable/textfield_disabled_holo_dark) that varies with configuration!!
11-23 01:53:46.576 10492 10492 W Resources: Preloaded drawable resource #0x1080705 (android:drawable/textfield_activated_holo_dark) that varies with configuration!!
11-23 01:53:46.577 10492 10492 W Resources: Preloaded drawable resource #0x1080717 (android:drawable/textfield_focused_holo_dark) that varies with configuration!!
